Archive member included because of file (symbol)

contiki-sky.a(rimeaddr.o)     obj_sky/contiki-sky-main.o (rimeaddr_copy)
contiki-sky.a(nullrdc.o)      obj_sky/contiki-sky-main.o (nullrdc_driver)
contiki-sky.a(mac.o)          contiki-sky.a(nullrdc.o) (mac_call_sent_callback)
contiki-sky.a(framer-802154.o)
                              contiki-sky.a(nullrdc.o) (framer_802154)
contiki-sky.a(csma.o)         obj_sky/contiki-sky-main.o (csma_driver)
contiki-sky.a(process.o)      obj_sky/contiki-sky-main.o (process_init)
contiki-sky.a(autostart.o)    obj_sky/contiki-sky-main.o (autostart_start)
contiki-sky.a(memb.o)         contiki-sky.a(csma.o) (memb_init)
contiki-sky.a(timer.o)        obj_sky/contiki-sky-main.o (timer_set)
contiki-sky.a(list.o)         contiki-sky.a(csma.o) (list_init)
contiki-sky.a(etimer.o)       obj_sky/contiki-sky-main.o (etimer_process)
contiki-sky.a(ctimer.o)       obj_sky/contiki-sky-main.o (ctimer_init)
contiki-sky.a(energest.o)     obj_sky/contiki-sky-main.o (energest_init)
contiki-sky.a(rtimer.o)       obj_sky/contiki-sky-main.o (rtimer_init)
contiki-sky.a(random.o)       obj_sky/contiki-sky-main.o (random_init)
contiki-sky.a(packetbuf.o)    contiki-sky.a(framer-802154.o) (packetbuf_hdrreduce)
contiki-sky.a(queuebuf.o)     obj_sky/contiki-sky-main.o (queuebuf_init)
contiki-sky.a(sicslowpan.o)   obj_sky/contiki-sky-main.o (sicslowpan_driver)
contiki-sky.a(tcpip.o)        contiki-sky.a(sicslowpan.o) (tcpip_set_outputfunc)
contiki-sky.a(uip-ds6-route.o)
                              contiki-sky.a(tcpip.o) (uip_ds6_route_nexthop)
contiki-sky.a(uip-ds6-nbr.o)  contiki-sky.a(tcpip.o) (uip_ds6_nbr_add)
contiki-sky.a(uip-ds6.o)      contiki-sky.a(tcpip.o) (uip_ds6_is_addr_onlink)
contiki-sky.a(uip-nd6.o)      contiki-sky.a(tcpip.o) (uip_nd6_ns_output)
contiki-sky.a(uip6.o)         contiki-sky.a(sicslowpan.o) (uip_aligned_buf)
contiki-sky.a(er-coap-13-engi)
                              temperature-sensor.co (coap_rest_implementation)
contiki-sky.a(er-coap-13-tran)
                              contiki-sky.a(er-coap-13-engi) (coap_register_as_transaction_handler)
contiki-sky.a(er-coap-13-obse)
                              contiki-sky.a(er-coap-13-tran) (coap_remove_observer_by_client)
contiki-sky.a(erbium.o)       temperature-sensor.co (rest_init_engine)
contiki-sky.a(contiki-sky-pla)
                              obj_sky/contiki-sky-main.o (init_platform)
contiki-sky.a(sht11-sensor.o)
                              temperature-sensor.co (sht11_sensor)
contiki-sky.a(button-sensor.o)
                              contiki-sky.a(contiki-sky-pla) (button_sensor)
contiki-sky.a(ds2411.o)       obj_sky/contiki-sky-main.o (ds2411_init)
contiki-sky.a(xmem.o)         obj_sky/contiki-sky-main.o (xmem_init)
contiki-sky.a(node-id.o)      obj_sky/contiki-sky-main.o (node_id_restore)
contiki-sky.a(sensors.o)      contiki-sky.a(button-sensor.o) (sensors_changed)
contiki-sky.a(cc2420.o)       obj_sky/contiki-sky-main.o (cc2420_set_pan_addr)
contiki-sky.a(cc2420-arch.o)  contiki-sky.a(cc2420.o) (cc2420_arch_init)
contiki-sky.a(uart1.o)        obj_sky/contiki-sky-main.o (uart1_active)
contiki-sky.a(uart1-putchar.o)
                              obj_sky/contiki-sky-main.o (putchar)
contiki-sky.a(msp430.o)       contiki-sky.a(uart1.o) (msp430_add_lpm_req)
contiki-sky.a(clock.o)        contiki-sky.a(timer.o) (clock_time)
contiki-sky.a(leds.o)         obj_sky/contiki-sky-main.o (leds_init)
contiki-sky.a(leds-arch.o)    contiki-sky.a(leds.o) (leds_arch_init)
contiki-sky.a(watchdog.o)     obj_sky/contiki-sky-main.o (watchdog_start)
contiki-sky.a(rtimer-arch.o)  contiki-sky.a(rtimer.o) (rtimer_arch_init)
contiki-sky.a(frame802154.o)  contiki-sky.a(framer-802154.o) (frame802154_hdrlen)
contiki-sky.a(rpl.o)          contiki-sky.a(uip-ds6-nbr.o) (rpl_link_neighbor_callback)
contiki-sky.a(rpl-dag.o)      contiki-sky.a(rpl.o) (rpl_dag_init)
contiki-sky.a(rpl-icmp6.o)    contiki-sky.a(rpl.o) (dao_output_target)
contiki-sky.a(rpl-timers.o)   contiki-sky.a(rpl.o) (rpl_reset_periodic_timer)
contiki-sky.a(rpl-mrhof.o)    contiki-sky.a(rpl-dag.o) (rpl_mrhof)
contiki-sky.a(rpl-ext-header.)
                              contiki-sky.a(uip6.o) (rpl_verify_header)
contiki-sky.a(stimer.o)       contiki-sky.a(tcpip.o) (stimer_set)
contiki-sky.a(nbr-table.o)    contiki-sky.a(uip-ds6-route.o) (nbr_table_register)
contiki-sky.a(uip-debug.o)    contiki-sky.a(uip-ds6-route.o) (uip_debug_ipaddr_print)
contiki-sky.a(uip-icmp6.o)    contiki-sky.a(uip6.o) (uip_icmp6_echo_request_input)
contiki-sky.a(er-coap-13.o)   contiki-sky.a(er-coap-13-engi) (coap_init_connection)
contiki-sky.a(sht11.o)        contiki-sky.a(sht11-sensor.o) (sht11_init)
contiki-sky.a(spi.o)          contiki-sky.a(xmem.o) (spi_init)
contiki-sky.a(uip-udp-packet.)
                              contiki-sky.a(er-coap-13.o) (uip_udp_packet_send)
/usr/lib/gcc/msp430/4.6.3/mmpy-16/libgcc.a(_mulsi3.o)
                              contiki-sky.a(csma.o) (__mulsi3)
[...]
Memory Configuration

Name             Origin             Length             Attributes
sfr              0x0000000000000000 0x0000000000000010
peripheral_8bit  0x0000000000000010 0x00000000000000f0
peripheral_16bit 0x0000000000000100 0x0000000000000100
ram_mirror       0x0000000000000200 0x0000000000000800 xw
infomem          0x0000000000001000 0x0000000000000100
infob            0x0000000000001000 0x0000000000000080
infoa            0x0000000000001080 0x0000000000000080
ram              0x0000000000001100 0x0000000000002800 xw
rom              0x0000000000004000 0x000000000000bfe0 xr
vectors          0x000000000000ffe0 0x0000000000000020
bsl              0x0000000000000000 0x0000000000000000
infoc            0x0000000000000000 0x0000000000000000
infod            0x0000000000000000 0x0000000000000000
ram2             0x0000000000000000 0x0000000000000000 xw
usbram           0x0000000000000000 0x0000000000000000 xw
far_rom          0x0000000000000000 0x0000000000000000
*default*        0x0000000000000000 0xffffffffffffffff

Linker script and memory map

LOAD /usr/lib/gcc/msp430/4.6.3/mmpy-16/crt0ivtbl16.o
LOAD temperature-sensor.co
LOAD obj_sky/contiki-sky-main.o
LOAD contiki-sky.a
LOAD /usr/lib/gcc/msp430/4.6.3/mmpy-16/libgcc.a
LOAD /usr/lib/gcc/msp430/4.6.3/../../../../msp430/lib/mmpy-16/libc.a
LOAD /usr/lib/gcc/msp430/4.6.3/mmpy-16/libgcc.a
LOAD /usr/lib/gcc/msp430/4.6.3/mmpy-16/libcrt0.a
                0x0000000000000080                PROVIDE (__info_segment_size, 0x80)
                0x0000000000001000                PROVIDE (__infob, 0x1000)
                0x0000000000001080                PROVIDE (__infoa, 0x1080)
                0x0000000000000000                __IE1 = 0x0
                0x0000000000000002                __IFG1 = 0x2
                0x0000000000000004                __ME1 = 0x4
                0x0000000000000001                __IE2 = 0x1
                0x0000000000000003                __IFG2 = 0x3
                0x0000000000000005                __ME2 = 0x5
                0x0000000000000120                __WDTCTL = 0x120
                0x0000000000000130                __MPY = 0x130
                0x0000000000000132                __MPYS = 0x132
                0x0000000000000134                __MAC = 0x134
                0x0000000000000136                __MACS = 0x136
                0x0000000000000138                __OP2 = 0x138
                0x000000000000013a                __RESLO = 0x13a
                0x000000000000013c                __RESHI = 0x13c
                0x000000000000013e                __SUMEXT = 0x13e
                0x0000000000000020                __P1IN = 0x20
                0x0000000000000021                __P1OUT = 0x21
                0x0000000000000022                __P1DIR = 0x22
                0x0000000000000023                __P1IFG = 0x23
                0x0000000000000024                __P1IES = 0x24
                0x0000000000000025                __P1IE = 0x25
                0x0000000000000026                __P1SEL = 0x26
                0x0000000000000028                __P2IN = 0x28
                0x0000000000000029                __P2OUT = 0x29
                0x000000000000002a                __P2DIR = 0x2a
                0x000000000000002b                __P2IFG = 0x2b
                0x000000000000002c                __P2IES = 0x2c
                0x000000000000002d                __P2IE = 0x2d
                0x000000000000002e                __P2SEL = 0x2e
                0x0000000000000018                __P3IN = 0x18
                0x0000000000000019                __P3OUT = 0x19
                0x000000000000001a                __P3DIR = 0x1a
                0x000000000000001b                __P3SEL = 0x1b
                0x000000000000001c                __P4IN = 0x1c
                0x000000000000001d                __P4OUT = 0x1d
                0x000000000000001e                __P4DIR = 0x1e
                0x000000000000001f                __P4SEL = 0x1f
                0x0000000000000030                __P5IN = 0x30
                0x0000000000000031                __P5OUT = 0x31
                0x0000000000000032                __P5DIR = 0x32
                0x0000000000000033                __P5SEL = 0x33
                0x0000000000000034                __P6IN = 0x34
                0x0000000000000035                __P6OUT = 0x35
                0x0000000000000036                __P6DIR = 0x36
                0x0000000000000037                __P6SEL = 0x37
                0x0000000000000070                __U0CTL = 0x70
                0x0000000000000071                __U0TCTL = 0x71
                0x0000000000000072                __U0RCTL = 0x72
                0x0000000000000073                __U0MCTL = 0x73
                0x0000000000000074                __U0BR0 = 0x74
                0x0000000000000075                __U0BR1 = 0x75
                0x0000000000000076                __U0RXBUF = 0x76
                0x0000000000000077                __U0TXBUF = 0x77
                0x0000000000000078                __U1CTL = 0x78
                0x0000000000000079                __U1TCTL = 0x79
                0x000000000000007a                __U1RCTL = 0x7a
                0x000000000000007b                __U1MCTL = 0x7b
                0x000000000000007c                __U1BR0 = 0x7c
                0x000000000000007d                __U1BR1 = 0x7d
                0x000000000000007e                __U1RXBUF = 0x7e
                0x000000000000007f                __U1TXBUF = 0x7f
                0x0000000000000050                __I2CIE = 0x50
                0x0000000000000051                __I2CIFG = 0x51
                0x0000000000000052                __I2CNDAT = 0x52
                0x0000000000000071                __I2CTCTL = 0x71
                0x0000000000000072                __I2CDCTL = 0x72
                0x0000000000000073                __I2CPSC = 0x73
                0x0000000000000074                __I2CSCLH = 0x74
                0x0000000000000075                __I2CSCLL = 0x75
                0x0000000000000076                __I2CDRB = 0x76
                0x0000000000000076                __I2CDRW = 0x76
                0x0000000000000118                __I2COA = 0x118
                0x000000000000011a                __I2CSA = 0x11a
                0x000000000000011c                __I2CIV = 0x11c
                0x000000000000012e                __TAIV = 0x12e
                0x0000000000000160                __TACTL = 0x160
                0x0000000000000162                __TACCTL0 = 0x162
                0x0000000000000164                __TACCTL1 = 0x164
                0x0000000000000166                __TACCTL2 = 0x166
                0x0000000000000170                __TAR = 0x170
                0x0000000000000172                __TACCR0 = 0x172
                0x0000000000000174                __TACCR1 = 0x174
                0x0000000000000176                __TACCR2 = 0x176
                0x000000000000011e                __TBIV = 0x11e
                0x0000000000000180                __TBCTL = 0x180
                0x0000000000000182                __TBCCTL0 = 0x182
                0x0000000000000184                __TBCCTL1 = 0x184
                0x0000000000000186                __TBCCTL2 = 0x186
                0x0000000000000188                __TBCCTL3 = 0x188
                0x000000000000018a                __TBCCTL4 = 0x18a
                0x000000000000018c                __TBCCTL5 = 0x18c
                0x000000000000018e                __TBCCTL6 = 0x18e
                0x0000000000000190                __TBR = 0x190
                0x0000000000000192                __TBCCR0 = 0x192
                0x0000000000000194                __TBCCR1 = 0x194
                0x0000000000000196                __TBCCR2 = 0x196
                0x0000000000000198                __TBCCR3 = 0x198
                0x000000000000019a                __TBCCR4 = 0x19a
                0x000000000000019c                __TBCCR5 = 0x19c
                0x000000000000019e                __TBCCR6 = 0x19e
                0x0000000000000056                __DCOCTL = 0x56
                0x0000000000000057                __BCSCTL1 = 0x57
                0x0000000000000058                __BCSCTL2 = 0x58
                0x0000000000000055                __SVSCTL = 0x55
                0x0000000000000128                __FCTL1 = 0x128
                0x000000000000012a                __FCTL2 = 0x12a
                0x000000000000012c                __FCTL3 = 0x12c
                0x0000000000000059                __CACTL1 = 0x59
                0x000000000000005a                __CACTL2 = 0x5a
                0x000000000000005b                __CAPD = 0x5b
                0x00000000000001a0                __ADC12CTL0 = 0x1a0
                0x00000000000001a2                __ADC12CTL1 = 0x1a2
                0x00000000000001a4                __ADC12IFG = 0x1a4
                0x00000000000001a6                __ADC12IE = 0x1a6
                0x00000000000001a8                __ADC12IV = 0x1a8
                0x0000000000000140                __ADC12MEM0 = 0x140
                0x0000000000000142                __ADC12MEM1 = 0x142
                0x0000000000000144                __ADC12MEM2 = 0x144
                0x0000000000000146                __ADC12MEM3 = 0x146
                0x0000000000000148                __ADC12MEM4 = 0x148
                0x000000000000014a                __ADC12MEM5 = 0x14a
                0x000000000000014c                __ADC12MEM6 = 0x14c
                0x000000000000014e                __ADC12MEM7 = 0x14e
                0x0000000000000150                __ADC12MEM8 = 0x150
                0x0000000000000152                __ADC12MEM9 = 0x152
                0x0000000000000154                __ADC12MEM10 = 0x154
                0x0000000000000156                __ADC12MEM11 = 0x156
                0x0000000000000158                __ADC12MEM12 = 0x158
                0x000000000000015a                __ADC12MEM13 = 0x15a
                0x000000000000015c                __ADC12MEM14 = 0x15c
                0x000000000000015e                __ADC12MEM15 = 0x15e
                0x0000000000000080                __ADC12MCTL0 = 0x80
                0x0000000000000081                __ADC12MCTL1 = 0x81
                0x0000000000000082                __ADC12MCTL2 = 0x82
                0x0000000000000083                __ADC12MCTL3 = 0x83
                0x0000000000000084                __ADC12MCTL4 = 0x84
                0x0000000000000085                __ADC12MCTL5 = 0x85
                0x0000000000000086                __ADC12MCTL6 = 0x86
                0x0000000000000087                __ADC12MCTL7 = 0x87
                0x0000000000000088                __ADC12MCTL8 = 0x88
                0x0000000000000089                __ADC12MCTL9 = 0x89
                0x000000000000008a                __ADC12MCTL10 = 0x8a
                0x000000000000008b                __ADC12MCTL11 = 0x8b
                0x000000000000008c                __ADC12MCTL12 = 0x8c
                0x000000000000008d                __ADC12MCTL13 = 0x8d
                0x000000000000008e                __ADC12MCTL14 = 0x8e
                0x000000000000008f                __ADC12MCTL15 = 0x8f
                0x00000000000001c0                __DAC12_0CTL = 0x1c0
                0x00000000000001c2                __DAC12_1CTL = 0x1c2
                0x00000000000001c8                __DAC12_0DAT = 0x1c8
                0x00000000000001ca                __DAC12_1DAT = 0x1ca
                0x0000000000000122                __DMACTL0 = 0x122
                0x0000000000000124                __DMACTL1 = 0x124
                0x00000000000001e0                __DMA0CTL = 0x1e0
                0x00000000000001e8                __DMA1CTL = 0x1e8
                0x00000000000001f0                __DMA2CTL = 0x1f0
                0x00000000000001e2                __DMA0SA = 0x1e2
                0x00000000000001e4                __DMA0DA = 0x1e4
                0x00000000000001e6                __DMA0SZ = 0x1e6
                0x00000000000001ea                __DMA1SA = 0x1ea
                0x00000000000001ec                __DMA1DA = 0x1ec
                0x00000000000001ee                __DMA1SZ = 0x1ee
                0x00000000000001f2                __DMA2SA = 0x1f2
                0x00000000000001f4                __DMA2DA = 0x1f4
                0x00000000000001f6                __DMA2SZ = 0x1f6

.hash
 *(.hash)

.dynsym
 *(.dynsym)

.dynstr
 *(.dynstr)

.gnu.version
 *(.gnu.version)

.gnu.version_d
 *(.gnu.version_d)

.gnu.version_r
 *(.gnu.version_r)

.rel.init
 *(.rel.init)

.rela.init
 *(.rela.init)

.rel.fini
 *(.rel.fini)

.rela.fini
 *(.rela.fini)

.rel.text
 *(.rel.text .rel.text.* .rel.gnu.linkonce.t.*)

.rela.text
 *(.rela.text .rela.text.* .rela.gnu.linkonce.t.*)

.rel.rodata
 *(.rel.rodata .rel.rodata.* .rel.gnu.linkonce.r.*)

.rela.rodata
 *(.rela.rodata .rela.rodata.* .rela.gnu.linkonce.r.*)

.rel.data
 *(.rel.data .rel.data.* .rel.gnu.linkonce.d.*)

.rela.data
 *(.rela.data .rela.data.* .rela.gnu.linkonce.d.*)

.rel.bss
 *(.rel.bss .rel.bss.* .rel.gnu.linkonce.b.*)

.rela.bss
 *(.rela.bss .rela.bss.* .rela.gnu.linkonce.b.*)

.rel.ctors
 *(.rel.ctors)

.rela.ctors
 *(.rela.ctors)

.rel.dtors
 *(.rel.dtors)

.rela.dtors
 *(.rela.dtors)

.rel.got
 *(.rel.got)

.rela.got
 *(.rela.got)

.rel.plt
 *(.rel.plt)

.rela.plt
 *(.rela.plt)

.text           0x0000000000004000     0xb95c
                0x0000000000004000                . = ALIGN (0x2)
 *(.init .init.*)
 *(.init0)
 .init0         0x0000000000004000        0x0 /usr/lib/gcc/msp430/4.6.3/mmpy-16/libcrt0.a(_reset_vector__.o)
                0x0000000000004000                _reset_vector__
 *(.init1)
 .init1         0x0000000000004000        0xc /usr/lib/gcc/msp430/4.6.3/mmpy-16/libcrt0.a(__watchdog_support.o)
                0x0000000000004000                __watchdog_support
 *(.init2)
 .init2         0x000000000000400c        0x4 /usr/lib/gcc/msp430/4.6.3/mmpy-16/libcrt0.a(__init_stack.o)
                0x000000000000400c                __init_stack
 *(.init3)
 .init3         0x0000000000004010        0x0 /usr/lib/gcc/msp430/4.6.3/mmpy-16/libcrt0.a(__low_level_init.o)
                0x0000000000004010                __low_level_init
 *(.init4)
 .init4         0x0000000000004010       0x18 /usr/lib/gcc/msp430/4.6.3/mmpy-16/libcrt0.a(_copy_data.o)
                0x0000000000004010                __do_copy_data
 .init4         0x0000000000004028       0x16 /usr/lib/gcc/msp430/4.6.3/mmpy-16/libcrt0.a(_clear_bss.o)
                0x0000000000004028                __do_clear_bss
 *(.init5)
 *(.init6)
 *(.init7)
 *(.init8)
 *(.init9)
 .init9         0x000000000000403e      0x360 obj_sky/contiki-sky-main.o
                0x000000000000403e                main
 *(.fini9)
 .fini9         0x000000000000439e        0x0 /usr/lib/gcc/msp430/4.6.3/mmpy-16/libcrt0.a(__stop_progExec__.o)
                0x000000000000439e                __stop_progExec__
 *(.fini8)
 *(.fini7)
 *(.fini6)
 *(.fini5)
 *(.fini4)
 *(.fini3)
 *(.fini2)
 *(.fini1)
 *(.fini0)
 .fini0         0x000000000000439e        0x6 /usr/lib/gcc/msp430/4.6.3/mmpy-16/libcrt0.a(_endless_loop__.o)
                0x000000000000439e                _endless_loop__
 *(.fini .fini.*)
                0x00000000000043a4                . = ALIGN (0x2)
                0x00000000000043a4                __ctors_start = .
 *(.ctors)
                0x00000000000043a4                __ctors_end = .
                0x00000000000043a4                __dtors_start = .
 *(.dtors)
                0x00000000000043a4                __dtors_end = .
                0x00000000000043a4                . = ALIGN (0x2)
 *(.text .text.* .gnu.linkonce.t.*)
 .text          0x00000000000043a4        0x4 /usr/lib/gcc/msp430/4.6.3/mmpy-16/crt0ivtbl16.o
                0x00000000000043a4                __isr_14
                0x00000000000043a4                __isr_11
                0x00000000000043a4                __isr_2
                0x00000000000043a4                __isr_7
                0x00000000000043a4                __isr_0
                0x00000000000043a4                __isr_8
                0x00000000000043a4                __isr_3
                0x00000000000043a4                __isr_12
                0x00000000000043a4                __isr_13
                0x00000000000043a4                __isr_9
 .text.process_thread_temperature_sensor
                0x00000000000043a8       0x2c temperature-sensor.co
 .text.temperature_handler
                0x00000000000043d4       0x64 temperature-sensor.co
                0x00000000000043d4                temperature_handler
 .text.rimeaddr_copy
                0x0000000000004438        0x8 contiki-sky.a(rimeaddr.o)
                0x0000000000004438                rimeaddr_copy
 .text.rimeaddr_cmp
                0x0000000000004440       0x12 contiki-sky.a(rimeaddr.o)
                0x0000000000004440                rimeaddr_cmp
 .text.rimeaddr_set_node_addr
                0x0000000000004452        0xc contiki-sky.a(rimeaddr.o)
                0x0000000000004452                rimeaddr_set_node_addr
 .text.on       0x000000000000445e        0x6 contiki-sky.a(nullrdc.o)
 .text.channel_check_interval
                0x0000000000004464        0x4 contiki-sky.a(nullrdc.o)
 .text.init     0x0000000000004468        0x6 contiki-sky.a(nullrdc.o)
 .text.send_one_packet
                0x000000000000446e       0x6a contiki-sky.a(nullrdc.o)
 .text.send_list
                0x00000000000044d8       0x30 contiki-sky.a(nullrdc.o)
 .text.send_packet
                0x0000000000004508        0x6 contiki-sky.a(nullrdc.o)
 .text.off      0x000000000000450e       0x10 contiki-sky.a(nullrdc.o)
 .text.packet_input
                0x000000000000451e       0x36 contiki-sky.a(nullrdc.o)
 .text.mac_call_sent_callback
                0x0000000000004554       0x14 contiki-sky.a(mac.o)
                0x0000000000004554                mac_call_sent_callback
 .text.parse    0x0000000000004568       0xa4 contiki-sky.a(framer-802154.o)
 .text.create   0x000000000000460c      0x10e contiki-sky.a(framer-802154.o)
 .text.input_packet
                0x000000000000471a        0x6 contiki-sky.a(csma.o)
 .text.on       0x0000000000004720        0x6 contiki-sky.a(csma.o)
 .text.off      0x0000000000004726        0x6 contiki-sky.a(csma.o)
 .text.channel_check_interval
                0x000000000000472c       0x10 contiki-sky.a(csma.o)
 .text.transmit_packet_list
                0x000000000000473c       0x24 contiki-sky.a(csma.o)
 .text.send_packet
                0x0000000000004760      0x176 contiki-sky.a(csma.o)
 .text.init     0x00000000000048d6       0x1a contiki-sky.a(csma.o)
 .text.free_packet
                0x00000000000048f0       0x9c contiki-sky.a(csma.o)
 .text.packet_sent
                0x000000000000498c      0x130 contiki-sky.a(csma.o)
 .text.call_process
                0x0000000000004abc       0x4a contiki-sky.a(process.o)
 .text.exit_process
                0x0000000000004b06       0x96 contiki-sky.a(process.o)
 .text.do_poll  0x0000000000004b9c       0x30 contiki-sky.a(process.o)
 .text.process_alloc_event
                0x0000000000004bcc        0xe contiki-sky.a(process.o)
                0x0000000000004bcc                process_alloc_event
 .text.process_init
                0x0000000000004bda       0x1c contiki-sky.a(process.o)
                0x0000000000004bda                process_init
 .text.process_run
                0x0000000000004bf6       0xa2 contiki-sky.a(process.o)
                0x0000000000004bf6                process_run
 .text.process_nevents
                0x0000000000004c98        0xe contiki-sky.a(process.o)
                0x0000000000004c98                process_nevents
 .text.process_post
                0x0000000000004ca6       0x54 contiki-sky.a(process.o)
                0x0000000000004ca6                process_post
 .text.process_post_synch
                0x0000000000004cfa       0x12 contiki-sky.a(process.o)
                0x0000000000004cfa                process_post_synch
 .text.process_start
                0x0000000000004d0c       0x32 contiki-sky.a(process.o)
                0x0000000000004d0c                process_start
 .text.process_poll
                0x0000000000004d3e       0x18 contiki-sky.a(process.o)
                0x0000000000004d3e                process_poll
 .text.autostart_start
                0x0000000000004d56       0x16 contiki-sky.a(autostart.o)
                0x0000000000004d56                autostart_start
 .text.memb_init
                0x0000000000004d6c       0x36 contiki-sky.a(memb.o)
                0x0000000000004d6c                memb_init
 .text.memb_alloc
                0x0000000000004da2       0x3e contiki-sky.a(memb.o)
                0x0000000000004da2                memb_alloc
 .text.memb_free
                0x0000000000004de0       0x3a contiki-sky.a(memb.o)
                0x0000000000004de0                memb_free
 .text.memb_inmemb
                0x0000000000004e1a       0x2e contiki-sky.a(memb.o)
                0x0000000000004e1a                memb_inmemb
 .text.timer_set
                0x0000000000004e48       0x1c contiki-sky.a(timer.o)
                0x0000000000004e48                timer_set
 .text.timer_reset
                0x0000000000004e64        0xe contiki-sky.a(timer.o)
                0x0000000000004e64                timer_reset
 .text.timer_restart
                0x0000000000004e72       0x14 contiki-sky.a(timer.o)
                0x0000000000004e72                timer_restart
 .text.timer_expired
                0x0000000000004e86       0x2a contiki-sky.a(timer.o)
                0x0000000000004e86                timer_expired
 .text.list_init
                0x0000000000004eb0        0x6 contiki-sky.a(list.o)
                0x0000000000004eb0                list_init
 .text.list_head
                0x0000000000004eb6        0x4 contiki-sky.a(list.o)
                0x0000000000004eb6                list_head
 .text.list_tail
                0x0000000000004eba       0x12 contiki-sky.a(list.o)
                0x0000000000004eba                list_tail
 .text.list_remove
                0x0000000000004ecc       0x34 contiki-sky.a(list.o)
                0x0000000000004ecc                list_remove
 .text.list_push
                0x0000000000004f00       0x1a contiki-sky.a(list.o)
                0x0000000000004f00                list_push
 .text.list_add
                0x0000000000004f1a       0x2a contiki-sky.a(list.o)
                0x0000000000004f1a                list_add
 .text.list_length
                0x0000000000004f44       0x10 contiki-sky.a(list.o)
                0x0000000000004f44                list_length
 .text.list_item_next
                0x0000000000004f54        0xc contiki-sky.a(list.o)
                0x0000000000004f54                list_item_next
 .text.update_time
                0x0000000000004f60       0x78 contiki-sky.a(etimer.o)
 .text.etimer_request_poll
                0x0000000000004fd8        0xa contiki-sky.a(etimer.o)
                0x0000000000004fd8                etimer_request_poll
 .text.process_thread_etimer_process
                0x0000000000004fe2       0xc8 contiki-sky.a(etimer.o)
 .text.add_timer
                0x00000000000050aa       0x40 contiki-sky.a(etimer.o)
 .text.etimer_set
                0x00000000000050ea       0x12 contiki-sky.a(etimer.o)
                0x00000000000050ea                etimer_set
 .text.etimer_reset
                0x00000000000050fc       0x12 contiki-sky.a(etimer.o)
                0x00000000000050fc                etimer_reset
 .text.etimer_restart
                0x000000000000510e       0x12 contiki-sky.a(etimer.o)
                0x000000000000510e                etimer_restart
 .text.etimer_expired
                0x0000000000005120        0xe contiki-sky.a(etimer.o)
                0x0000000000005120                etimer_expired
 .text.etimer_expiration_time
                0x000000000000512e       0x14 contiki-sky.a(etimer.o)
                0x000000000000512e                etimer_expiration_time
 .text.etimer_pending
                0x0000000000005142        0xc contiki-sky.a(etimer.o)
                0x0000000000005142                etimer_pending
 .text.etimer_next_expiration_time
                0x000000000000514e       0x16 contiki-sky.a(etimer.o)
                0x000000000000514e                etimer_next_expiration_time
 .text.etimer_stop
                0x0000000000005164       0x3c contiki-sky.a(etimer.o)
                0x0000000000005164                etimer_stop
 .text.process_thread_ctimer_process
                0x00000000000051a0       0xa4 contiki-sky.a(ctimer.o)
 .text.ctimer_init
                0x0000000000005244       0x18 contiki-sky.a(ctimer.o)
                0x0000000000005244                ctimer_init
 .text.ctimer_set
                0x000000000000525c       0x5a contiki-sky.a(ctimer.o)
                0x000000000000525c                ctimer_set
 .text.ctimer_reset
                0x00000000000052b6       0x3a contiki-sky.a(ctimer.o)
                0x00000000000052b6                ctimer_reset
 .text.ctimer_stop
                0x00000000000052f0       0x28 contiki-sky.a(ctimer.o)
                0x00000000000052f0                ctimer_stop
 .text.energest_init
                0x0000000000005318       0x28 contiki-sky.a(energest.o)
                0x0000000000005318                energest_init
 .text.energest_type_time
                0x0000000000005340       0x46 contiki-sky.a(energest.o)
                0x0000000000005340                energest_type_time
 .text.energest_type_set
                0x0000000000005386        0xe contiki-sky.a(energest.o)
                0x0000000000005386                energest_type_set
 .text.energest_flush
                0x0000000000005394       0x48 contiki-sky.a(energest.o)
                0x0000000000005394                energest_flush
 .text.rtimer_init
                0x00000000000053dc        0x6 contiki-sky.a(rtimer.o)
                0x00000000000053dc                rtimer_init
 .text.rtimer_run_next
                0x00000000000053e2       0x26 contiki-sky.a(rtimer.o)
                0x00000000000053e2                rtimer_run_next
 .text.random_init
                0x0000000000005408        0x6 contiki-sky.a(random.o)
                0x0000000000005408                random_init
 .text.random_rand
                0x000000000000540e        0x6 contiki-sky.a(random.o)
                0x000000000000540e                random_rand
 .text.packetbuf_copyto_hdr
                0x0000000000005414       0x1c contiki-sky.a(packetbuf.o)
                0x0000000000005414                packetbuf_copyto_hdr
 .text.packetbuf_copyto
                0x0000000000005430       0x52 contiki-sky.a(packetbuf.o)
                0x0000000000005430                packetbuf_copyto
 .text.packetbuf_hdrreduce
                0x0000000000005482       0x1a contiki-sky.a(packetbuf.o)
                0x0000000000005482                packetbuf_hdrreduce
 .text.packetbuf_set_datalen
                0x000000000000549c        0x6 contiki-sky.a(packetbuf.o)
                0x000000000000549c                packetbuf_set_datalen
 .text.packetbuf_dataptr
                0x00000000000054a2        0xe contiki-sky.a(packetbuf.o)
                0x00000000000054a2                packetbuf_dataptr
 .text.packetbuf_hdrptr
                0x00000000000054b0        0xa contiki-sky.a(packetbuf.o)
                0x00000000000054b0                packetbuf_hdrptr
 .text.packetbuf_is_reference
                0x00000000000054ba        0xe contiki-sky.a(packetbuf.o)
                0x00000000000054ba                packetbuf_is_reference
 .text.packetbuf_reference_ptr
                0x00000000000054c8        0x6 contiki-sky.a(packetbuf.o)
                0x00000000000054c8                packetbuf_reference_ptr
 .text.packetbuf_datalen
                0x00000000000054ce        0x6 contiki-sky.a(packetbuf.o)
                0x00000000000054ce                packetbuf_datalen
 .text.packetbuf_totlen
                0x00000000000054d4       0x10 contiki-sky.a(packetbuf.o)
                0x00000000000054d4                packetbuf_totlen
 .text.packetbuf_hdralloc
                0x00000000000054e4       0x2e contiki-sky.a(packetbuf.o)
                0x00000000000054e4                packetbuf_hdralloc
 .text.packetbuf_attr_clear
                0x0000000000005512       0x30 contiki-sky.a(packetbuf.o)
                0x0000000000005512                packetbuf_attr_clear
 .text.packetbuf_clear
                0x0000000000005542       0x1a contiki-sky.a(packetbuf.o)
                0x0000000000005542                packetbuf_clear
 .text.packetbuf_copyfrom
                0x000000000000555c       0x2e contiki-sky.a(packetbuf.o)
                0x000000000000555c                packetbuf_copyfrom
 .text.packetbuf_attr_copyto
                0x000000000000558a       0x22 contiki-sky.a(packetbuf.o)
                0x000000000000558a                packetbuf_attr_copyto
 .text.packetbuf_attr_copyfrom
                0x00000000000055ac       0x24 contiki-sky.a(packetbuf.o)
                0x00000000000055ac                packetbuf_attr_copyfrom
 .text.queuebuf_init
                0x00000000000055d0       0x1a contiki-sky.a(queuebuf.o)
                0x00000000000055d0                queuebuf_init
 .text.queuebuf_new_from_packetbuf
                0x00000000000055ea       0x7e contiki-sky.a(queuebuf.o)
                0x00000000000055ea                queuebuf_new_from_packetbuf
 .text.queuebuf_update_attr_from_packetbuf
                0x0000000000005668       0x12 contiki-sky.a(queuebuf.o)
                0x0000000000005668                queuebuf_update_attr_from_packetbuf
 .text.queuebuf_free
                0x000000000000567a       0x40 contiki-sky.a(queuebuf.o)
                0x000000000000567a                queuebuf_free
 .text.queuebuf_to_packetbuf
                0x00000000000056ba       0x6e contiki-sky.a(queuebuf.o)
                0x00000000000056ba                queuebuf_to_packetbuf
 .text.queuebuf_attr
                0x0000000000005728        0xe contiki-sky.a(queuebuf.o)
                0x0000000000005728                queuebuf_attr
 .text.set_packet_attrs
                0x0000000000005736       0x44 contiki-sky.a(sicslowpan.o)
 .text.addr_context_lookup_by_number
                0x000000000000577a       0x36 contiki-sky.a(sicslowpan.o)
 .text.compress_addr_64
                0x00000000000057b0       0xae contiki-sky.a(sicslowpan.o)
 .text.uncompress_addr
                0x000000000000585e       0xb4 contiki-sky.a(sicslowpan.o)
 .text.input    0x0000000000005912      0x65c contiki-sky.a(sicslowpan.o)
 .text.sicslowpan_init
                0x0000000000005f6e       0x26 contiki-sky.a(sicslowpan.o)
                0x0000000000005f6e                sicslowpan_init
 .text.addr_context_lookup_by_prefix
                0x0000000000005f94       0x4c contiki-sky.a(sicslowpan.o)
 .text.send_packet
                0x0000000000005fe0       0x1a contiki-sky.a(sicslowpan.o)
 .text.output   0x0000000000005ffa      0x6f2 contiki-sky.a(sicslowpan.o)
 .text.packet_sent
                0x00000000000066ec       0x22 contiki-sky.a(sicslowpan.o)
 .text.tcpip_output
                0x000000000000670e       0x10 contiki-sky.a(tcpip.o)
                0x000000000000670e                tcpip_output
 .text.tcpip_set_outputfunc
                0x000000000000671e        0x6 contiki-sky.a(tcpip.o)
                0x000000000000671e                tcpip_set_outputfunc
 .text.udp_new  0x0000000000006724       0x1a contiki-sky.a(tcpip.o)
                0x0000000000006724                udp_new
 .text.tcpip_input
                0x000000000000673e       0x16 contiki-sky.a(tcpip.o)
                0x000000000000673e                tcpip_input
 .text.tcpip_ipv6_output
                0x0000000000006754      0x148 contiki-sky.a(tcpip.o)
                0x0000000000006754                tcpip_ipv6_output
 .text.process_thread_tcpip_process
                0x000000000000689c       0xd0 contiki-sky.a(tcpip.o)
 .text.tcpip_uipcall
                0x000000000000696c       0x2a contiki-sky.a(tcpip.o)
                0x000000000000696c                tcpip_uipcall
 .text.call_route_callback
                0x0000000000006996       0x4c contiki-sky.a(uip-ds6-route.o)
 .text.uip_ds6_route_init
                0x00000000000069e2       0x36 contiki-sky.a(uip-ds6-route.o)
                0x00000000000069e2                uip_ds6_route_init
 .text.uip_ds6_route_nexthop
                0x0000000000006a18       0x1a contiki-sky.a(uip-ds6-route.o)
                0x0000000000006a18                uip_ds6_route_nexthop
 .text.uip_ds6_route_head
                0x0000000000006a32        0xa contiki-sky.a(uip-ds6-route.o)
                0x0000000000006a32                uip_ds6_route_head
 .text.uip_ds6_route_next
                0x0000000000006a3c        0xe contiki-sky.a(uip-ds6-route.o)
                0x0000000000006a3c                uip_ds6_route_next
 .text.uip_ds6_route_lookup
                0x0000000000006a4a       0x76 contiki-sky.a(uip-ds6-route.o)
                0x0000000000006a4a                uip_ds6_route_lookup
 .text.uip_ds6_route_rm
                0x0000000000006ac0       0xa4 contiki-sky.a(uip-ds6-route.o)
                0x0000000000006ac0                uip_ds6_route_rm
 .text.rm_routelist
                0x0000000000006b64       0x34 contiki-sky.a(uip-ds6-route.o)
 .text.rm_routelist_callback
                0x0000000000006b98        0x6 contiki-sky.a(uip-ds6-route.o)
 .text.uip_ds6_route_add
                0x0000000000006b9e       0xec contiki-sky.a(uip-ds6-route.o)
                0x0000000000006b9e                uip_ds6_route_add
 .text.uip_ds6_defrt_rm
                0x0000000000006c8a       0x48 contiki-sky.a(uip-ds6-route.o)
                0x0000000000006c8a                uip_ds6_defrt_rm
 .text.uip_ds6_defrt_lookup
                0x0000000000006cd2       0x36 contiki-sky.a(uip-ds6-route.o)
                0x0000000000006cd2                uip_ds6_defrt_lookup
 .text.uip_ds6_defrt_add
                0x0000000000006d08       0x74 contiki-sky.a(uip-ds6-route.o)
                0x0000000000006d08                uip_ds6_defrt_add
 .text.uip_ds6_defrt_choose
                0x0000000000006d7c       0x3a contiki-sky.a(uip-ds6-route.o)
                0x0000000000006d7c                uip_ds6_defrt_choose
 .text.uip_ds6_defrt_periodic
                0x0000000000006db6       0x38 contiki-sky.a(uip-ds6-route.o)
                0x0000000000006db6                uip_ds6_defrt_periodic
 .text.uip_ds6_nbr_rm
                0x0000000000006dee       0x1a contiki-sky.a(uip-ds6-nbr.o)
                0x0000000000006dee                uip_ds6_nbr_rm
 .text.uip_ds6_neighbors_init
                0x0000000000006e08        0xe contiki-sky.a(uip-ds6-nbr.o)
                0x0000000000006e08                uip_ds6_neighbors_init
 .text.uip_ds6_nbr_add
                0x0000000000006e16       0x60 contiki-sky.a(uip-ds6-nbr.o)
                0x0000000000006e16                uip_ds6_nbr_add
 .text.uip_ds6_nbr_get_ll
                0x0000000000006e76        0xc contiki-sky.a(uip-ds6-nbr.o)
                0x0000000000006e76                uip_ds6_nbr_get_ll
 .text.uip_ds6_nbr_lookup
                0x0000000000006e82       0x42 contiki-sky.a(uip-ds6-nbr.o)
                0x0000000000006e82                uip_ds6_nbr_lookup
 .text.uip_ds6_nbr_ll_lookup
                0x0000000000006ec4        0xc contiki-sky.a(uip-ds6-nbr.o)
                0x0000000000006ec4                uip_ds6_nbr_ll_lookup
 .text.uip_ds6_nbr_ipaddr_from_lladdr
                0x0000000000006ed0        0x6 contiki-sky.a(uip-ds6-nbr.o)
                0x0000000000006ed0                uip_ds6_nbr_ipaddr_from_lladdr
 .text.uip_ds6_nbr_lladdr_from_ipaddr
                0x0000000000006ed6       0x12 contiki-sky.a(uip-ds6-nbr.o)
                0x0000000000006ed6                uip_ds6_nbr_lladdr_from_ipaddr
 .text.uip_ds6_link_neighbor_callback
                0x0000000000006ee8       0x2a contiki-sky.a(uip-ds6-nbr.o)
                0x0000000000006ee8                uip_ds6_link_neighbor_callback
 .text.uip_ds6_neighbor_periodic
                0x0000000000006f12       0xfc contiki-sky.a(uip-ds6-nbr.o)
                0x0000000000006f12                uip_ds6_neighbor_periodic
 .text.uip_ds6_list_loop
                0x000000000000700e       0x86 contiki-sky.a(uip-ds6.o)
                0x000000000000700e                uip_ds6_list_loop
 .text.uip_ds6_prefix_add
                0x0000000000007094       0x80 contiki-sky.a(uip-ds6.o)
                0x0000000000007094                uip_ds6_prefix_add
 .text.uip_ds6_is_addr_onlink
                0x0000000000007114       0x54 contiki-sky.a(uip-ds6.o)
                0x0000000000007114                uip_ds6_is_addr_onlink
 .text.uip_ds6_addr_lookup
                0x0000000000007168       0x2a contiki-sky.a(uip-ds6.o)
                0x0000000000007168                uip_ds6_addr_lookup
 .text.uip_ds6_get_link_local
                0x0000000000007192       0x3e contiki-sky.a(uip-ds6.o)
                0x0000000000007192                uip_ds6_get_link_local
 .text.uip_ds6_maddr_add
                0x00000000000071d0       0x4c contiki-sky.a(uip-ds6.o)
                0x00000000000071d0                uip_ds6_maddr_add
 .text.uip_ds6_addr_add
                0x000000000000721c       0xc4 contiki-sky.a(uip-ds6.o)
                0x000000000000721c                uip_ds6_addr_add
 .text.uip_ds6_maddr_lookup
                0x00000000000072e0       0x2a contiki-sky.a(uip-ds6.o)
                0x00000000000072e0                uip_ds6_maddr_lookup
 .text.uip_ds6_addr_rm
                0x000000000000730a       0x54 contiki-sky.a(uip-ds6.o)
                0x000000000000730a                uip_ds6_addr_rm
 .text.uip_ds6_periodic
                0x000000000000735e       0x4a contiki-sky.a(uip-ds6.o)
                0x000000000000735e                uip_ds6_periodic
 .text.uip_ds6_set_addr_iid
                0x00000000000073a8       0x14 contiki-sky.a(uip-ds6.o)
                0x00000000000073a8                uip_ds6_set_addr_iid
 .text.get_match_length
                0x00000000000073bc       0x3e contiki-sky.a(uip-ds6.o)
                0x00000000000073bc                get_match_length
 .text.uip_ds6_select_src
                0x00000000000073fa       0xaa contiki-sky.a(uip-ds6.o)
                0x00000000000073fa                uip_ds6_select_src
 .text.uip_ds6_compute_reachable_time
                0x00000000000074a4       0x3e contiki-sky.a(uip-ds6.o)
                0x00000000000074a4                uip_ds6_compute_reachable_time
 .text.uip_ds6_init
                0x00000000000074e2      0x154 contiki-sky.a(uip-ds6.o)
                0x00000000000074e2                uip_ds6_init
 .text.create_llao
                0x0000000000007636       0x2c contiki-sky.a(uip-nd6.o)
 .text.uip_nd6_ns_input
                0x0000000000007662      0x230 contiki-sky.a(uip-nd6.o)
                0x0000000000007662                uip_nd6_ns_input
 .text.uip_nd6_ns_output
                0x0000000000007892      0x158 contiki-sky.a(uip-nd6.o)
                0x0000000000007892                uip_nd6_ns_output
 .text.uip_nd6_na_input
                0x00000000000079ea      0x1b6 contiki-sky.a(uip-nd6.o)
                0x00000000000079ea                uip_nd6_na_input
 .text.chksum   0x0000000000007ba0       0x32 contiki-sky.a(uip6.o)
 .text.upper_layer_chksum
                0x0000000000007bd2       0x56 contiki-sky.a(uip6.o)
 .text.ext_hdr_options_process
                0x0000000000007c28       0xda contiki-sky.a(uip6.o)
 .text.uip_icmp6chksum
                0x0000000000007d02        0xa contiki-sky.a(uip6.o)
                0x0000000000007d02                uip_icmp6chksum
 .text.uip_udpchksum
                0x0000000000007d0c        0xa contiki-sky.a(uip6.o)
                0x0000000000007d0c                uip_udpchksum
 .text.uip_init
                0x0000000000007d16       0x3a contiki-sky.a(uip6.o)
                0x0000000000007d16                uip_init
 .text.remove_ext_hdr
                0x0000000000007d50       0x5a contiki-sky.a(uip6.o)
                0x0000000000007d50                remove_ext_hdr
 .text.uip_udp_new
                0x0000000000007daa       0xf4 contiki-sky.a(uip6.o)
                0x0000000000007daa                uip_udp_new
 .text.uip_process
                0x0000000000007e9e      0x4d8 contiki-sky.a(uip6.o)
                0x0000000000007e9e                uip_process
 .text.uip_htonl
                0x0000000000008376       0x2e contiki-sky.a(uip6.o)
                0x0000000000008376                uip_htonl
 .text.coap_set_service_callback
                0x00000000000083a4        0x6 contiki-sky.a(er-coap-13-engi)
                0x00000000000083a4                coap_set_service_callback
 .text.coap_get_rest_method
                0x00000000000083aa       0x1a contiki-sky.a(er-coap-13-engi)
                0x00000000000083aa                coap_get_rest_method
 .text.process_thread_coap_receiver
                0x00000000000083c4      0x3e6 contiki-sky.a(er-coap-13-engi)
 .text.well_known_core_handler
                0x00000000000087aa      0x420 contiki-sky.a(er-coap-13-engi)
                0x00000000000087aa                well_known_core_handler
 .text.coap_receiver_init
                0x0000000000008bca        0xc contiki-sky.a(er-coap-13-engi)
                0x0000000000008bca                coap_receiver_init
 .text.coap_register_as_transaction_handler
                0x0000000000008bd6        0x8 contiki-sky.a(er-coap-13-tran)
                0x0000000000008bd6                coap_register_as_transaction_handler
 .text.coap_new_transaction
                0x0000000000008bde       0x4e contiki-sky.a(er-coap-13-tran)
                0x0000000000008bde                coap_new_transaction
 .text.coap_clear_transaction
                0x0000000000008c2c       0x26 contiki-sky.a(er-coap-13-tran)
                0x0000000000008c2c                coap_clear_transaction
 .text.coap_send_transaction
                0x0000000000008c52       0xc8 contiki-sky.a(er-coap-13-tran)
                0x0000000000008c52                coap_send_transaction
 .text.coap_get_transaction_by_mid
                0x0000000000008d1a       0x1e contiki-sky.a(er-coap-13-tran)
                0x0000000000008d1a                coap_get_transaction_by_mid
 .text.coap_check_transactions
                0x0000000000008d38       0x2e contiki-sky.a(er-coap-13-tran)
                0x0000000000008d38                coap_check_transactions
 .text.coap_remove_observer
                0x0000000000008d66       0x1c contiki-sky.a(er-coap-13-obse)
                0x0000000000008d66                coap_remove_observer
 .text.coap_remove_observer_by_client
                0x0000000000008d82       0x4c contiki-sky.a(er-coap-13-obse)
                0x0000000000008d82                coap_remove_observer_by_client
 .text.coap_remove_observer_by_url
                0x0000000000008dce       0x7e contiki-sky.a(er-coap-13-obse)
                0x0000000000008dce                coap_remove_observer_by_url
 .text.coap_add_observer
                0x0000000000008e4c       0x80 contiki-sky.a(er-coap-13-obse)
                0x0000000000008e4c                coap_add_observer
 .text.coap_remove_observer_by_mid
                0x0000000000008ecc       0x58 contiki-sky.a(er-coap-13-obse)
                0x0000000000008ecc                coap_remove_observer_by_mid
 .text.coap_notify_observers
                0x0000000000008f24       0xc4 contiki-sky.a(er-coap-13-obse)
                0x0000000000008f24                coap_notify_observers
 .text.coap_observe_handler
                0x0000000000008fe8       0x98 contiki-sky.a(er-coap-13-obse)
                0x0000000000008fe8                coap_observe_handler
 .text.process_thread_rest_manager_process
                0x0000000000009080       0xc4 contiki-sky.a(erbium.o)
 .text.rest_invoke_restful_service
                0x0000000000009144      0x10e contiki-sky.a(erbium.o)
                0x0000000000009144                rest_invoke_restful_service
 .text.rest_init_engine
                0x0000000000009252       0x26 contiki-sky.a(erbium.o)
                0x0000000000009252                rest_init_engine
 .text.rest_activate_resource
                0x0000000000009278       0x24 contiki-sky.a(erbium.o)
                0x0000000000009278                rest_activate_resource
 .text.rest_get_resources
                0x000000000000929c        0x6 contiki-sky.a(erbium.o)
                0x000000000000929c                rest_get_resources
 .text.init_platform
                0x00000000000092a2        0xc contiki-sky.a(contiki-sky-pla)
                0x00000000000092a2                init_platform
 .text.status   0x00000000000092ae       0x18 contiki-sky.a(sht11-sensor.o)
 .text.configure
                0x00000000000092c6       0x40 contiki-sky.a(sht11-sensor.o)
 .text.value    0x0000000000009306       0x2e contiki-sky.a(sht11-sensor.o)
 .text.status   0x0000000000009334       0x16 contiki-sky.a(button-sensor.o)
 .text.configure
                0x000000000000934a       0x52 contiki-sky.a(button-sensor.o)
 .text.value    0x000000000000939c       0x22 contiki-sky.a(button-sensor.o)
 .text.irq_p2   0x00000000000093be       0x8a contiki-sky.a(button-sensor.o)
                0x00000000000093be                irq_p2
                0x00000000000093be                __isr_1
 .text.owreadb  0x0000000000009448       0x52 contiki-sky.a(ds2411.o)
 .text.ds2411_init
                0x000000000000949a      0x122 contiki-sky.a(ds2411.o)
                0x000000000000949a                ds2411_init
 .text.wait_ready
                0x00000000000095bc       0x50 contiki-sky.a(xmem.o)
 .text.xmem_init
                0x000000000000960c       0x3e contiki-sky.a(xmem.o)
                0x000000000000960c                xmem_init
 .text.xmem_pread
                0x000000000000964a       0xea contiki-sky.a(xmem.o)
                0x000000000000964a                xmem_pread
 .text.node_id_restore
                0x0000000000009734       0x38 contiki-sky.a(node-id.o)
                0x0000000000009734                node_id_restore
 .text.process_thread_sensors_process
                0x000000000000976c       0xbe contiki-sky.a(sensors.o)
 .text.sensors_changed
                0x000000000000982a       0x2a contiki-sky.a(sensors.o)
                0x000000000000982a                sensors_changed
 .text.strobe   0x0000000000009854       0x20 contiki-sky.a(cc2420.o)
 .text.status   0x0000000000009874       0x26 contiki-sky.a(cc2420.o)
 .text.getreg   0x000000000000989a       0x54 contiki-sky.a(cc2420.o)
 .text.setreg   0x00000000000098ee       0x52 contiki-sky.a(cc2420.o)
 .text.set_txpower
                0x0000000000009940       0x26 contiki-sky.a(cc2420.o)
 .text.cc2420_receiving_packet
                0x0000000000009966        0xe contiki-sky.a(cc2420.o)
 .text.pending_packet
                0x0000000000009974        0x8 contiki-sky.a(cc2420.o)
 .text.on       0x000000000000997c       0x40 contiki-sky.a(cc2420.o)
 .text.flushrx  0x00000000000099bc       0x7a contiki-sky.a(cc2420.o)
 .text.off      0x0000000000009a36       0x72 contiki-sky.a(cc2420.o)
 .text.RELEASE_LOCK
                0x0000000000009aa8       0x28 contiki-sky.a(cc2420.o)
 .text.cc2420_prepare
                0x0000000000009ad0       0x8a contiki-sky.a(cc2420.o)
 .text.getrxdata
                0x0000000000009b5a       0x56 contiki-sky.a(cc2420.o)
 .text.cc2420_on
                0x0000000000009bb0       0x22 contiki-sky.a(cc2420.o)
                0x0000000000009bb0                cc2420_on
 .text.cc2420_off
                0x0000000000009bd2       0x30 contiki-sky.a(cc2420.o)
                0x0000000000009bd2                cc2420_off
 .text.cc2420_cca
                0x0000000000009c02       0x74 contiki-sky.a(cc2420.o)
 .text.cc2420_read
                0x0000000000009c76       0xe6 contiki-sky.a(cc2420.o)
 .text.process_thread_cc2420_process
                0x0000000000009d5c       0x50 contiki-sky.a(cc2420.o)
 .text.cc2420_set_channel
                0x0000000000009dac       0x78 contiki-sky.a(cc2420.o)
                0x0000000000009dac                cc2420_set_channel
 .text.cc2420_set_pan_addr
                0x0000000000009e24      0x14a contiki-sky.a(cc2420.o)
                0x0000000000009e24                cc2420_set_pan_addr
 .text.cc2420_interrupt
                0x0000000000009f6e       0x20 contiki-sky.a(cc2420.o)
                0x0000000000009f6e                cc2420_interrupt
 .text.cc2420_get_txpower
                0x0000000000009f8e       0x1e contiki-sky.a(cc2420.o)
                0x0000000000009f8e                cc2420_get_txpower
 .text.cc2420_transmit
                0x0000000000009fac      0x1a0 contiki-sky.a(cc2420.o)
 .text.cc2420_send
                0x000000000000a14c       0x12 contiki-sky.a(cc2420.o)
 .text.cc2420_set_cca_threshold
                0x000000000000a15e       0x16 contiki-sky.a(cc2420.o)
                0x000000000000a15e                cc2420_set_cca_threshold
 .text.cc2420_init
                0x000000000000a174       0xd8 contiki-sky.a(cc2420.o)
                0x000000000000a174                cc2420_init
 .text.cc2420_port1_interrupt
                0x000000000000a24c       0x62 contiki-sky.a(cc2420-arch.o)
                0x000000000000a24c                __isr_4
                0x000000000000a24c                cc2420_port1_interrupt
 .text.cc2420_arch_init
                0x000000000000a2ae       0x1a contiki-sky.a(cc2420-arch.o)
                0x000000000000a2ae                cc2420_arch_init
 .text.uart1_active
                0x000000000000a2c8       0x1a contiki-sky.a(uart1.o)
                0x000000000000a2c8                uart1_active
 .text.uart1_writeb
                0x000000000000a2e2       0x1a contiki-sky.a(uart1.o)
                0x000000000000a2e2                uart1_writeb
 .text.uart1_init
                0x000000000000a2fc       0xf6 contiki-sky.a(uart1.o)
                0x000000000000a2fc                uart1_init
 .text.putchar  0x000000000000a3f2       0x10 contiki-sky.a(uart1-putchar.o)
                0x000000000000a3f2                putchar
 .text.msp430_init_dco
                0x000000000000a402       0x84 contiki-sky.a(msp430.o)
                0x000000000000a402                msp430_init_dco
 .text.msp430_add_lpm_req
                0x000000000000a486        0xc contiki-sky.a(msp430.o)
                0x000000000000a486                msp430_add_lpm_req
 .text.msp430_cpu_init
                0x000000000000a492       0x2a contiki-sky.a(msp430.o)
                0x000000000000a492                msp430_cpu_init
 .text.splhigh_
                0x000000000000a4bc        0x8 contiki-sky.a(msp430.o)
                0x000000000000a4bc                splhigh_
 .text.msp430_sync_dco
                0x000000000000a4c4       0x68 contiki-sky.a(msp430.o)
                0x000000000000a4c4                msp430_sync_dco
 .text.timera1  0x000000000000a52c       0xfe contiki-sky.a(clock.o)
                0x000000000000a52c                __isr_5
                0x000000000000a52c                timera1
 .text.clock_time
                0x000000000000a62a       0x1a contiki-sky.a(clock.o)
                0x000000000000a62a                clock_time
 .text.clock_init
                0x000000000000a644       0x28 contiki-sky.a(clock.o)
                0x000000000000a644                clock_init
 .text.clock_delay
                0x000000000000a66c        0xc contiki-sky.a(clock.o)
                0x000000000000a66c                clock_delay
 .text.clock_wait
                0x000000000000a678       0x34 contiki-sky.a(clock.o)
                0x000000000000a678                clock_wait
 .text.clock_seconds
                0x000000000000a6ac       0x1a contiki-sky.a(clock.o)
                0x000000000000a6ac                clock_seconds
 .text.show_leds
                0x000000000000a6c6      0x100 contiki-sky.a(leds.o)
 .text.leds_init
                0x000000000000a7c6        0xe contiki-sky.a(leds.o)
                0x000000000000a7c6                leds_init
 .text.leds_on  0x000000000000a7d4       0x14 contiki-sky.a(leds.o)
                0x000000000000a7d4                leds_on
 .text.leds_off
                0x000000000000a7e8       0x14 contiki-sky.a(leds.o)
                0x000000000000a7e8                leds_off
 .text.leds_arch_init
                0x000000000000a7fc        0xe contiki-sky.a(leds-arch.o)
                0x000000000000a7fc                leds_arch_init
 .text.leds_arch_set
                0x000000000000a80a       0x3a contiki-sky.a(leds-arch.o)
                0x000000000000a80a                leds_arch_set
 .text.watchdog_interrupt
                0x000000000000a844        0x6 contiki-sky.a(watchdog.o)
                0x000000000000a844                __isr_10
                0x000000000000a844                watchdog_interrupt
 .text.watchdog_start
                0x000000000000a84a       0x14 contiki-sky.a(watchdog.o)
                0x000000000000a84a                watchdog_start
 .text.watchdog_periodic
                0x000000000000a85e       0x12 contiki-sky.a(watchdog.o)
                0x000000000000a85e                watchdog_periodic
 .text.watchdog_stop
                0x000000000000a870       0x16 contiki-sky.a(watchdog.o)
                0x000000000000a870                watchdog_stop
 .text.watchdog_init
                0x000000000000a886       0x14 contiki-sky.a(watchdog.o)
                0x000000000000a886                watchdog_init
 .text.rtimer_arch_init
                0x000000000000a89a        0xe contiki-sky.a(rtimer-arch.o)
                0x000000000000a89a                rtimer_arch_init
 .text.rtimer_arch_now
                0x000000000000a8a8        0xe contiki-sky.a(rtimer-arch.o)
                0x000000000000a8a8                rtimer_arch_now
 .text.timera0  0x000000000000a8b6       0x70 contiki-sky.a(rtimer-arch.o)
                0x000000000000a8b6                __isr_6
                0x000000000000a8b6                timera0
 .text.rtimer_arch_schedule
                0x000000000000a926        0x6 contiki-sky.a(rtimer-arch.o)
                0x000000000000a926                rtimer_arch_schedule
 .text.field_len
                0x000000000000a92c       0x98 contiki-sky.a(frame802154.o)
 .text.frame802154_hdrlen
                0x000000000000a9c4       0x2e contiki-sky.a(frame802154.o)
                0x000000000000a9c4                frame802154_hdrlen
 .text.frame802154_create
                0x000000000000a9f2      0x172 contiki-sky.a(frame802154.o)
                0x000000000000a9f2                frame802154_create
 .text.frame802154_parse
                0x000000000000ab64      0x1e8 contiki-sky.a(frame802154.o)
                0x000000000000ab64                frame802154_parse
 .text.rpl_get_mode
                0x000000000000ad4c        0x6 contiki-sky.a(rpl.o)
                0x000000000000ad4c                rpl_get_mode
 .text.rpl_purge_routes
                0x000000000000ad52       0x96 contiki-sky.a(rpl.o)
                0x000000000000ad52                rpl_purge_routes
 .text.rpl_remove_routes
                0x000000000000ade8       0x22 contiki-sky.a(rpl.o)
                0x000000000000ade8                rpl_remove_routes
 .text.rpl_remove_routes_by_nexthop
                0x000000000000ae0a       0x46 contiki-sky.a(rpl.o)
                0x000000000000ae0a                rpl_remove_routes_by_nexthop
 .text.rpl_add_route
                0x000000000000ae50       0x44 contiki-sky.a(rpl.o)
                0x000000000000ae50                rpl_add_route
 .text.rpl_link_neighbor_callback
                0x000000000000ae94       0x6a contiki-sky.a(rpl.o)
                0x000000000000ae94                rpl_link_neighbor_callback
 .text.rpl_ipv6_neighbor_callback
                0x000000000000aefe       0x1e contiki-sky.a(rpl.o)
                0x000000000000aefe                rpl_ipv6_neighbor_callback
 .text.rpl_init
                0x000000000000af1c       0x40 contiki-sky.a(rpl.o)
                0x000000000000af1c                rpl_init
 .text.lollipop_greater_than
                0x000000000000af5c       0x44 contiki-sky.a(rpl-dag.o)
 .text.acceptable_rank
                0x000000000000afa0       0x50 contiki-sky.a(rpl-dag.o)
 .text.find_parent_any_dag_any_instance
                0x000000000000aff0       0x14 contiki-sky.a(rpl-dag.o)
 .text.rpl_set_preferred_parent
                0x000000000000b004       0x30 contiki-sky.a(rpl-dag.o)
 .text.set_ip_from_prefix
                0x000000000000b034       0x38 contiki-sky.a(rpl-dag.o)
 .text.check_prefix
                0x000000000000b06c       0x80 contiki-sky.a(rpl-dag.o)
 .text.rpl_dag_init
                0x000000000000b0ec        0xe contiki-sky.a(rpl-dag.o)
                0x000000000000b0ec                rpl_dag_init
 .text.rpl_get_parent_ipaddr
                0x000000000000b0fa       0x10 contiki-sky.a(rpl-dag.o)
                0x000000000000b0fa                rpl_get_parent_ipaddr
 .text.rpl_set_prefix
                0x000000000000b10a       0x8e contiki-sky.a(rpl-dag.o)
                0x000000000000b10a                rpl_set_prefix
 .text.rpl_set_default_route
                0x000000000000b198       0x5a contiki-sky.a(rpl-dag.o)
                0x000000000000b198                rpl_set_default_route
 .text.rpl_alloc_instance
                0x000000000000b1f2       0x2c contiki-sky.a(rpl-dag.o)
                0x000000000000b1f2                rpl_alloc_instance
 .text.rpl_add_parent
                0x000000000000b21e       0x40 contiki-sky.a(rpl-dag.o)
                0x000000000000b21e                rpl_add_parent
 .text.rpl_find_parent
                0x000000000000b25e       0x1a contiki-sky.a(rpl-dag.o)
                0x000000000000b25e                rpl_find_parent
 .text.rpl_find_parent_any_dag
                0x000000000000b278       0x22 contiki-sky.a(rpl-dag.o)
                0x000000000000b278                rpl_find_parent_any_dag
 .text.rpl_select_parent
                0x000000000000b29a       0x5c contiki-sky.a(rpl-dag.o)
                0x000000000000b29a                rpl_select_parent
 .text.rpl_select_dag
                0x000000000000b2f6      0x182 contiki-sky.a(rpl-dag.o)
                0x000000000000b2f6                rpl_select_dag
 .text.rpl_nullify_parent
                0x000000000000b478       0x4e contiki-sky.a(rpl-dag.o)
                0x000000000000b478                rpl_nullify_parent
 .text.rpl_remove_parent
                0x000000000000b4c6       0x16 contiki-sky.a(rpl-dag.o)
                0x000000000000b4c6                rpl_remove_parent
 .text.nbr_callback
                0x000000000000b4dc        0x6 contiki-sky.a(rpl-dag.o)
 .text.remove_parents.constprop.2
                0x000000000000b4e2       0x32 contiki-sky.a(rpl-dag.o)
 .text.rpl_free_dag
                0x000000000000b514       0x36 contiki-sky.a(rpl-dag.o)
                0x000000000000b514                rpl_free_dag
 .text.rpl_free_instance
                0x000000000000b54a       0x5c contiki-sky.a(rpl-dag.o)
                0x000000000000b54a                rpl_free_instance
 .text.rpl_move_parent
                0x000000000000b5a6       0x5a contiki-sky.a(rpl-dag.o)
                0x000000000000b5a6                rpl_move_parent
 .text.rpl_get_any_dag
                0x000000000000b600       0x18 contiki-sky.a(rpl-dag.o)
                0x000000000000b600                rpl_get_any_dag
 .text.rpl_get_instance
                0x000000000000b618       0x1a contiki-sky.a(rpl-dag.o)
                0x000000000000b618                rpl_get_instance
 .text.get_dag  0x000000000000b632       0x56 contiki-sky.a(rpl-dag.o)
 .text.rpl_alloc_dag
                0x000000000000b688       0x66 contiki-sky.a(rpl-dag.o)
                0x000000000000b688                rpl_alloc_dag
 .text.rpl_repair_root
                0x000000000000b6ee       0x50 contiki-sky.a(rpl-dag.o)
                0x000000000000b6ee                rpl_repair_root
 .text.rpl_find_of
                0x000000000000b73e       0x10 contiki-sky.a(rpl-dag.o)
                0x000000000000b73e                rpl_find_of
 .text.rpl_join_instance
                0x000000000000b74e      0x13c contiki-sky.a(rpl-dag.o)
                0x000000000000b74e                rpl_join_instance
 .text.rpl_local_repair
                0x000000000000b88a       0x7c contiki-sky.a(rpl-dag.o)
                0x000000000000b88a                rpl_local_repair
 .text.rpl_process_parent_event
                0x000000000000b906       0x4e contiki-sky.a(rpl-dag.o)
                0x000000000000b906                rpl_process_parent_event
 .text.rpl_recalculate_ranks
                0x000000000000b954       0x42 contiki-sky.a(rpl-dag.o)
                0x000000000000b954                rpl_recalculate_ranks
 .text.rpl_add_dag
                0x000000000000b996      0x112 contiki-sky.a(rpl-dag.o)
                0x000000000000b996                rpl_add_dag
 .text.rpl_process_dio
                0x000000000000baa8      0x280 contiki-sky.a(rpl-dag.o)
                0x000000000000baa8                rpl_process_dio
 .text.rpl_lock_parent
                0x000000000000bd28        0xc contiki-sky.a(rpl-dag.o)
                0x000000000000bd28                rpl_lock_parent
 .text.get32    0x000000000000bd34       0x46 contiki-sky.a(rpl-icmp6.o)
 .text.set32    0x000000000000bd7a       0x2a contiki-sky.a(rpl-icmp6.o)
 .text.get16    0x000000000000bda4        0xe contiki-sky.a(rpl-icmp6.o)
 .text.set16    0x000000000000bdb2       0x10 contiki-sky.a(rpl-icmp6.o)
 .text.dis_output
                0x000000000000bdc2       0x50 contiki-sky.a(rpl-icmp6.o)
                0x000000000000bdc2                dis_output
 .text.dio_output
                0x000000000000be12      0x264 contiki-sky.a(rpl-icmp6.o)
                0x000000000000be12                dio_output
 .text.dao_output_target
                0x000000000000c076       0xea contiki-sky.a(rpl-icmp6.o)
                0x000000000000c076                dao_output_target
 .text.dao_output
                0x000000000000c160       0x80 contiki-sky.a(rpl-icmp6.o)
                0x000000000000c160                dao_output
 .text.dao_ack_output
                0x000000000000c1e0       0x32 contiki-sky.a(rpl-icmp6.o)
                0x000000000000c1e0                dao_ack_output
 .text.uip_rpl_input
                0x000000000000c212      0x574 contiki-sky.a(rpl-icmp6.o)
                0x000000000000c212                uip_rpl_input
 .text.new_dio_interval
                0x000000000000c786       0x92 contiki-sky.a(rpl-timers.o)
 .text.handle_periodic_timer
                0x000000000000c818       0x2e contiki-sky.a(rpl-timers.o)
 .text.set_dao_lifetime_timer
                0x000000000000c846       0x52 contiki-sky.a(rpl-timers.o)
 .text.schedule_dao
                0x000000000000c898       0x82 contiki-sky.a(rpl-timers.o)
 .text.handle_dao_timer
                0x000000000000c91a       0x64 contiki-sky.a(rpl-timers.o)
 .text.handle_dio_timer
                0x000000000000c97e       0x82 contiki-sky.a(rpl-timers.o)
 .text.rpl_reset_periodic_timer
                0x000000000000ca00       0x60 contiki-sky.a(rpl-timers.o)
                0x000000000000ca00                rpl_reset_periodic_timer
 .text.rpl_reset_dio_timer
                0x000000000000ca60       0x18 contiki-sky.a(rpl-timers.o)
                0x000000000000ca60                rpl_reset_dio_timer
 .text.rpl_schedule_dao
                0x000000000000ca78        0xc contiki-sky.a(rpl-timers.o)
                0x000000000000ca78                rpl_schedule_dao
 .text.reset    0x000000000000ca84        0x2 contiki-sky.a(rpl-mrhof.o)
 .text.neighbor_link_callback
                0x000000000000ca86       0x8a contiki-sky.a(rpl-mrhof.o)
 .text.calculate_rank
                0x000000000000cb10       0x30 contiki-sky.a(rpl-mrhof.o)
 .text.best_parent
                0x000000000000cb40       0x52 contiki-sky.a(rpl-mrhof.o)
 .text.update_metric_container
                0x000000000000cb92        0x6 contiki-sky.a(rpl-mrhof.o)
 .text.best_dag
                0x000000000000cb98       0x34 contiki-sky.a(rpl-mrhof.o)
 .text.rpl_verify_header
                0x000000000000cbcc       0xbc contiki-sky.a(rpl-ext-header.)
                0x000000000000cbcc                rpl_verify_header
 .text.rpl_update_header_empty
                0x000000000000cc88       0xf0 contiki-sky.a(rpl-ext-header.)
                0x000000000000cc88                rpl_update_header_empty
 .text.rpl_update_header_final
                0x000000000000cd78       0x86 contiki-sky.a(rpl-ext-header.)
                0x000000000000cd78                rpl_update_header_final
 .text.rpl_invert_header
                0x000000000000cdfe       0x4c contiki-sky.a(rpl-ext-header.)
                0x000000000000cdfe                rpl_invert_header
 .text.rpl_insert_header
                0x000000000000ce4a       0x1c contiki-sky.a(rpl-ext-header.)
                0x000000000000ce4a                rpl_insert_header
 .text.stimer_set
                0x000000000000ce66       0x1c contiki-sky.a(stimer.o)
                0x000000000000ce66                stimer_set
 .text.stimer_restart
                0x000000000000ce82       0x14 contiki-sky.a(stimer.o)
                0x000000000000ce82                stimer_restart
 .text.stimer_expired
                0x000000000000ce96       0x30 contiki-sky.a(stimer.o)
                0x000000000000ce96                stimer_expired
 .text.index_from_key
                0x000000000000cec6       0x48 contiki-sky.a(nbr-table.o)
 .text.item_from_key
                0x000000000000cf0e       0x34 contiki-sky.a(nbr-table.o)
 .text.nbr_set_bit
                0x000000000000cf42       0x8e contiki-sky.a(nbr-table.o)
 .text.index_from_lladdr
                0x000000000000cfd0       0x42 contiki-sky.a(nbr-table.o)
 .text.nbr_get_bit.constprop.0
                0x000000000000d012       0x62 contiki-sky.a(nbr-table.o)
 .text.nbr_table_register
                0x000000000000d074       0x28 contiki-sky.a(nbr-table.o)
                0x000000000000d074                nbr_table_register
 .text.nbr_table_next
                0x000000000000d09c       0x90 contiki-sky.a(nbr-table.o)
                0x000000000000d09c                nbr_table_next
 .text.nbr_table_head
                0x000000000000d12c       0x36 contiki-sky.a(nbr-table.o)
                0x000000000000d12c                nbr_table_head
 .text.nbr_table_add_lladdr
                0x000000000000d162      0x144 contiki-sky.a(nbr-table.o)
                0x000000000000d162                nbr_table_add_lladdr
 .text.nbr_table_get_from_lladdr
                0x000000000000d2a6       0x48 contiki-sky.a(nbr-table.o)
                0x000000000000d2a6                nbr_table_get_from_lladdr
 .text.nbr_table_remove
                0x000000000000d2ee       0x32 contiki-sky.a(nbr-table.o)
                0x000000000000d2ee                nbr_table_remove
 .text.nbr_table_lock
                0x000000000000d320       0x10 contiki-sky.a(nbr-table.o)
                0x000000000000d320                nbr_table_lock
 .text.nbr_table_unlock
                0x000000000000d330       0x10 contiki-sky.a(nbr-table.o)
                0x000000000000d330                nbr_table_unlock
 .text.nbr_table_get_lladdr
                0x000000000000d340       0x5a contiki-sky.a(nbr-table.o)
                0x000000000000d340                nbr_table_get_lladdr
 .text.uip_debug_ipaddr_print
                0x000000000000d39a       0x7c contiki-sky.a(uip-debug.o)
                0x000000000000d39a                uip_debug_ipaddr_print
 .text.uip_icmp6_echo_request_input
                0x000000000000d416      0x12c contiki-sky.a(uip-icmp6.o)
                0x000000000000d416                uip_icmp6_echo_request_input
 .text.uip_icmp6_error_output
                0x000000000000d542      0x17a contiki-sky.a(uip-icmp6.o)
                0x000000000000d542                uip_icmp6_error_output
 .text.uip_icmp6_send
                0x000000000000d6bc       0x96 contiki-sky.a(uip-icmp6.o)
                0x000000000000d6bc                uip_icmp6_send
 .text.coap_parse_int_option
                0x000000000000d752       0x46 contiki-sky.a(er-coap-13.o)
 .text.coap_set_option_header
                0x000000000000d798       0xa6 contiki-sky.a(er-coap-13.o)
 .text.coap_serialize_int_option
                0x000000000000d83e       0xda contiki-sky.a(er-coap-13.o)
 .text.coap_get_variable
                0x000000000000d918       0xbe contiki-sky.a(er-coap-13.o)
 .text.coap_serialize_array_option
                0x000000000000d9d6       0xe4 contiki-sky.a(er-coap-13.o)
 .text.coap_merge_multi_option.part.1
                0x000000000000daba       0x34 contiki-sky.a(er-coap-13.o)
 .text.coap_init_connection
                0x000000000000daee       0x22 contiki-sky.a(er-coap-13.o)
                0x000000000000daee                coap_init_connection
 .text.coap_get_mid
                0x000000000000db10        0xc contiki-sky.a(er-coap-13.o)
                0x000000000000db10                coap_get_mid
 .text.coap_init_message
                0x000000000000db1c       0x30 contiki-sky.a(er-coap-13.o)
                0x000000000000db1c                coap_init_message
 .text.coap_serialize_message
                0x000000000000db4c      0x434 contiki-sky.a(er-coap-13.o)
                0x000000000000db4c                coap_serialize_message
 .text.coap_send_message
                0x000000000000df80       0x4a contiki-sky.a(er-coap-13.o)
                0x000000000000df80                coap_send_message
 .text.coap_parse_message
                0x000000000000dfca      0x4b4 contiki-sky.a(er-coap-13.o)
                0x000000000000dfca                coap_parse_message
 .text.coap_get_query_variable
                0x000000000000e47e       0x1c contiki-sky.a(er-coap-13.o)
                0x000000000000e47e                coap_get_query_variable
 .text.coap_get_post_variable
                0x000000000000e49a       0x20 contiki-sky.a(er-coap-13.o)
                0x000000000000e49a                coap_get_post_variable
 .text.coap_set_status_code
                0x000000000000e4ba       0x12 contiki-sky.a(er-coap-13.o)
                0x000000000000e4ba                coap_set_status_code
 .text.coap_get_header_content_type
                0x000000000000e4cc       0x14 contiki-sky.a(er-coap-13.o)
                0x000000000000e4cc                coap_get_header_content_type
 .text.coap_set_header_content_type
                0x000000000000e4e0        0xe contiki-sky.a(er-coap-13.o)
                0x000000000000e4e0                coap_set_header_content_type
 .text.coap_get_header_accept
                0x000000000000e4ee       0x1c contiki-sky.a(er-coap-13.o)
                0x000000000000e4ee                coap_get_header_accept
 .text.coap_get_header_max_age
                0x000000000000e50a       0x26 contiki-sky.a(er-coap-13.o)
                0x000000000000e50a                coap_get_header_max_age
 .text.coap_set_header_max_age
                0x000000000000e530       0x12 contiki-sky.a(er-coap-13.o)
                0x000000000000e530                coap_set_header_max_age
 .text.coap_set_header_etag
                0x000000000000e542       0x2a contiki-sky.a(er-coap-13.o)
                0x000000000000e542                coap_set_header_etag
 .text.coap_get_header_if_match
                0x000000000000e56c       0x1c contiki-sky.a(er-coap-13.o)
                0x000000000000e56c                coap_get_header_if_match
 .text.coap_get_header_if_none_match
                0x000000000000e588       0x10 contiki-sky.a(er-coap-13.o)
                0x000000000000e588                coap_get_header_if_none_match
 .text.coap_set_header_token
                0x000000000000e598       0x24 contiki-sky.a(er-coap-13.o)
                0x000000000000e598                coap_set_header_token
 .text.coap_get_header_uri_host
                0x000000000000e5bc       0x18 contiki-sky.a(er-coap-13.o)
                0x000000000000e5bc                coap_get_header_uri_host
 .text.coap_get_header_uri_path
                0x000000000000e5d4       0x18 contiki-sky.a(er-coap-13.o)
                0x000000000000e5d4                coap_get_header_uri_path
 .text.coap_set_header_uri_path
                0x000000000000e5ec       0x2a contiki-sky.a(er-coap-13.o)
                0x000000000000e5ec                coap_set_header_uri_path
 .text.coap_get_header_uri_query
                0x000000000000e616       0x16 contiki-sky.a(er-coap-13.o)
                0x000000000000e616                coap_get_header_uri_query
 .text.coap_set_header_location_query
                0x000000000000e62c       0x2c contiki-sky.a(er-coap-13.o)
                0x000000000000e62c                coap_set_header_location_query
 .text.coap_set_header_location_path
                0x000000000000e658       0x88 contiki-sky.a(er-coap-13.o)
                0x000000000000e658                coap_set_header_location_path
 .text.coap_set_header_observe
                0x000000000000e6e0        0xe contiki-sky.a(er-coap-13.o)
                0x000000000000e6e0                coap_set_header_observe
 .text.coap_get_header_block2
                0x000000000000e6ee       0x4c contiki-sky.a(er-coap-13.o)
                0x000000000000e6ee                coap_get_header_block2
 .text.coap_set_header_block2
                0x000000000000e73a       0x40 contiki-sky.a(er-coap-13.o)
                0x000000000000e73a                coap_set_header_block2
 .text.coap_get_header_size
                0x000000000000e77a       0x1e contiki-sky.a(er-coap-13.o)
                0x000000000000e77a                coap_get_header_size
 .text.coap_set_header_size
                0x000000000000e798       0x12 contiki-sky.a(er-coap-13.o)
                0x000000000000e798                coap_set_header_size
 .text.coap_get_payload
                0x000000000000e7aa       0x1a contiki-sky.a(er-coap-13.o)
                0x000000000000e7aa                coap_get_payload
 .text.coap_set_payload
                0x000000000000e7c4       0x16 contiki-sky.a(er-coap-13.o)
                0x000000000000e7c4                coap_set_payload
 .text.crc8_add
                0x000000000000e7da       0x1c contiki-sky.a(sht11.o)
 .text.sstart   0x000000000000e7f6       0x3e contiki-sky.a(sht11.o)
 .text.swrite   0x000000000000e834       0x52 contiki-sky.a(sht11.o)
 .text.sread    0x000000000000e886       0x4e contiki-sky.a(sht11.o)
 .text.sreset   0x000000000000e8d4       0x2a contiki-sky.a(sht11.o)
 .text.scmd.part.0
                0x000000000000e8fe       0xb0 contiki-sky.a(sht11.o)
 .text.sht11_init
                0x000000000000e9ae       0x1a contiki-sky.a(sht11.o)
                0x000000000000e9ae                sht11_init
 .text.sht11_off
                0x000000000000e9c8       0x14 contiki-sky.a(sht11.o)
                0x000000000000e9c8                sht11_off
 .text.sht11_temp
                0x000000000000e9dc        0xa contiki-sky.a(sht11.o)
                0x000000000000e9dc                sht11_temp
 .text.sht11_humidity
                0x000000000000e9e6        0xa contiki-sky.a(sht11.o)
                0x000000000000e9e6                sht11_humidity
 .text.sht11_sreg
                0x000000000000e9f0       0x7a contiki-sky.a(sht11.o)
                0x000000000000e9f0                sht11_sreg
 .text.spi_init
                0x000000000000ea6a       0x32 contiki-sky.a(spi.o)
                0x000000000000ea6a                spi_init
 .text.uip_udp_packet_send
                0x000000000000ea9c       0x2e contiki-sky.a(uip-udp-packet.)
                0x000000000000ea9c                uip_udp_packet_send
 .text.libgcc   0x000000000000eaca       0x2c /usr/lib/gcc/msp430/4.6.3/mmpy-16/libgcc.a(_mulsi3.o)
                0x000000000000eaca                __mulsi3
 .text.libgcc   0x000000000000eaf6       0x22 /usr/lib/gcc/msp430/4.6.3/mmpy-16/libgcc.a(_udivmod16.o)
                0x000000000000eaf6                __udivhi3
                0x000000000000eaf6                __ext_udivmod16
                0x000000000000eb10                __umodhi3
 .text.libgcc   0x000000000000eb18       0x3a /usr/lib/gcc/msp430/4.6.3/mmpy-16/libgcc.a(_divmod16.o)
                0x000000000000eb18                __ext_divmod16
                0x000000000000eb18                __divhi3
                0x000000000000eb4a                __modhi3
 .text.libgcc   0x000000000000eb52       0x40 /usr/lib/gcc/msp430/4.6.3/mmpy-16/libgcc.a(_udivmod32.o)
                0x000000000000eb52                __udivsi3
                0x000000000000eb52                __ext_udivmod32
                0x000000000000eb88                __umodsi3
 .text          0x000000000000eb92       0x12 /usr/lib/gcc/msp430/4.6.3/../../../../msp430/lib/mmpy-16/libc.a(strchr.o)
                0x000000000000eb92                strchr
 .text          0x000000000000eba4       0x1c /usr/lib/gcc/msp430/4.6.3/../../../../msp430/lib/mmpy-16/libc.a(memchr.o)
                0x000000000000eba4                memchr
 .text          0x000000000000ebc0       0x1e /usr/lib/gcc/msp430/4.6.3/../../../../msp430/lib/mmpy-16/libc.a(strcmp.o)
                0x000000000000ebc0                strcmp
 .text          0x000000000000ebde       0x28 /usr/lib/gcc/msp430/4.6.3/../../../../msp430/lib/mmpy-16/libc.a(strncmp.o)
                0x000000000000ebde                strncmp
 .text          0x000000000000ec06       0x20 /usr/lib/gcc/msp430/4.6.3/../../../../msp430/lib/mmpy-16/libc.a(memcmp.o)
                0x000000000000ec06                memcmp
 .text          0x000000000000ec26       0xfa /usr/lib/gcc/msp430/4.6.3/../../../../msp430/lib/mmpy-16/libc.a(memcpy.o)
                0x000000000000ec26                memcpy
 .text          0x000000000000ed20       0xfa /usr/lib/gcc/msp430/4.6.3/../../../../msp430/lib/mmpy-16/libc.a(memmove.o)
                0x000000000000ed20                memmove
 .text          0x000000000000ee1a       0x6a /usr/lib/gcc/msp430/4.6.3/../../../../msp430/lib/mmpy-16/libc.a(memset.o)
                0x000000000000ee1a                memset
 .text          0x000000000000ee84       0x56 /usr/lib/gcc/msp430/4.6.3/../../../../msp430/lib/mmpy-16/libc.a(strstr.o)
                0x000000000000ee84                strstr
 .text          0x000000000000eeda       0x1e /usr/lib/gcc/msp430/4.6.3/../../../../msp430/lib/mmpy-16/libc.a(printf.o)
                0x000000000000eeda                printf
                0x000000000000eeea                vprintf
 .text          0x000000000000eef8       0xbc /usr/lib/gcc/msp430/4.6.3/../../../../msp430/lib/mmpy-16/libc.a(sprintf.o)
                0x000000000000ef56                sprintf
                0x000000000000ef72                snprintf
                0x000000000000ef8c                vsprintf
                0x000000000000efa2                vsnprintf
 .text          0x000000000000efb4      0x836 /usr/lib/gcc/msp430/4.6.3/../../../../msp430/lib/mmpy-16/libc.a(vuprintf.o)
                0x000000000000f14c                vuprintf
 .text          0x000000000000f7ea       0x2c /usr/lib/gcc/msp430/4.6.3/../../../../msp430/lib/mmpy-16/libc.a(puts.o)
                0x000000000000f7ea                puts
 .text          0x000000000000f816       0x54 /usr/lib/gcc/msp430/4.6.3/../../../../msp430/lib/mmpy-16/libc.a(rand.o)
                0x000000000000f816                rand_r
                0x000000000000f83a                rand
                0x000000000000f860                srand
 .text.libgcc   0x000000000000f86a       0xf0 /usr/lib/gcc/msp430/4.6.3/mmpy-16/libgcc.a(_udivmod64.o)
                0x000000000000f86a                __xabi_udivmod64
                0x000000000000f8c8                __udivdi3
                0x000000000000f8ee                __umoddi3
                0x000000000000f91c                __udivmoddi4
 .text.crt0     0x000000000000f95a        0x2 /usr/lib/gcc/msp430/4.6.3/mmpy-16/libcrt0.a(_unexpected_.o)
                0x000000000000f95a                _unexpected_
                0x000000000000f95c                . = ALIGN (0x2)

.rodata         0x000000000000f95c      0x47e
                0x000000000000f95c                . = ALIGN (0x2)
 *(.rodata .rodata.* .gnu.linkonce.r.*)
 .rodata        0x000000000000f95c       0x6e temperature-sensor.co
                0x000000000000f970                autostart_processes
 .rodata        0x000000000000f9ca      0x11d obj_sky/contiki-sky-main.o
 *fill*         0x000000000000fae7        0x1 00
 .rodata        0x000000000000fae8        0x8 contiki-sky.a(rimeaddr.o)
                0x000000000000fae8                rimeaddr_null
 .rodata        0x000000000000faf0       0x18 contiki-sky.a(nullrdc.o)
                0x000000000000faf8                nullrdc_driver
 .rodata        0x000000000000fb08        0x4 contiki-sky.a(framer-802154.o)
                0x000000000000fb08                framer_802154
 .rodata        0x000000000000fb0c       0x14 contiki-sky.a(csma.o)
                0x000000000000fb12                csma_driver
 .rodata        0x000000000000fb20        0xc contiki-sky.a(etimer.o)
 .rodata        0x000000000000fb2c        0xf contiki-sky.a(ctimer.o)
 *fill*         0x000000000000fb3b        0x1 00
 .rodata        0x000000000000fb3c       0x24 contiki-sky.a(sicslowpan.o)
                0x000000000000fb48                sicslowpan_driver
                0x000000000000fb4e                llprefix
                0x000000000000fb50                unc_mxconf
                0x000000000000fb54                unc_ctxconf
                0x000000000000fb58                unc_llconf
 .rodata        0x000000000000fb60        0xd contiki-sky.a(tcpip.o)
 *fill*         0x000000000000fb6d        0x1 00
 .rodata        0x000000000000fb6e      0x104 contiki-sky.a(er-coap-13-engi)
                0x000000000000fbc0                coap_rest_implementation
 .rodata        0x000000000000fc72       0x1d contiki-sky.a(er-coap-13-obse)
 .rodata        0x000000000000fc8f        0xd contiki-sky.a(erbium.o)
 .rodata        0x000000000000fc9c        0xe contiki-sky.a(sht11-sensor.o)
                0x000000000000fca2                sht11_sensor
 .rodata        0x000000000000fcaa       0x10 contiki-sky.a(button-sensor.o)
                0x000000000000fcb2                button_sensor
 .rodata        0x000000000000fcba        0x8 contiki-sky.a(sensors.o)
 .rodata        0x000000000000fcc2       0x22 contiki-sky.a(cc2420.o)
                0x000000000000fcc2                cc2420_driver
 .rodata        0x000000000000fce4        0x2 contiki-sky.a(frame802154.o)
 .rodata        0x000000000000fce6       0x1a contiki-sky.a(uip-debug.o)
 .rodata        0x000000000000fd00       0xd2 contiki-sky.a(er-coap-13.o)
 .rodata        0x000000000000fdd2        0x7 /usr/lib/gcc/msp430/4.6.3/../../../../msp430/lib/mmpy-16/libc.a(vuprintf.o)
                0x000000000000fdda                . = ALIGN (0x2)
 *fill*         0x000000000000fdd9        0x1 00
                0x000000000000fdda                _etext = .

.data           0x0000000000001100      0x10c load address 0x000000000000fdda
                0x0000000000001100                . = ALIGN (0x2)
                0x0000000000001100                PROVIDE (__data_start, .)
 *(.data .data.* .gnu.linkonce.d.*)
 .data          0x0000000000001100       0x1c temperature-sensor.co
                0x0000000000001100                temperature_sensor
                0x000000000000110a                resource_temperature
 .data          0x000000000000111c       0x18 contiki-sky.a(csma.o)
 .data          0x0000000000001134        0xa contiki-sky.a(etimer.o)
                0x0000000000001134                etimer_process
 .data          0x000000000000113e        0xa contiki-sky.a(ctimer.o)
                0x000000000000113e                ctimer_process
 .data          0x0000000000001148       0x18 contiki-sky.a(queuebuf.o)
 .data          0x0000000000001160        0xa contiki-sky.a(tcpip.o)
                0x0000000000001160                tcpip_process
 .data          0x000000000000116a       0x20 contiki-sky.a(uip-ds6-route.o)
 .data          0x000000000000118a        0xa contiki-sky.a(uip-ds6-nbr.o)
                0x000000000000118a                ds6_neighbors
 .data          0x0000000000001194       0x1c contiki-sky.a(er-coap-13-engi)
                0x0000000000001194                resource_well_known_core
                0x00000000000011a6                coap_receiver
 .data          0x00000000000011b0        0x8 contiki-sky.a(er-coap-13-tran)
 .data          0x00000000000011b8        0x8 contiki-sky.a(er-coap-13-obse)
 .data          0x00000000000011c0        0xa contiki-sky.a(erbium.o)
                0x00000000000011c0                rest_manager_process
 .data          0x00000000000011ca        0x4 contiki-sky.a(contiki-sky-pla)
                0x00000000000011ca                sensors
 .data          0x00000000000011ce        0x1 contiki-sky.a(sht11-sensor.o)
 *fill*         0x00000000000011cf        0x1 00
 .data          0x00000000000011d0        0xa contiki-sky.a(sensors.o)
                0x00000000000011d0                sensors_process
 .data          0x00000000000011da        0xa contiki-sky.a(cc2420.o)
                0x00000000000011da                cc2420_process
 .data          0x00000000000011e4        0x2 contiki-sky.a(msp430.o)
 .data          0x00000000000011e6        0x8 contiki-sky.a(rpl-dag.o)
 .data          0x00000000000011ee        0x1 contiki-sky.a(rpl-icmp6.o)
 *fill*         0x00000000000011ef        0x1 00
 .data          0x00000000000011f0        0xe contiki-sky.a(rpl-mrhof.o)
                0x00000000000011f0                rpl_mrhof
 .data          0x00000000000011fe        0x8 contiki-sky.a(nbr-table.o)
 .data          0x0000000000001206        0x2 contiki-sky.a(er-coap-13.o)
                0x0000000000001206                coap_error_message
 .data          0x0000000000001208        0x4 /usr/lib/gcc/msp430/4.6.3/../../../../msp430/lib/mmpy-16/libc.a(rand.o)
                0x000000000000120c                . = ALIGN (0x2)
                0x000000000000120c                _edata = .
                0x000000000000fdda                PROVIDE (__data_load_start, LOADADDR (.data))
                0x000000000000010c                PROVIDE (__data_size, SIZEOF (.data))

.bss            0x000000000000120c     0x1582 load address 0x000000000000fee6
                0x000000000000120c                PROVIDE (__bss_start, .)
 *(.bss .bss.*)
 .bss           0x000000000000120c        0xc obj_sky/contiki-sky-main.o
 .bss           0x0000000000001218        0x2 contiki-sky.a(framer-802154.o)
 .bss           0x000000000000121a       0x8c contiki-sky.a(csma.o)
 .bss           0x00000000000012a6       0x42 contiki-sky.a(process.o)
                0x00000000000012a6                process_current
                0x00000000000012a8                process_list
 .bss           0x00000000000012e8        0x6 contiki-sky.a(etimer.o)
 .bss           0x00000000000012ee        0x4 contiki-sky.a(ctimer.o)
 .bss           0x00000000000012f2        0x2 contiki-sky.a(rtimer.o)
 .bss           0x00000000000012f4       0xba contiki-sky.a(packetbuf.o)
 .bss           0x00000000000013ae      0x3c6 contiki-sky.a(queuebuf.o)
 .bss           0x0000000000001774      0x124 contiki-sky.a(sicslowpan.o)
 .bss           0x0000000000001898        0xe contiki-sky.a(tcpip.o)
 .bss           0x00000000000018a6      0x1d2 contiki-sky.a(uip-ds6-route.o)
 .bss           0x0000000000001a78      0x168 contiki-sky.a(uip-ds6-nbr.o)
 .bss           0x0000000000001be0       0x18 contiki-sky.a(uip-ds6.o)
 .bss           0x0000000000001bf8        0xa contiki-sky.a(uip-nd6.o)
 .bss           0x0000000000001c02        0xa contiki-sky.a(uip6.o)
                0x0000000000001c02                uip_ext_opt_offset
                0x0000000000001c04                uip_ext_len
                0x0000000000001c06                uip_ext_bitmap
 .bss           0x0000000000001c0c       0xf8 contiki-sky.a(er-coap-13-engi)
 .bss           0x0000000000001d04      0x2c0 contiki-sky.a(er-coap-13-tran)
 .bss           0x0000000000001fc4       0x94 contiki-sky.a(er-coap-13-obse)
 .bss           0x0000000000002058        0x4 contiki-sky.a(erbium.o)
 .bss           0x000000000000205c        0x8 contiki-sky.a(button-sensor.o)
 .bss           0x0000000000002064        0x2 contiki-sky.a(node-id.o)
                0x0000000000002064                node_id
 .bss           0x0000000000002066        0x6 contiki-sky.a(sensors.o)
 .bss           0x000000000000206c        0xa contiki-sky.a(cc2420.o)
 .bss           0x0000000000002076       0x9a contiki-sky.a(uart1.o)
 .bss           0x0000000000002110        0xa contiki-sky.a(clock.o)
 .bss           0x000000000000211a        0x2 contiki-sky.a(leds.o)
 .bss           0x000000000000211c        0x2 contiki-sky.a(watchdog.o)
 .bss           0x000000000000211e        0x2 contiki-sky.a(rpl.o)
 .bss           0x0000000000002120       0x64 contiki-sky.a(rpl-dag.o)
 .bss           0x0000000000002184       0x18 contiki-sky.a(rpl-timers.o)
 .bss           0x000000000000219c       0x96 contiki-sky.a(nbr-table.o)
 .bss           0x0000000000002232       0x10 contiki-sky.a(uip-icmp6.o)
 .bss           0x0000000000002242        0x6 contiki-sky.a(er-coap-13.o)
                0x0000000000002242                coap_error_code
 .bss           0x0000000000002248        0x4 /usr/lib/gcc/msp430/4.6.3/../../../../msp430/lib/mmpy-16/libc.a(sprintf.o)
 *(COMMON)
 COMMON         0x000000000000224c        0x8 contiki-sky.a(rimeaddr.o)
                0x000000000000224c                rimeaddr_node_addr
 COMMON         0x0000000000002254        0x1 contiki-sky.a(process.o)
                0x0000000000002254                process_maxevents
 *fill*         0x0000000000002255        0x1 00
 COMMON         0x0000000000002256       0x56 contiki-sky.a(energest.o)
                0x0000000000002256                energest_total_time
                0x0000000000002286                energest_total_count
                0x0000000000002288                energest_current_mode
                0x0000000000002294                energest_current_time
 COMMON         0x00000000000022ac       0x50 contiki-sky.a(packetbuf.o)
                0x00000000000022ac                packetbuf_addrs
                0x00000000000022cc                packetbuf_attrs
 COMMON         0x00000000000022fc        0x8 contiki-sky.a(sicslowpan.o)
                0x00000000000022fc                frag_sender
 COMMON         0x0000000000002304        0x1 contiki-sky.a(tcpip.o)
                0x0000000000002304                tcpip_event
 *fill*         0x0000000000002305        0x1 00
 COMMON         0x0000000000002306      0x15c contiki-sky.a(uip-ds6.o)
                0x0000000000002306                uip_ds6_timer_ra
                0x000000000000230e                uip_ds6_if
                0x00000000000023fa                uip_ds6_netif_addr_list_offset
                0x00000000000023fb                uip_ds6_addr_size
                0x00000000000023fc                uip_ds6_prefix_list
                0x0000000000002456                uip_ds6_timer_periodic
 COMMON         0x0000000000002462      0x240 contiki-sky.a(uip6.o)
                0x0000000000002462                uip_len
                0x0000000000002464                uip_sappdata
                0x0000000000002466                uip_lladdr
                0x000000000000246e                uip_aligned_buf
                0x000000000000255e                uip_flags
                0x0000000000002560                uip_next_hdr
                0x0000000000002562                uip_udp_conn
                0x0000000000002564                uip_appdata
                0x0000000000002566                uip_conn
                0x0000000000002568                uip_slen
                0x000000000000256a                uip_udp_conns
 COMMON         0x00000000000026a2        0x2 contiki-sky.a(contiki-sky-pla)
                0x00000000000026a2                sensors_flags
 COMMON         0x00000000000026a4        0x8 contiki-sky.a(ds2411.o)
                0x00000000000026a4                ds2411_id
 COMMON         0x00000000000026ac        0x1 contiki-sky.a(sensors.o)
                0x00000000000026ac                sensors_event
 *fill*         0x00000000000026ad        0x1 00
 COMMON         0x00000000000026ae       0x14 contiki-sky.a(cc2420.o)
                0x00000000000026ae                cc2420_last_rssi
                0x00000000000026b0                cc2420_packets_read
                0x00000000000026b2                cc2420_packets_seen
                0x00000000000026b4                cc2420_sfd_start_time
                0x00000000000026b6                cc2420_time_of_departure
                0x00000000000026b8                cc2420_time_of_arrival
                0x00000000000026ba                cc2420_last_correlation
                0x00000000000026bc                cc2420_authority_level_of_sender
                0x00000000000026be                cc2420_sfd_counter
                0x00000000000026c0                cc2420_sfd_end_time
 COMMON         0x00000000000026c2        0x2 contiki-sky.a(msp430.o)
                0x00000000000026c2                msp430_dco_required
 COMMON         0x00000000000026c4       0xca contiki-sky.a(rpl-dag.o)
                0x00000000000026c4                default_instance
                0x00000000000026c6                instance_table
                0x000000000000278e                . = ALIGN (0x2)
                0x000000000000278e                PROVIDE (__bss_end, .)
                0x0000000000001582                PROVIDE (__bss_size, SIZEOF (.bss))

.noinit         0x000000000000278e        0x2 load address 0x000000000000fee6