Archive member included because of file (symbol)

contiki-sky.a(contiki-sky-pla)
                              obj_sky/contiki-sky-main.o (init_platform)
contiki-sky.a(button-sensor.o)
                              contiki-sky.a(contiki-sky-pla) (button_sensor)
contiki-sky.a(ds2411.o)       obj_sky/contiki-sky-main.o (ds2411_init)
contiki-sky.a(xmem.o)         obj_sky/contiki-sky-main.o (xmem_init)
contiki-sky.a(node-id.o)      obj_sky/contiki-sky-main.o (node_id_restore)
contiki-sky.a(sensors.o)      contiki-sky.a(button-sensor.o) (sensors_changed)
contiki-sky.a(cc2420.o)       obj_sky/contiki-sky-main.o (cc2420_set_pan_addr)
contiki-sky.a(cc2420-arch.o)  contiki-sky.a(cc2420.o) (cc2420_arch_init)
contiki-sky.a(uart1.o)        obj_sky/contiki-sky-main.o (uart1_active)
contiki-sky.a(uart1-putchar.o)
                              obj_sky/contiki-sky-main.o (putchar)
contiki-sky.a(msp430.o)       contiki-sky.a(uart1.o) (msp430_add_lpm_req)
contiki-sky.a(clock.o)        obj_sky/contiki-sky-main.o (clock_init)
contiki-sky.a(leds.o)         obj_sky/contiki-sky-main.o (leds_init)
contiki-sky.a(leds-arch.o)    contiki-sky.a(leds.o) (leds_arch_init)
contiki-sky.a(watchdog.o)     obj_sky/contiki-sky-main.o (watchdog_start)
contiki-sky.a(rtimer-arch.o)  obj_sky/contiki-sky-main.o (rtimer_arch_now)
contiki-sky.a(autostart.o)    obj_sky/contiki-sky-main.o (autostart_start)
contiki-sky.a(energest.o)     obj_sky/contiki-sky-main.o (energest_init)
contiki-sky.a(etimer.o)       contiki-sky.a(clock.o) (etimer_request_poll)
contiki-sky.a(ctimer.o)       obj_sky/contiki-sky-main.o (ctimer_init)
contiki-sky.a(process.o)      contiki-sky.a(etimer.o) (process_current)
contiki-sky.a(rtimer.o)       obj_sky/contiki-sky-main.o (rtimer_init)
contiki-sky.a(timer.o)        obj_sky/contiki-sky-main.o (timer_set)
contiki-sky.a(list.o)         contiki-sky.a(ctimer.o) (list_init)
contiki-sky.a(random.o)       obj_sky/contiki-sky-main.o (random_init)
contiki-sky.a(uip-ds6.o)      obj_sky/contiki-sky-main.o (uip_ds6_get_link_local)
contiki-sky.a(uip-ds6-route.o)
                              contiki-sky.a(uip-ds6.o) (uip_ds6_route_init)
contiki-sky.a(uip6.o)         obj_sky/contiki-sky-main.o (uip_lladdr)
contiki-sky.a(uip-ds6-nbr.o)  contiki-sky.a(uip-ds6.o) (uip_ds6_neighbors_init)
contiki-sky.a(uip-nd6.o)      contiki-sky.a(uip6.o) (uip_nd6_init)
contiki-sky.a(sicslowpan.o)   obj_sky/contiki-sky-main.o (sicslowpan_driver)
contiki-sky.a(uip-debug.o)    contiki-sky.a(uip-ds6-route.o) (uip_debug_ipaddr_print)
contiki-sky.a(tcpip.o)        contiki-sky.a(sicslowpan.o) (tcpip_set_outputfunc)
contiki-sky.a(resolv.o)       udp-server.co (resolv_process)
contiki-sky.a(uip-nameserver.)
                              contiki-sky.a(resolv.o) (uip_nameserver_get)
contiki-sky.a(rpl-ext-header.)
                              contiki-sky.a(uip6.o) (rpl_verify_header)
contiki-sky.a(rpl.o)          contiki-sky.a(uip-ds6-nbr.o) (rpl_link_neighbor_callback)
contiki-sky.a(rpl-mrhof.o)    contiki-sky.a(rpl.o) (rpl_mrhof)
contiki-sky.a(rpl-dag.o)      contiki-sky.a(rpl-mrhof.o) (rpl_get_nbr)
contiki-sky.a(framer-802154.o)
                              contiki-sky.a(sicslowpan.o) (framer_802154)
contiki-sky.a(csma.o)         obj_sky/contiki-sky-main.o (csma_driver)
contiki-sky.a(frame802154.o)  contiki-sky.a(framer-802154.o) (frame802154_hdrlen)
contiki-sky.a(mac.o)          contiki-sky.a(csma.o) (mac_call_sent_callback)
contiki-sky.a(framer.o)       contiki-sky.a(framer-802154.o) (framer_canonical_create_and_secure)
contiki-sky.a(queuebuf.o)     obj_sky/contiki-sky-main.o (queuebuf_init)
contiki-sky.a(nbr-table.o)    contiki-sky.a(uip-ds6-route.o) (nbr_table_register)
contiki-sky.a(packetbuf.o)    contiki-sky.a(framer.o) (packetbuf_compact)
contiki-sky.a(linkaddr.o)     obj_sky/contiki-sky-main.o (linkaddr_copy)
contiki-sky.a(contikimac.o)   obj_sky/contiki-sky-main.o (contikimac_driver)
contiki-sky.a(nullsec.o)      obj_sky/contiki-sky-main.o (nullsec_driver)
contiki-sky.a(spi.o)          contiki-sky.a(xmem.o) (spi_init)
contiki-sky.a(stimer.o)       contiki-sky.a(uip-ds6.o) (stimer_set)
contiki-sky.a(compower.o)     contiki-sky.a(contikimac.o) (compower_accumulate)
contiki-sky.a(memb.o)         contiki-sky.a(uip-ds6-route.o) (memb_init)
contiki-sky.a(uip-icmp6.o)    contiki-sky.a(uip6.o) (uip_icmp6_input)
contiki-sky.a(uip-udp-packet.)
                              contiki-sky.a(resolv.o) (uip_udp_packet_sendto)
contiki-sky.a(rpl-icmp6.o)    contiki-sky.a(rpl-ext-header.) (dao_output_target)
contiki-sky.a(rpl-timers.o)   contiki-sky.a(rpl.o) (rpl_reset_periodic_timer)
contiki-sky.a(mac-sequence.o)
                              contiki-sky.a(contikimac.o) (mac_sequence_is_duplicate)
/usr/lib/gcc/msp430/4.6.3/mmpy-16/libgcc.a(_mulsi3.o)
                              contiki-sky.a(rpl.o) (__mulsi3)
/usr/lib/gcc/msp430/4.6.3/mmpy-16/libgcc.a(_udivmod16.o)
                              contiki-sky.a(rpl-dag.o) (__udivhi3)
[...]
Memory Configuration

Name             Origin             Length             Attributes
sfr              0x0000000000000000 0x0000000000000010
peripheral_8bit  0x0000000000000010 0x00000000000000f0
peripheral_16bit 0x0000000000000100 0x0000000000000100
ram_mirror       0x0000000000000200 0x0000000000000800 xw
infomem          0x0000000000001000 0x0000000000000100
infob            0x0000000000001000 0x0000000000000080
infoa            0x0000000000001080 0x0000000000000080
ram              0x0000000000001100 0x0000000000002800 xw
rom              0x0000000000004000 0x000000000000bfe0 xr
vectors          0x000000000000ffe0 0x0000000000000020
bsl              0x0000000000000000 0x0000000000000000
infoc            0x0000000000000000 0x0000000000000000
infod            0x0000000000000000 0x0000000000000000
ram2             0x0000000000000000 0x0000000000000000 xw
usbram           0x0000000000000000 0x0000000000000000 xw
far_rom          0x0000000000000000 0x0000000000000000
*default*        0x0000000000000000 0xffffffffffffffff

Linker script and memory map

LOAD /usr/lib/gcc/msp430/4.6.3/mmpy-16/crt0ivtbl16.o
LOAD udp-server.co
LOAD obj_sky/contiki-sky-main.o
LOAD contiki-sky.a
LOAD /usr/lib/gcc/msp430/4.6.3/mmpy-16/libgcc.a
LOAD /usr/lib/gcc/msp430/4.6.3/../../../../msp430/lib/mmpy-16/libc.a
LOAD /usr/lib/gcc/msp430/4.6.3/mmpy-16/libgcc.a
LOAD /usr/lib/gcc/msp430/4.6.3/mmpy-16/libcrt0.a
                0x0000000000000080                PROVIDE (__info_segment_size, 0x80)
                0x0000000000001000                PROVIDE (__infob, 0x1000)
                0x0000000000001080                PROVIDE (__infoa, 0x1080)
                0x0000000000000000                __IE1 = 0x0
                0x0000000000000002                __IFG1 = 0x2
                0x0000000000000004                __ME1 = 0x4
                0x0000000000000001                __IE2 = 0x1
                0x0000000000000003                __IFG2 = 0x3
                0x0000000000000005                __ME2 = 0x5
                0x0000000000000120                __WDTCTL = 0x120
                0x0000000000000130                __MPY = 0x130
                0x0000000000000132                __MPYS = 0x132
                0x0000000000000134                __MAC = 0x134
                0x0000000000000136                __MACS = 0x136
                0x0000000000000138                __OP2 = 0x138
                0x000000000000013a                __RESLO = 0x13a
                0x000000000000013c                __RESHI = 0x13c
                0x000000000000013e                __SUMEXT = 0x13e
                0x0000000000000020                __P1IN = 0x20
                0x0000000000000021                __P1OUT = 0x21
                0x0000000000000022                __P1DIR = 0x22
                0x0000000000000023                __P1IFG = 0x23
                0x0000000000000024                __P1IES = 0x24
                0x0000000000000025                __P1IE = 0x25
                0x0000000000000026                __P1SEL = 0x26
                0x0000000000000028                __P2IN = 0x28
                0x0000000000000029                __P2OUT = 0x29
                0x000000000000002a                __P2DIR = 0x2a
                0x000000000000002b                __P2IFG = 0x2b
                0x000000000000002c                __P2IES = 0x2c
                0x000000000000002d                __P2IE = 0x2d
                0x000000000000002e                __P2SEL = 0x2e
                0x0000000000000018                __P3IN = 0x18
                0x0000000000000019                __P3OUT = 0x19
                0x000000000000001a                __P3DIR = 0x1a
                0x000000000000001b                __P3SEL = 0x1b
                0x000000000000001c                __P4IN = 0x1c
                0x000000000000001d                __P4OUT = 0x1d
                0x000000000000001e                __P4DIR = 0x1e
                0x000000000000001f                __P4SEL = 0x1f
                0x0000000000000030                __P5IN = 0x30
                0x0000000000000031                __P5OUT = 0x31
                0x0000000000000032                __P5DIR = 0x32
                0x0000000000000033                __P5SEL = 0x33
                0x0000000000000034                __P6IN = 0x34
                0x0000000000000035                __P6OUT = 0x35
                0x0000000000000036                __P6DIR = 0x36
                0x0000000000000037                __P6SEL = 0x37
                0x0000000000000070                __U0CTL = 0x70
                0x0000000000000071                __U0TCTL = 0x71
                0x0000000000000072                __U0RCTL = 0x72
                0x0000000000000073                __U0MCTL = 0x73
                0x0000000000000074                __U0BR0 = 0x74
                0x0000000000000075                __U0BR1 = 0x75
                0x0000000000000076                __U0RXBUF = 0x76
                0x0000000000000077                __U0TXBUF = 0x77
                0x0000000000000078                __U1CTL = 0x78
                0x0000000000000079                __U1TCTL = 0x79
                0x000000000000007a                __U1RCTL = 0x7a
                0x000000000000007b                __U1MCTL = 0x7b
                0x000000000000007c                __U1BR0 = 0x7c
                0x000000000000007d                __U1BR1 = 0x7d
                0x000000000000007e                __U1RXBUF = 0x7e
                0x000000000000007f                __U1TXBUF = 0x7f
                0x0000000000000050                __I2CIE = 0x50
                0x0000000000000051                __I2CIFG = 0x51
                0x0000000000000052                __I2CNDAT = 0x52
                0x0000000000000071                __I2CTCTL = 0x71
                0x0000000000000072                __I2CDCTL = 0x72
                0x0000000000000073                __I2CPSC = 0x73
                0x0000000000000074                __I2CSCLH = 0x74
                0x0000000000000075                __I2CSCLL = 0x75
                0x0000000000000076                __I2CDRB = 0x76
                0x0000000000000076                __I2CDRW = 0x76
                0x0000000000000118                __I2COA = 0x118
                0x000000000000011a                __I2CSA = 0x11a
                0x000000000000011c                __I2CIV = 0x11c
                0x000000000000012e                __TAIV = 0x12e
                0x0000000000000160                __TACTL = 0x160
                0x0000000000000162                __TACCTL0 = 0x162
                0x0000000000000164                __TACCTL1 = 0x164
                0x0000000000000166                __TACCTL2 = 0x166
                0x0000000000000170                __TAR = 0x170
                0x0000000000000172                __TACCR0 = 0x172
                0x0000000000000174                __TACCR1 = 0x174
                0x0000000000000176                __TACCR2 = 0x176
                0x000000000000011e                __TBIV = 0x11e
                0x0000000000000180                __TBCTL = 0x180
                0x0000000000000182                __TBCCTL0 = 0x182
                0x0000000000000184                __TBCCTL1 = 0x184
                0x0000000000000186                __TBCCTL2 = 0x186
                0x0000000000000188                __TBCCTL3 = 0x188
                0x000000000000018a                __TBCCTL4 = 0x18a
                0x000000000000018c                __TBCCTL5 = 0x18c
                0x000000000000018e                __TBCCTL6 = 0x18e
                0x0000000000000190                __TBR = 0x190
                0x0000000000000192                __TBCCR0 = 0x192
                0x0000000000000194                __TBCCR1 = 0x194
                0x0000000000000196                __TBCCR2 = 0x196
                0x0000000000000198                __TBCCR3 = 0x198
                0x000000000000019a                __TBCCR4 = 0x19a
                0x000000000000019c                __TBCCR5 = 0x19c
                0x000000000000019e                __TBCCR6 = 0x19e
                0x0000000000000056                __DCOCTL = 0x56
                0x0000000000000057                __BCSCTL1 = 0x57
                0x0000000000000058                __BCSCTL2 = 0x58
                0x0000000000000055                __SVSCTL = 0x55
                0x0000000000000128                __FCTL1 = 0x128
                0x000000000000012a                __FCTL2 = 0x12a
                0x000000000000012c                __FCTL3 = 0x12c
                0x0000000000000059                __CACTL1 = 0x59
                0x000000000000005a                __CACTL2 = 0x5a
                0x000000000000005b                __CAPD = 0x5b
                0x00000000000001a0                __ADC12CTL0 = 0x1a0
                0x00000000000001a2                __ADC12CTL1 = 0x1a2
                0x00000000000001a4                __ADC12IFG = 0x1a4
                0x00000000000001a6                __ADC12IE = 0x1a6
                0x00000000000001a8                __ADC12IV = 0x1a8
                0x0000000000000140                __ADC12MEM0 = 0x140
                0x0000000000000142                __ADC12MEM1 = 0x142
                0x0000000000000144                __ADC12MEM2 = 0x144
                0x0000000000000146                __ADC12MEM3 = 0x146
                0x0000000000000148                __ADC12MEM4 = 0x148
                0x000000000000014a                __ADC12MEM5 = 0x14a
                0x000000000000014c                __ADC12MEM6 = 0x14c
                0x000000000000014e                __ADC12MEM7 = 0x14e
                0x0000000000000150                __ADC12MEM8 = 0x150
                0x0000000000000152                __ADC12MEM9 = 0x152
                0x0000000000000154                __ADC12MEM10 = 0x154
                0x0000000000000156                __ADC12MEM11 = 0x156
                0x0000000000000158                __ADC12MEM12 = 0x158
                0x000000000000015a                __ADC12MEM13 = 0x15a
                0x000000000000015c                __ADC12MEM14 = 0x15c
                0x000000000000015e                __ADC12MEM15 = 0x15e
                0x0000000000000080                __ADC12MCTL0 = 0x80
                0x0000000000000081                __ADC12MCTL1 = 0x81
                0x0000000000000082                __ADC12MCTL2 = 0x82
                0x0000000000000083                __ADC12MCTL3 = 0x83
                0x0000000000000084                __ADC12MCTL4 = 0x84
                0x0000000000000085                __ADC12MCTL5 = 0x85
                0x0000000000000086                __ADC12MCTL6 = 0x86
                0x0000000000000087                __ADC12MCTL7 = 0x87
                0x0000000000000088                __ADC12MCTL8 = 0x88
                0x0000000000000089                __ADC12MCTL9 = 0x89
                0x000000000000008a                __ADC12MCTL10 = 0x8a
                0x000000000000008b                __ADC12MCTL11 = 0x8b
                0x000000000000008c                __ADC12MCTL12 = 0x8c
                0x000000000000008d                __ADC12MCTL13 = 0x8d
                0x000000000000008e                __ADC12MCTL14 = 0x8e
                0x000000000000008f                __ADC12MCTL15 = 0x8f
                0x00000000000001c0                __DAC12_0CTL = 0x1c0
                0x00000000000001c2                __DAC12_1CTL = 0x1c2
                0x00000000000001c8                __DAC12_0DAT = 0x1c8
                0x00000000000001ca                __DAC12_1DAT = 0x1ca
                0x0000000000000122                __DMACTL0 = 0x122
                0x0000000000000124                __DMACTL1 = 0x124
                0x00000000000001e0                __DMA0CTL = 0x1e0
                0x00000000000001e8                __DMA1CTL = 0x1e8
                0x00000000000001f0                __DMA2CTL = 0x1f0
                0x00000000000001e2                __DMA0SA = 0x1e2
                0x00000000000001e4                __DMA0DA = 0x1e4
                0x00000000000001e6                __DMA0SZ = 0x1e6
                0x00000000000001ea                __DMA1SA = 0x1ea
                0x00000000000001ec                __DMA1DA = 0x1ec
                0x00000000000001ee                __DMA1SZ = 0x1ee
                0x00000000000001f2                __DMA2SA = 0x1f2
                0x00000000000001f4                __DMA2DA = 0x1f4
                0x00000000000001f6                __DMA2SZ = 0x1f6

.hash
 *(.hash)

.dynsym
 *(.dynsym)

.dynstr
 *(.dynstr)

.gnu.version
 *(.gnu.version)

.gnu.version_d
 *(.gnu.version_d)

.gnu.version_r
 *(.gnu.version_r)

.rel.init
 *(.rel.init)

.rela.init
 *(.rela.init)

.rel.fini
 *(.rel.fini)

.rela.fini
 *(.rela.fini)

.rel.text
 *(.rel.text .rel.text.* .rel.gnu.linkonce.t.*)

.rela.text
 *(.rela.text .rela.text.* .rela.gnu.linkonce.t.*)

.rel.rodata
 *(.rel.rodata .rel.rodata.* .rel.gnu.linkonce.r.*)

.rela.rodata
 *(.rela.rodata .rela.rodata.* .rela.gnu.linkonce.r.*)

.rel.data
 *(.rel.data .rel.data.* .rel.gnu.linkonce.d.*)

.rela.data
 *(.rela.data .rela.data.* .rela.gnu.linkonce.d.*)

.rel.bss
 *(.rel.bss .rel.bss.* .rel.gnu.linkonce.b.*)

.rela.bss
 *(.rela.bss .rela.bss.* .rela.gnu.linkonce.b.*)

.rel.ctors
 *(.rel.ctors)

.rela.ctors
 *(.rela.ctors)

.rel.dtors
 *(.rel.dtors)

.rela.dtors
 *(.rela.dtors)

.rel.got
 *(.rel.got)

.rela.got
 *(.rela.got)

.rel.plt
 *(.rel.plt)

.rela.plt
 *(.rela.plt)

.text           0x0000000000004000     0xb50a
                0x0000000000004000                . = ALIGN (0x2)
 *(.init .init.*)
 *(.init0)
 .init0         0x0000000000004000        0x0 /usr/lib/gcc/msp430/4.6.3/mmpy-16/libcrt0.a(_reset_vector__.o)
                0x0000000000004000                _reset_vector__
 *(.init1)
 .init1         0x0000000000004000        0xc /usr/lib/gcc/msp430/4.6.3/mmpy-16/libcrt0.a(__watchdog_support.o)
                0x0000000000004000                __watchdog_support
 *(.init2)
 .init2         0x000000000000400c        0x4 /usr/lib/gcc/msp430/4.6.3/mmpy-16/libcrt0.a(__init_stack.o)
                0x000000000000400c                __init_stack
 *(.init3)
 .init3         0x0000000000004010        0x0 /usr/lib/gcc/msp430/4.6.3/mmpy-16/libcrt0.a(__low_level_init.o)
                0x0000000000004010                __low_level_init
 *(.init4)
 .init4         0x0000000000004010       0x18 /usr/lib/gcc/msp430/4.6.3/mmpy-16/libcrt0.a(_copy_data.o)
                0x0000000000004010                __do_copy_data
 .init4         0x0000000000004028       0x16 /usr/lib/gcc/msp430/4.6.3/mmpy-16/libcrt0.a(_clear_bss.o)
                0x0000000000004028                __do_clear_bss
 *(.init5)
 *(.init6)
 *(.init7)
 *(.init8)
 *(.init9)
 .init9         0x000000000000403e      0x2d8 obj_sky/contiki-sky-main.o
                0x000000000000403e                main
 *(.fini9)
 .fini9         0x0000000000004316        0x0 /usr/lib/gcc/msp430/4.6.3/mmpy-16/libcrt0.a(__stop_progExec__.o)
                0x0000000000004316                __stop_progExec__
 *(.fini8)
 *(.fini7)
 *(.fini6)
 *(.fini5)
 *(.fini4)
 *(.fini3)
 *(.fini2)
 *(.fini1)
 *(.fini0)
 .fini0         0x0000000000004316        0x6 /usr/lib/gcc/msp430/4.6.3/mmpy-16/libcrt0.a(_endless_loop__.o)
                0x0000000000004316                _endless_loop__
 *(.fini .fini.*)
                0x000000000000431c                . = ALIGN (0x2)
                0x000000000000431c                __ctors_start = .
 *(.ctors)
                0x000000000000431c                __ctors_end = .
                0x000000000000431c                __dtors_start = .
 *(.dtors)
                0x000000000000431c                __dtors_end = .
                0x000000000000431c                . = ALIGN (0x2)
 *(.text .text.* .gnu.linkonce.t.*)
 .text          0x000000000000431c        0x4 /usr/lib/gcc/msp430/4.6.3/mmpy-16/crt0ivtbl16.o
                0x000000000000431c                __isr_14
                0x000000000000431c                __isr_11
                0x000000000000431c                __isr_2
                0x000000000000431c                __isr_7
                0x000000000000431c                __isr_0
                0x000000000000431c                __isr_8
                0x000000000000431c                __isr_3
                0x000000000000431c                __isr_12
                0x000000000000431c                __isr_13
                0x000000000000431c                __isr_9
 .text.process_thread_udp_server_process
                0x0000000000004320        0xa udp-server.co
 .text.start_network_layer
                0x000000000000432a       0xa2 obj_sky/contiki-sky-main.o
 .text.init_platform
                0x00000000000043cc        0xc contiki-sky.a(contiki-sky-pla)
                0x00000000000043cc                init_platform
 .text.status   0x00000000000043d8       0x16 contiki-sky.a(button-sensor.o)
 .text.configure
                0x00000000000043ee       0x52 contiki-sky.a(button-sensor.o)
 .text.value    0x0000000000004440       0x22 contiki-sky.a(button-sensor.o)
 .text.irq_p2   0x0000000000004462       0x8a contiki-sky.a(button-sensor.o)
                0x0000000000004462                irq_p2
                0x0000000000004462                __isr_1
 .text.owreadb  0x00000000000044ec       0x52 contiki-sky.a(ds2411.o)
 .text.ds2411_init
                0x000000000000453e      0x122 contiki-sky.a(ds2411.o)
                0x000000000000453e                ds2411_init
 .text.wait_ready
                0x0000000000004660       0x50 contiki-sky.a(xmem.o)
 .text.xmem_init
                0x00000000000046b0       0x3e contiki-sky.a(xmem.o)
                0x00000000000046b0                xmem_init
 .text.xmem_pread
                0x00000000000046ee       0xea contiki-sky.a(xmem.o)
                0x00000000000046ee                xmem_pread
 .text.node_id_restore
                0x00000000000047d8       0x38 contiki-sky.a(node-id.o)
                0x00000000000047d8                node_id_restore
 .text.process_thread_sensors_process
                0x0000000000004810       0xbe contiki-sky.a(sensors.o)
 .text.sensors_changed
                0x00000000000048ce       0x2a contiki-sky.a(sensors.o)
                0x00000000000048ce                sensors_changed
 .text.get_object
                0x00000000000048f8        0x4 contiki-sky.a(cc2420.o)
 .text.set_object
                0x00000000000048fc        0x4 contiki-sky.a(cc2420.o)
 .text.strobe   0x0000000000004900       0x20 contiki-sky.a(cc2420.o)
 .text.getreg   0x0000000000004920       0x54 contiki-sky.a(cc2420.o)
 .text.setreg   0x0000000000004974       0x52 contiki-sky.a(cc2420.o)
 .text.write_ram
                0x00000000000049c6       0x80 contiki-sky.a(cc2420.o)
 .text.write_fifo_buf
                0x0000000000004a46       0x40 contiki-sky.a(cc2420.o)
 .text.get_status
                0x0000000000004a86       0x24 contiki-sky.a(cc2420.o)
 .text.set_txpower
                0x0000000000004aaa       0x26 contiki-sky.a(cc2420.o)
 .text.cc2420_receiving_packet
                0x0000000000004ad0        0xe contiki-sky.a(cc2420.o)
 .text.pending_packet
                0x0000000000004ade        0x8 contiki-sky.a(cc2420.o)
 .text.on       0x0000000000004ae6       0x1e contiki-sky.a(cc2420.o)
 .text.wait_for_transmission
                0x0000000000004b04       0x22 contiki-sky.a(cc2420.o)
 .text.wait_for_status
                0x0000000000004b26       0x2a contiki-sky.a(cc2420.o)
 .text.getrxdata
                0x0000000000004b50       0x56 contiki-sky.a(cc2420.o)
 .text.flushrx  0x0000000000004ba6       0x1a contiki-sky.a(cc2420.o)
 .text.off      0x0000000000004bc0       0x5a contiki-sky.a(cc2420.o)
 .text.RELEASE_LOCK
                0x0000000000004c1a       0x28 contiki-sky.a(cc2420.o)
 .text.set_key  0x0000000000004c42       0x18 contiki-sky.a(cc2420.o)
 .text.cc2420_prepare
                0x0000000000004c5a       0x3c contiki-sky.a(cc2420.o)
 .text.cc2420_on
                0x0000000000004c96       0x22 contiki-sky.a(cc2420.o)
                0x0000000000004c96                cc2420_on
 .text.cc2420_off
                0x0000000000004cb8       0x30 contiki-sky.a(cc2420.o)
                0x0000000000004cb8                cc2420_off
 .text.cc2420_cca
                0x0000000000004ce8       0x5e contiki-sky.a(cc2420.o)
 .text.cc2420_read
                0x0000000000004d46       0xb0 contiki-sky.a(cc2420.o)
 .text.process_thread_cc2420_process
                0x0000000000004df6       0x50 contiki-sky.a(cc2420.o)
 .text.encrypt  0x0000000000004e46       0x8e contiki-sky.a(cc2420.o)
 .text.cc2420_set_channel
                0x0000000000004ed4       0x3c contiki-sky.a(cc2420.o)
                0x0000000000004ed4                cc2420_set_channel
 .text.cc2420_set_pan_addr
                0x0000000000004f10       0x4c contiki-sky.a(cc2420.o)
                0x0000000000004f10                cc2420_set_pan_addr
 .text.cc2420_interrupt
                0x0000000000004f5c       0x18 contiki-sky.a(cc2420.o)
                0x0000000000004f5c                cc2420_interrupt
 .text.cc2420_set_txpower
                0x0000000000004f74        0xe contiki-sky.a(cc2420.o)
                0x0000000000004f74                cc2420_set_txpower
 .text.cc2420_get_txpower
                0x0000000000004f82       0x1e contiki-sky.a(cc2420.o)
                0x0000000000004f82                cc2420_get_txpower
 .text.cc2420_transmit
                0x0000000000004fa0      0x10e contiki-sky.a(cc2420.o)
 .text.cc2420_send
                0x00000000000050ae       0x12 contiki-sky.a(cc2420.o)
 .text.cc2420_rssi
                0x00000000000050c0       0x4c contiki-sky.a(cc2420.o)
                0x00000000000050c0                cc2420_rssi
 .text.get_value
                0x000000000000510c       0xac contiki-sky.a(cc2420.o)
 .text.cc2420_set_cca_threshold
                0x00000000000051b8       0x16 contiki-sky.a(cc2420.o)
                0x00000000000051b8                cc2420_set_cca_threshold
 .text.set_value
                0x00000000000051ce       0x8a contiki-sky.a(cc2420.o)
 .text.cc2420_init
                0x0000000000005258       0xde contiki-sky.a(cc2420.o)
                0x0000000000005258                cc2420_init
 .text.cc2420_port1_interrupt
                0x0000000000005336       0x62 contiki-sky.a(cc2420-arch.o)
                0x0000000000005336                __isr_4
                0x0000000000005336                cc2420_port1_interrupt
 .text.cc2420_arch_init
                0x0000000000005398       0x1a contiki-sky.a(cc2420-arch.o)
                0x0000000000005398                cc2420_arch_init
 .text.uart1_active
                0x00000000000053b2       0x1a contiki-sky.a(uart1.o)
                0x00000000000053b2                uart1_active
 .text.uart1_writeb
                0x00000000000053cc       0x1a contiki-sky.a(uart1.o)
                0x00000000000053cc                uart1_writeb
 .text.uart1_init
                0x00000000000053e6       0xf6 contiki-sky.a(uart1.o)
                0x00000000000053e6                uart1_init
 .text.putchar  0x00000000000054dc       0x10 contiki-sky.a(uart1-putchar.o)
                0x00000000000054dc                putchar
 .text.msp430_init_dco
                0x00000000000054ec       0x84 contiki-sky.a(msp430.o)
                0x00000000000054ec                msp430_init_dco
 .text.msp430_add_lpm_req
                0x0000000000005570        0xc contiki-sky.a(msp430.o)
                0x0000000000005570                msp430_add_lpm_req
 .text.msp430_cpu_init
                0x000000000000557c       0x2a contiki-sky.a(msp430.o)
                0x000000000000557c                msp430_cpu_init
 .text.splhigh_
                0x00000000000055a6        0x8 contiki-sky.a(msp430.o)
                0x00000000000055a6                splhigh_
 .text.msp430_sync_dco
                0x00000000000055ae       0x68 contiki-sky.a(msp430.o)
                0x00000000000055ae                msp430_sync_dco
 .text.timera1  0x0000000000005616      0x11e contiki-sky.a(clock.o)
                0x0000000000005616                __isr_5
                0x0000000000005616                timera1
 .text.clock_time
                0x0000000000005734       0x1a contiki-sky.a(clock.o)
                0x0000000000005734                clock_time
 .text.clock_init
                0x000000000000574e       0x28 contiki-sky.a(clock.o)
                0x000000000000574e                clock_init
 .text.clock_delay
                0x0000000000005776        0xc contiki-sky.a(clock.o)
                0x0000000000005776                clock_delay
 .text.clock_seconds
                0x0000000000005782       0x1a contiki-sky.a(clock.o)
                0x0000000000005782                clock_seconds
 .text.show_leds
                0x000000000000579c       0xf6 contiki-sky.a(leds.o)
 .text.leds_init
                0x0000000000005892        0xa contiki-sky.a(leds.o)
                0x0000000000005892                leds_init
 .text.leds_on  0x000000000000589c        0xa contiki-sky.a(leds.o)
                0x000000000000589c                leds_on
 .text.leds_off
                0x00000000000058a6        0xe contiki-sky.a(leds.o)
                0x00000000000058a6                leds_off
 .text.leds_arch_init
                0x00000000000058b4        0xe contiki-sky.a(leds-arch.o)
                0x00000000000058b4                leds_arch_init
 .text.leds_arch_set
                0x00000000000058c2       0x3a contiki-sky.a(leds-arch.o)
                0x00000000000058c2                leds_arch_set
 .text.watchdog_interrupt
                0x00000000000058fc        0x6 contiki-sky.a(watchdog.o)
                0x00000000000058fc                __isr_10
                0x00000000000058fc                watchdog_interrupt
 .text.watchdog_start
                0x0000000000005902       0x14 contiki-sky.a(watchdog.o)
                0x0000000000005902                watchdog_start
 .text.watchdog_periodic
                0x0000000000005916       0x12 contiki-sky.a(watchdog.o)
                0x0000000000005916                watchdog_periodic
 .text.watchdog_stop
                0x0000000000005928       0x16 contiki-sky.a(watchdog.o)
                0x0000000000005928                watchdog_stop
 .text.watchdog_init
                0x000000000000593e       0x14 contiki-sky.a(watchdog.o)
                0x000000000000593e                watchdog_init
 .text.rtimer_arch_init
                0x0000000000005952        0xe contiki-sky.a(rtimer-arch.o)
                0x0000000000005952                rtimer_arch_init
 .text.rtimer_arch_now
                0x0000000000005960        0xe contiki-sky.a(rtimer-arch.o)
                0x0000000000005960                rtimer_arch_now
 .text.timera0  0x000000000000596e       0x70 contiki-sky.a(rtimer-arch.o)
                0x000000000000596e                __isr_6
                0x000000000000596e                timera0
 .text.rtimer_arch_schedule
                0x00000000000059de        0x6 contiki-sky.a(rtimer-arch.o)
                0x00000000000059de                rtimer_arch_schedule
 .text.autostart_start
                0x00000000000059e4       0x16 contiki-sky.a(autostart.o)
                0x00000000000059e4                autostart_start
 .text.energest_init
                0x00000000000059fa       0x28 contiki-sky.a(energest.o)
                0x00000000000059fa                energest_init
 .text.energest_type_time
                0x0000000000005a22       0x46 contiki-sky.a(energest.o)
                0x0000000000005a22                energest_type_time
 .text.energest_type_set
                0x0000000000005a68        0xe contiki-sky.a(energest.o)
                0x0000000000005a68                energest_type_set
 .text.energest_flush
                0x0000000000005a76       0x48 contiki-sky.a(energest.o)
                0x0000000000005a76                energest_flush
 .text.update_time
                0x0000000000005abe       0x78 contiki-sky.a(etimer.o)
 .text.etimer_request_poll
                0x0000000000005b36        0xa contiki-sky.a(etimer.o)
                0x0000000000005b36                etimer_request_poll
 .text.process_thread_etimer_process
                0x0000000000005b40       0xc8 contiki-sky.a(etimer.o)
 .text.add_timer
                0x0000000000005c08       0x40 contiki-sky.a(etimer.o)
 .text.etimer_set
                0x0000000000005c48       0x12 contiki-sky.a(etimer.o)
                0x0000000000005c48                etimer_set
 .text.etimer_reset
                0x0000000000005c5a       0x12 contiki-sky.a(etimer.o)
                0x0000000000005c5a                etimer_reset
 .text.etimer_restart
                0x0000000000005c6c       0x12 contiki-sky.a(etimer.o)
                0x0000000000005c6c                etimer_restart
 .text.etimer_expired
                0x0000000000005c7e        0xe contiki-sky.a(etimer.o)
                0x0000000000005c7e                etimer_expired
 .text.etimer_expiration_time
                0x0000000000005c8c       0x14 contiki-sky.a(etimer.o)
                0x0000000000005c8c                etimer_expiration_time
 .text.etimer_pending
                0x0000000000005ca0        0xc contiki-sky.a(etimer.o)
                0x0000000000005ca0                etimer_pending
 .text.etimer_next_expiration_time
                0x0000000000005cac       0x16 contiki-sky.a(etimer.o)
                0x0000000000005cac                etimer_next_expiration_time
 .text.etimer_stop
                0x0000000000005cc2       0x3c contiki-sky.a(etimer.o)
                0x0000000000005cc2                etimer_stop
 .text.process_thread_ctimer_process
                0x0000000000005cfe       0xa4 contiki-sky.a(ctimer.o)
 .text.ctimer_init
                0x0000000000005da2       0x18 contiki-sky.a(ctimer.o)
                0x0000000000005da2                ctimer_init
 .text.ctimer_set
                0x0000000000005dba       0x50 contiki-sky.a(ctimer.o)
                0x0000000000005dba                ctimer_set
 .text.ctimer_reset
                0x0000000000005e0a       0x30 contiki-sky.a(ctimer.o)
                0x0000000000005e0a                ctimer_reset
 .text.ctimer_stop
                0x0000000000005e3a       0x28 contiki-sky.a(ctimer.o)
                0x0000000000005e3a                ctimer_stop
 .text.call_process
                0x0000000000005e62       0x4a contiki-sky.a(process.o)
 .text.exit_process
                0x0000000000005eac       0x96 contiki-sky.a(process.o)
 .text.do_poll  0x0000000000005f42       0x30 contiki-sky.a(process.o)
 .text.process_alloc_event
                0x0000000000005f72        0xe contiki-sky.a(process.o)
                0x0000000000005f72                process_alloc_event
 .text.process_exit
                0x0000000000005f80        0xa contiki-sky.a(process.o)
                0x0000000000005f80                process_exit
 .text.process_init
                0x0000000000005f8a       0x1c contiki-sky.a(process.o)
                0x0000000000005f8a                process_init
 .text.process_run
                0x0000000000005fa6       0xa2 contiki-sky.a(process.o)
                0x0000000000005fa6                process_run
 .text.process_nevents
                0x0000000000006048        0xe contiki-sky.a(process.o)
                0x0000000000006048                process_nevents
 .text.process_post
                0x0000000000006056       0x54 contiki-sky.a(process.o)
                0x0000000000006056                process_post
 .text.process_post_synch
                0x00000000000060aa       0x12 contiki-sky.a(process.o)
                0x00000000000060aa                process_post_synch
 .text.process_start
                0x00000000000060bc       0x32 contiki-sky.a(process.o)
                0x00000000000060bc                process_start
 .text.process_poll
                0x00000000000060ee       0x18 contiki-sky.a(process.o)
                0x00000000000060ee                process_poll
 .text.rtimer_init
                0x0000000000006106        0x6 contiki-sky.a(rtimer.o)
                0x0000000000006106                rtimer_init
 .text.rtimer_set
                0x000000000000610c       0x24 contiki-sky.a(rtimer.o)
                0x000000000000610c                rtimer_set
 .text.rtimer_run_next
                0x0000000000006130       0x26 contiki-sky.a(rtimer.o)
                0x0000000000006130                rtimer_run_next
 .text.timer_set
                0x0000000000006156       0x1c contiki-sky.a(timer.o)
                0x0000000000006156                timer_set
 .text.timer_reset
                0x0000000000006172        0xe contiki-sky.a(timer.o)
                0x0000000000006172                timer_reset
 .text.timer_restart
                0x0000000000006180       0x14 contiki-sky.a(timer.o)
                0x0000000000006180                timer_restart
 .text.timer_expired
                0x0000000000006194       0x2a contiki-sky.a(timer.o)
                0x0000000000006194                timer_expired
 .text.list_init
                0x00000000000061be        0x6 contiki-sky.a(list.o)
                0x00000000000061be                list_init
 .text.list_head
                0x00000000000061c4        0x4 contiki-sky.a(list.o)
                0x00000000000061c4                list_head
 .text.list_tail
                0x00000000000061c8       0x12 contiki-sky.a(list.o)
                0x00000000000061c8                list_tail
 .text.list_remove
                0x00000000000061da       0x34 contiki-sky.a(list.o)
                0x00000000000061da                list_remove
 .text.list_push
                0x000000000000620e       0x1a contiki-sky.a(list.o)
                0x000000000000620e                list_push
 .text.list_add
                0x0000000000006228       0x2a contiki-sky.a(list.o)
                0x0000000000006228                list_add
 .text.list_length
                0x0000000000006252       0x10 contiki-sky.a(list.o)
                0x0000000000006252                list_length
 .text.list_item_next
                0x0000000000006262        0xc contiki-sky.a(list.o)
                0x0000000000006262                list_item_next
 .text.random_init
                0x000000000000626e        0x6 contiki-sky.a(random.o)
                0x000000000000626e                random_init
 .text.random_rand
                0x0000000000006274        0x6 contiki-sky.a(random.o)
                0x0000000000006274                random_rand
 .text.uip_ds6_list_loop
                0x000000000000627a       0x86 contiki-sky.a(uip-ds6.o)
                0x000000000000627a                uip_ds6_list_loop
 .text.uip_ds6_prefix_add
                0x0000000000006300       0x80 contiki-sky.a(uip-ds6.o)
                0x0000000000006300                uip_ds6_prefix_add
 .text.uip_ds6_is_addr_onlink
                0x0000000000006380       0x54 contiki-sky.a(uip-ds6.o)
                0x0000000000006380                uip_ds6_is_addr_onlink
 .text.uip_ds6_addr_lookup
                0x00000000000063d4       0x2a contiki-sky.a(uip-ds6.o)
                0x00000000000063d4                uip_ds6_addr_lookup
 .text.uip_ds6_get_link_local
                0x00000000000063fe       0x3e contiki-sky.a(uip-ds6.o)
                0x00000000000063fe                uip_ds6_get_link_local
 .text.uip_ds6_maddr_add
                0x000000000000643c       0x4c contiki-sky.a(uip-ds6.o)
                0x000000000000643c                uip_ds6_maddr_add
 .text.uip_ds6_addr_add
                0x0000000000006488       0xc4 contiki-sky.a(uip-ds6.o)
                0x0000000000006488                uip_ds6_addr_add
 .text.uip_ds6_maddr_lookup
                0x000000000000654c       0x2a contiki-sky.a(uip-ds6.o)
                0x000000000000654c                uip_ds6_maddr_lookup
 .text.uip_ds6_addr_rm
                0x0000000000006576       0x54 contiki-sky.a(uip-ds6.o)
                0x0000000000006576                uip_ds6_addr_rm
 .text.uip_ds6_periodic
                0x00000000000065ca       0x4a contiki-sky.a(uip-ds6.o)
                0x00000000000065ca                uip_ds6_periodic
 .text.uip_ds6_set_addr_iid
                0x0000000000006614       0x14 contiki-sky.a(uip-ds6.o)
                0x0000000000006614                uip_ds6_set_addr_iid
 .text.get_match_length
                0x0000000000006628       0x3e contiki-sky.a(uip-ds6.o)
                0x0000000000006628                get_match_length
 .text.uip_ds6_select_src
                0x0000000000006666       0xaa contiki-sky.a(uip-ds6.o)
                0x0000000000006666                uip_ds6_select_src
 .text.uip_ds6_compute_reachable_time
                0x0000000000006710       0x3e contiki-sky.a(uip-ds6.o)
                0x0000000000006710                uip_ds6_compute_reachable_time
 .text.uip_ds6_init
                0x000000000000674e      0x154 contiki-sky.a(uip-ds6.o)
                0x000000000000674e                uip_ds6_init
 .text.call_route_callback
                0x00000000000068a2       0x4c contiki-sky.a(uip-ds6-route.o)
 .text.uip_ds6_route_init
                0x00000000000068ee       0x36 contiki-sky.a(uip-ds6-route.o)
                0x00000000000068ee                uip_ds6_route_init
 .text.uip_ds6_route_nexthop
                0x0000000000006924       0x1a contiki-sky.a(uip-ds6-route.o)
                0x0000000000006924                uip_ds6_route_nexthop
 .text.uip_ds6_route_head
                0x000000000000693e        0xa contiki-sky.a(uip-ds6-route.o)
                0x000000000000693e                uip_ds6_route_head
 .text.uip_ds6_route_next
                0x0000000000006948        0xe contiki-sky.a(uip-ds6-route.o)
                0x0000000000006948                uip_ds6_route_next
 .text.uip_ds6_route_lookup
                0x0000000000006956       0x8c contiki-sky.a(uip-ds6-route.o)
                0x0000000000006956                uip_ds6_route_lookup
 .text.uip_ds6_route_rm
                0x00000000000069e2       0xa4 contiki-sky.a(uip-ds6-route.o)
                0x00000000000069e2                uip_ds6_route_rm
 .text.rm_routelist
                0x0000000000006a86       0x34 contiki-sky.a(uip-ds6-route.o)
 .text.rm_routelist_callback
                0x0000000000006aba        0x6 contiki-sky.a(uip-ds6-route.o)
 .text.uip_ds6_route_add
                0x0000000000006ac0      0x10c contiki-sky.a(uip-ds6-route.o)
                0x0000000000006ac0                uip_ds6_route_add
 .text.uip_ds6_defrt_rm
                0x0000000000006bcc       0x48 contiki-sky.a(uip-ds6-route.o)
                0x0000000000006bcc                uip_ds6_defrt_rm
 .text.uip_ds6_defrt_lookup
                0x0000000000006c14       0x36 contiki-sky.a(uip-ds6-route.o)
                0x0000000000006c14                uip_ds6_defrt_lookup
 .text.uip_ds6_defrt_add
                0x0000000000006c4a       0x74 contiki-sky.a(uip-ds6-route.o)
                0x0000000000006c4a                uip_ds6_defrt_add
 .text.uip_ds6_defrt_choose
                0x0000000000006cbe       0x3a contiki-sky.a(uip-ds6-route.o)
                0x0000000000006cbe                uip_ds6_defrt_choose
 .text.uip_ds6_defrt_periodic
                0x0000000000006cf8       0x38 contiki-sky.a(uip-ds6-route.o)
                0x0000000000006cf8                uip_ds6_defrt_periodic
 .text.chksum   0x0000000000006d30       0x32 contiki-sky.a(uip6.o)
 .text.upper_layer_chksum
                0x0000000000006d62       0x56 contiki-sky.a(uip6.o)
 .text.ext_hdr_options_process
                0x0000000000006db8       0xda contiki-sky.a(uip6.o)
 .text.uip_add32
                0x0000000000006e92       0x68 contiki-sky.a(uip6.o)
                0x0000000000006e92                uip_add32
 .text.unlikely.uip_add_rcv_nxt
                0x0000000000006efa       0x2e contiki-sky.a(uip6.o)
 .text.uip_icmp6chksum
                0x0000000000006f28        0xa contiki-sky.a(uip6.o)
                0x0000000000006f28                uip_icmp6chksum
 .text.uip_tcpchksum
                0x0000000000006f32        0xa contiki-sky.a(uip6.o)
                0x0000000000006f32                uip_tcpchksum
 .text.uip_udpchksum
                0x0000000000006f3c        0xa contiki-sky.a(uip6.o)
                0x0000000000006f3c                uip_udpchksum
 .text.uip_init
                0x0000000000006f46       0x7a contiki-sky.a(uip6.o)
                0x0000000000006f46                uip_init
 .text.remove_ext_hdr
                0x0000000000006fc0       0x5a contiki-sky.a(uip6.o)
                0x0000000000006fc0                remove_ext_hdr
 .text.uip_udp_new
                0x000000000000701a       0xf4 contiki-sky.a(uip6.o)
                0x000000000000701a                uip_udp_new
 .text.uip_unlisten
                0x000000000000710e       0x2a contiki-sky.a(uip6.o)
                0x000000000000710e                uip_unlisten
 .text.uip_process
                0x0000000000007138      0xe9e contiki-sky.a(uip6.o)
                0x0000000000007138                uip_process
 .text.uip_htons
                0x0000000000007fd6        0xc contiki-sky.a(uip6.o)
                0x0000000000007fd6                uip_htons
 .text.uip_htonl
                0x0000000000007fe2       0x2e contiki-sky.a(uip6.o)
                0x0000000000007fe2                uip_htonl
 .text.uip_ds6_nbr_rm
                0x0000000000008010       0x1a contiki-sky.a(uip-ds6-nbr.o)
                0x0000000000008010                uip_ds6_nbr_rm
 .text.uip_ds6_neighbors_init
                0x000000000000802a        0xe contiki-sky.a(uip-ds6-nbr.o)
                0x000000000000802a                uip_ds6_neighbors_init
 .text.uip_ds6_nbr_add
                0x0000000000008038       0x60 contiki-sky.a(uip-ds6-nbr.o)
                0x0000000000008038                uip_ds6_nbr_add
 .text.uip_ds6_nbr_get_ll
                0x0000000000008098        0xc contiki-sky.a(uip-ds6-nbr.o)
                0x0000000000008098                uip_ds6_nbr_get_ll
 .text.uip_ds6_nbr_lookup
                0x00000000000080a4       0x42 contiki-sky.a(uip-ds6-nbr.o)
                0x00000000000080a4                uip_ds6_nbr_lookup
 .text.uip_ds6_nbr_ll_lookup
                0x00000000000080e6        0xc contiki-sky.a(uip-ds6-nbr.o)
                0x00000000000080e6                uip_ds6_nbr_ll_lookup
 .text.uip_ds6_nbr_ipaddr_from_lladdr
                0x00000000000080f2        0x6 contiki-sky.a(uip-ds6-nbr.o)
                0x00000000000080f2                uip_ds6_nbr_ipaddr_from_lladdr
 .text.uip_ds6_nbr_lladdr_from_ipaddr
                0x00000000000080f8       0x12 contiki-sky.a(uip-ds6-nbr.o)
                0x00000000000080f8                uip_ds6_nbr_lladdr_from_ipaddr
 .text.uip_ds6_link_neighbor_callback
                0x000000000000810a       0x2a contiki-sky.a(uip-ds6-nbr.o)
                0x000000000000810a                uip_ds6_link_neighbor_callback
 .text.uip_ds6_neighbor_periodic
                0x0000000000008134       0x60 contiki-sky.a(uip-ds6-nbr.o)
                0x0000000000008134                uip_ds6_neighbor_periodic
 .text.uip_nd6_init
                0x0000000000008194        0x2 contiki-sky.a(uip-nd6.o)
                0x0000000000008194                uip_nd6_init
 .text.set_packet_attrs
                0x0000000000008196       0x44 contiki-sky.a(sicslowpan.o)
 .text.addr_context_lookup_by_number
                0x00000000000081da       0x36 contiki-sky.a(sicslowpan.o)
 .text.compress_addr_64
                0x0000000000008210       0xae contiki-sky.a(sicslowpan.o)
 .text.uncompress_addr
                0x00000000000082be       0xb4 contiki-sky.a(sicslowpan.o)
 .text.input    0x0000000000008372      0x65c contiki-sky.a(sicslowpan.o)
 .text.sicslowpan_init
                0x00000000000089ce       0x26 contiki-sky.a(sicslowpan.o)
                0x00000000000089ce                sicslowpan_init
 .text.addr_context_lookup_by_prefix
                0x00000000000089f4       0x4c contiki-sky.a(sicslowpan.o)
 .text.send_packet
                0x0000000000008a40       0x1a contiki-sky.a(sicslowpan.o)
 .text.output   0x0000000000008a5a      0x6da contiki-sky.a(sicslowpan.o)
 .text.packet_sent
                0x0000000000009134       0x22 contiki-sky.a(sicslowpan.o)
 .text.uip_debug_ipaddr_print
                0x0000000000009156       0x7c contiki-sky.a(uip-debug.o)
                0x0000000000009156                uip_debug_ipaddr_print
 .text.start_periodic_tcp_timer
                0x00000000000091d2       0x16 contiki-sky.a(tcpip.o)
 .text.tcpip_output
                0x00000000000091e8       0x10 contiki-sky.a(tcpip.o)
                0x00000000000091e8                tcpip_output
 .text.tcpip_set_outputfunc
                0x00000000000091f8        0x6 contiki-sky.a(tcpip.o)
                0x00000000000091f8                tcpip_set_outputfunc
 .text.udp_new  0x00000000000091fe       0x1a contiki-sky.a(tcpip.o)
                0x00000000000091fe                udp_new
 .text.tcpip_input
                0x0000000000009218       0x16 contiki-sky.a(tcpip.o)
                0x0000000000009218                tcpip_input
 .text.tcpip_ipv6_output
                0x000000000000922e       0xce contiki-sky.a(tcpip.o)
                0x000000000000922e                tcpip_ipv6_output
 .text.process_thread_tcpip_process
                0x00000000000092fc      0x1d0 contiki-sky.a(tcpip.o)
 .text.tcpip_poll_udp
                0x00000000000094cc        0xe contiki-sky.a(tcpip.o)
                0x00000000000094cc                tcpip_poll_udp
 .text.tcpip_uipcall
                0x00000000000094da       0x72 contiki-sky.a(tcpip.o)
                0x00000000000094da                tcpip_uipcall
 .text.dns_name_isequal
                0x000000000000954c       0xa0 contiki-sky.a(resolv.o)
 .text.skip_name
                0x00000000000095ec       0x14 contiki-sky.a(resolv.o)
 .text.encode_name
                0x0000000000009600       0x3e contiki-sky.a(resolv.o)
 .text.mdns_write_announce_records
                0x000000000000963e       0xa0 contiki-sky.a(resolv.o)
 .text.mdns_prep_host_announce_packet
                0x00000000000096de       0x96 contiki-sky.a(resolv.o)
 .text.remove_trailing_dots
                0x0000000000009774       0x44 contiki-sky.a(resolv.o)
 .text.resolv_found
                0x00000000000097b8      0x126 contiki-sky.a(resolv.o)
 .text.resolv_set_hostname
                0x00000000000098de       0x64 contiki-sky.a(resolv.o)
                0x00000000000098de                resolv_set_hostname
 .text.process_thread_resolv_process
                0x0000000000009942      0x730 contiki-sky.a(resolv.o)
 .text.resolv_query
                0x000000000000a072      0x188 contiki-sky.a(resolv.o)
                0x000000000000a072                resolv_query
 .text.process_thread_mdns_probe_process
                0x000000000000a1fa       0xda contiki-sky.a(resolv.o)
 .text.uip_nameserver_get
                0x000000000000a2d4        0xe contiki-sky.a(uip-nameserver.)
                0x000000000000a2d4                uip_nameserver_get
 .text.rpl_verify_header
                0x000000000000a2e2       0xba contiki-sky.a(rpl-ext-header.)
                0x000000000000a2e2                rpl_verify_header
 .text.rpl_update_header_empty
                0x000000000000a39c      0x126 contiki-sky.a(rpl-ext-header.)
                0x000000000000a39c                rpl_update_header_empty
 .text.rpl_update_header_final
                0x000000000000a4c2       0x94 contiki-sky.a(rpl-ext-header.)
                0x000000000000a4c2                rpl_update_header_final
 .text.rpl_invert_header
                0x000000000000a556       0x7a contiki-sky.a(rpl-ext-header.)
                0x000000000000a556                rpl_invert_header
 .text.rpl_insert_header
                0x000000000000a5d0       0x12 contiki-sky.a(rpl-ext-header.)
                0x000000000000a5d0                rpl_insert_header
 .text.rpl_get_mode
                0x000000000000a5e2        0x6 contiki-sky.a(rpl.o)
                0x000000000000a5e2                rpl_get_mode
 .text.rpl_purge_routes
                0x000000000000a5e8       0x96 contiki-sky.a(rpl.o)
                0x000000000000a5e8                rpl_purge_routes
 .text.rpl_remove_routes
                0x000000000000a67e       0x22 contiki-sky.a(rpl.o)
                0x000000000000a67e                rpl_remove_routes
 .text.rpl_remove_routes_by_nexthop
                0x000000000000a6a0       0x46 contiki-sky.a(rpl.o)
                0x000000000000a6a0                rpl_remove_routes_by_nexthop
 .text.rpl_add_route
                0x000000000000a6e6       0x44 contiki-sky.a(rpl.o)
                0x000000000000a6e6                rpl_add_route
 .text.rpl_link_neighbor_callback
                0x000000000000a72a       0x7c contiki-sky.a(rpl.o)
                0x000000000000a72a                rpl_link_neighbor_callback
 .text.rpl_ipv6_neighbor_callback
                0x000000000000a7a6       0x1e contiki-sky.a(rpl.o)
                0x000000000000a7a6                rpl_ipv6_neighbor_callback
 .text.rpl_init
                0x000000000000a7c4       0x4a contiki-sky.a(rpl.o)
                0x000000000000a7c4                rpl_init
 .text.reset    0x000000000000a80e        0x2 contiki-sky.a(rpl-mrhof.o)
 .text.update_metric_container
                0x000000000000a810        0x6 contiki-sky.a(rpl-mrhof.o)
 .text.calculate_rank
                0x000000000000a816       0x3e contiki-sky.a(rpl-mrhof.o)
 .text.best_parent_mrhof
                0x000000000000a854       0x74 contiki-sky.a(rpl-mrhof.o)
 .text.neighbor_link_callback
                0x000000000000a8c8       0xa2 contiki-sky.a(rpl-mrhof.o)
 .text.best_dag
                0x000000000000a96a       0x34 contiki-sky.a(rpl-mrhof.o)
 .text.lollipop_greater_than
                0x000000000000a99e       0x44 contiki-sky.a(rpl-dag.o)
 .text.acceptable_rank
                0x000000000000a9e2       0x50 contiki-sky.a(rpl-dag.o)
 .text.find_parent_any_dag_any_instance
                0x000000000000aa32       0x14 contiki-sky.a(rpl-dag.o)
 .text.rpl_set_preferred_parent
                0x000000000000aa46       0x30 contiki-sky.a(rpl-dag.o)
 .text.set_ip_from_prefix
                0x000000000000aa76       0x38 contiki-sky.a(rpl-dag.o)
 .text.check_prefix
                0x000000000000aaae       0x80 contiki-sky.a(rpl-dag.o)
 .text.rpl_get_nbr
                0x000000000000ab2e       0x1e contiki-sky.a(rpl-dag.o)
                0x000000000000ab2e                rpl_get_nbr
 .text.rpl_dag_init
                0x000000000000ab4c        0xe contiki-sky.a(rpl-dag.o)
                0x000000000000ab4c                rpl_dag_init
 .text.rpl_get_parent
                0x000000000000ab5a        0xc contiki-sky.a(rpl-dag.o)
                0x000000000000ab5a                rpl_get_parent
 .text.rpl_get_parent_ipaddr
                0x000000000000ab66       0x10 contiki-sky.a(rpl-dag.o)
                0x000000000000ab66                rpl_get_parent_ipaddr
 .text.rpl_set_prefix
                0x000000000000ab76       0x8e contiki-sky.a(rpl-dag.o)
                0x000000000000ab76                rpl_set_prefix
 .text.rpl_set_default_route
                0x000000000000ac04       0x5a contiki-sky.a(rpl-dag.o)
                0x000000000000ac04                rpl_set_default_route
 .text.rpl_alloc_instance
                0x000000000000ac5e       0x34 contiki-sky.a(rpl-dag.o)
                0x000000000000ac5e                rpl_alloc_instance
 .text.rpl_add_parent
                0x000000000000ac92       0x56 contiki-sky.a(rpl-dag.o)
                0x000000000000ac92                rpl_add_parent
 .text.rpl_find_parent
                0x000000000000ace8       0x1a contiki-sky.a(rpl-dag.o)
                0x000000000000ace8                rpl_find_parent
 .text.rpl_find_parent_any_dag
                0x000000000000ad02       0x22 contiki-sky.a(rpl-dag.o)
                0x000000000000ad02                rpl_find_parent_any_dag
 .text.rpl_select_parent
                0x000000000000ad24       0x7e contiki-sky.a(rpl-dag.o)
                0x000000000000ad24                rpl_select_parent
 .text.rpl_select_dag
                0x000000000000ada2      0x182 contiki-sky.a(rpl-dag.o)
                0x000000000000ada2                rpl_select_dag
 .text.rpl_nullify_parent
                0x000000000000af24       0x54 contiki-sky.a(rpl-dag.o)
                0x000000000000af24                rpl_nullify_parent
 .text.rpl_remove_parent
                0x000000000000af78       0x16 contiki-sky.a(rpl-dag.o)
                0x000000000000af78                rpl_remove_parent
 .text.nbr_callback
                0x000000000000af8e        0x6 contiki-sky.a(rpl-dag.o)
 .text.remove_parents.constprop.2
                0x000000000000af94       0x32 contiki-sky.a(rpl-dag.o)
 .text.rpl_move_parent
                0x000000000000afc6       0x5a contiki-sky.a(rpl-dag.o)
                0x000000000000afc6                rpl_move_parent
 .text.rpl_get_any_dag
                0x000000000000b020       0x18 contiki-sky.a(rpl-dag.o)
                0x000000000000b020                rpl_get_any_dag
 .text.rpl_get_instance
                0x000000000000b038       0x1a contiki-sky.a(rpl-dag.o)
                0x000000000000b038                rpl_get_instance
 .text.rpl_alloc_dag
                0x000000000000b052       0x60 contiki-sky.a(rpl-dag.o)
                0x000000000000b052                rpl_alloc_dag
 .text.rpl_repair_root
                0x000000000000b0b2       0x50 contiki-sky.a(rpl-dag.o)
                0x000000000000b0b2                rpl_repair_root
 .text.rpl_find_of
                0x000000000000b102       0x10 contiki-sky.a(rpl-dag.o)
                0x000000000000b102                rpl_find_of
 .text.rpl_join_instance
                0x000000000000b112      0x13c contiki-sky.a(rpl-dag.o)
                0x000000000000b112                rpl_join_instance
 .text.rpl_local_repair
                0x000000000000b24e       0x7c contiki-sky.a(rpl-dag.o)
                0x000000000000b24e                rpl_local_repair
 .text.rpl_process_parent_event
                0x000000000000b2ca       0x4e contiki-sky.a(rpl-dag.o)
                0x000000000000b2ca                rpl_process_parent_event
 .text.rpl_recalculate_ranks
                0x000000000000b318       0x48 contiki-sky.a(rpl-dag.o)
                0x000000000000b318                rpl_recalculate_ranks
 .text.rpl_add_dag
                0x000000000000b360      0x112 contiki-sky.a(rpl-dag.o)
                0x000000000000b360                rpl_add_dag
 .text.rpl_process_dio
                0x000000000000b472      0x2e2 contiki-sky.a(rpl-dag.o)
                0x000000000000b472                rpl_process_dio
 .text.rpl_lock_parent
                0x000000000000b754        0xc contiki-sky.a(rpl-dag.o)
                0x000000000000b754                rpl_lock_parent
 .text.parse    0x000000000000b760       0xa0 contiki-sky.a(framer-802154.o)
 .text.create_frame.isra.0
                0x000000000000b800      0x108 contiki-sky.a(framer-802154.o)
 .text.create   0x000000000000b908        0x8 contiki-sky.a(framer-802154.o)
 .text.hdr_length
                0x000000000000b910        0x8 contiki-sky.a(framer-802154.o)
 .text.input_packet
                0x000000000000b918        0x6 contiki-sky.a(csma.o)
 .text.on       0x000000000000b91e        0x6 contiki-sky.a(csma.o)
 .text.off      0x000000000000b924        0x6 contiki-sky.a(csma.o)
 .text.channel_check_interval
                0x000000000000b92a       0x10 contiki-sky.a(csma.o)
 .text.transmit_packet_list
                0x000000000000b93a       0x24 contiki-sky.a(csma.o)
 .text.send_packet
                0x000000000000b95e      0x17a contiki-sky.a(csma.o)
 .text.init     0x000000000000bad8       0x1a contiki-sky.a(csma.o)
 .text.free_packet
                0x000000000000baf2       0x9c contiki-sky.a(csma.o)
 .text.packet_sent
                0x000000000000bb8e      0x130 contiki-sky.a(csma.o)
 .text.field_len
                0x000000000000bcbe       0x98 contiki-sky.a(frame802154.o)
 .text.frame802154_hdrlen
                0x000000000000bd56       0x2e contiki-sky.a(frame802154.o)
                0x000000000000bd56                frame802154_hdrlen
 .text.frame802154_create
                0x000000000000bd84      0x146 contiki-sky.a(frame802154.o)
                0x000000000000bd84                frame802154_create
 .text.frame802154_parse
                0x000000000000beca      0x1da contiki-sky.a(frame802154.o)
                0x000000000000beca                frame802154_parse
 .text.mac_call_sent_callback
                0x000000000000c0a4       0x14 contiki-sky.a(mac.o)
                0x000000000000c0a4                mac_call_sent_callback
 .text.framer_canonical_create_and_secure
                0x000000000000c0b8       0x20 contiki-sky.a(framer.o)
                0x000000000000c0b8                framer_canonical_create_and_secure
 .text.queuebuf_init
                0x000000000000c0d8       0x12 contiki-sky.a(queuebuf.o)
                0x000000000000c0d8                queuebuf_init
 .text.queuebuf_numfree
                0x000000000000c0ea        0xa contiki-sky.a(queuebuf.o)
                0x000000000000c0ea                queuebuf_numfree
 .text.queuebuf_new_from_packetbuf
                0x000000000000c0f4       0x52 contiki-sky.a(queuebuf.o)
                0x000000000000c0f4                queuebuf_new_from_packetbuf
 .text.queuebuf_update_attr_from_packetbuf
                0x000000000000c146       0x12 contiki-sky.a(queuebuf.o)
                0x000000000000c146                queuebuf_update_attr_from_packetbuf
 .text.queuebuf_update_from_packetbuf
                0x000000000000c158       0x22 contiki-sky.a(queuebuf.o)
                0x000000000000c158                queuebuf_update_from_packetbuf
 .text.queuebuf_free
                0x000000000000c17a       0x2a contiki-sky.a(queuebuf.o)
                0x000000000000c17a                queuebuf_free
 .text.queuebuf_to_packetbuf
                0x000000000000c1a4       0x32 contiki-sky.a(queuebuf.o)
                0x000000000000c1a4                queuebuf_to_packetbuf
 .text.queuebuf_attr
                0x000000000000c1d6        0xe contiki-sky.a(queuebuf.o)
                0x000000000000c1d6                queuebuf_attr
 .text.index_from_key
                0x000000000000c1e4       0x48 contiki-sky.a(nbr-table.o)
 .text.item_from_key
                0x000000000000c22c       0x34 contiki-sky.a(nbr-table.o)
 .text.nbr_set_bit
                0x000000000000c260       0x8e contiki-sky.a(nbr-table.o)
 .text.index_from_lladdr
                0x000000000000c2ee       0x42 contiki-sky.a(nbr-table.o)
 .text.nbr_get_bit.constprop.0
                0x000000000000c330       0x62 contiki-sky.a(nbr-table.o)
 .text.nbr_table_register
                0x000000000000c392       0x28 contiki-sky.a(nbr-table.o)
                0x000000000000c392                nbr_table_register
 .text.nbr_table_next
                0x000000000000c3ba       0x90 contiki-sky.a(nbr-table.o)
                0x000000000000c3ba                nbr_table_next
 .text.nbr_table_head
                0x000000000000c44a       0x36 contiki-sky.a(nbr-table.o)
                0x000000000000c44a                nbr_table_head
 .text.nbr_table_add_lladdr
                0x000000000000c480      0x144 contiki-sky.a(nbr-table.o)
                0x000000000000c480                nbr_table_add_lladdr
 .text.nbr_table_get_from_lladdr
                0x000000000000c5c4       0x48 contiki-sky.a(nbr-table.o)
                0x000000000000c5c4                nbr_table_get_from_lladdr
 .text.nbr_table_remove
                0x000000000000c60c       0x32 contiki-sky.a(nbr-table.o)
                0x000000000000c60c                nbr_table_remove
 .text.nbr_table_lock
                0x000000000000c63e       0x10 contiki-sky.a(nbr-table.o)
                0x000000000000c63e                nbr_table_lock
 .text.nbr_table_unlock
                0x000000000000c64e       0x10 contiki-sky.a(nbr-table.o)
                0x000000000000c64e                nbr_table_unlock
 .text.nbr_table_get_lladdr
                0x000000000000c65e       0x5a contiki-sky.a(nbr-table.o)
                0x000000000000c65e                nbr_table_get_lladdr
 .text.packetbuf_compact
                0x000000000000c6b8       0x2e contiki-sky.a(packetbuf.o)
                0x000000000000c6b8                packetbuf_compact
 .text.packetbuf_copyto
                0x000000000000c6e6       0x52 contiki-sky.a(packetbuf.o)
                0x000000000000c6e6                packetbuf_copyto
 .text.packetbuf_hdrreduce
                0x000000000000c738       0x1a contiki-sky.a(packetbuf.o)
                0x000000000000c738                packetbuf_hdrreduce
 .text.packetbuf_set_datalen
                0x000000000000c752        0x6 contiki-sky.a(packetbuf.o)
                0x000000000000c752                packetbuf_set_datalen
 .text.packetbuf_dataptr
                0x000000000000c758        0xe contiki-sky.a(packetbuf.o)
                0x000000000000c758                packetbuf_dataptr
 .text.packetbuf_hdrptr
                0x000000000000c766        0xa contiki-sky.a(packetbuf.o)
                0x000000000000c766                packetbuf_hdrptr
 .text.packetbuf_datalen
                0x000000000000c770        0x6 contiki-sky.a(packetbuf.o)
                0x000000000000c770                packetbuf_datalen
 .text.packetbuf_hdrlen
                0x000000000000c776       0x10 contiki-sky.a(packetbuf.o)
                0x000000000000c776                packetbuf_hdrlen
 .text.packetbuf_totlen
                0x000000000000c786        0xc contiki-sky.a(packetbuf.o)
                0x000000000000c786                packetbuf_totlen
 .text.packetbuf_hdralloc
                0x000000000000c792       0x2e contiki-sky.a(packetbuf.o)
                0x000000000000c792                packetbuf_hdralloc
 .text.packetbuf_attr_clear
                0x000000000000c7c0       0x28 contiki-sky.a(packetbuf.o)
                0x000000000000c7c0                packetbuf_attr_clear
 .text.packetbuf_clear
                0x000000000000c7e8       0x1a contiki-sky.a(packetbuf.o)
                0x000000000000c7e8                packetbuf_clear
 .text.packetbuf_copyfrom
                0x000000000000c802       0x2e contiki-sky.a(packetbuf.o)
                0x000000000000c802                packetbuf_copyfrom
 .text.packetbuf_attr_copyto
                0x000000000000c830       0x22 contiki-sky.a(packetbuf.o)
                0x000000000000c830                packetbuf_attr_copyto
 .text.packetbuf_attr_copyfrom
                0x000000000000c852       0x24 contiki-sky.a(packetbuf.o)
                0x000000000000c852                packetbuf_attr_copyfrom
 .text.packetbuf_holds_broadcast
                0x000000000000c876        0xe contiki-sky.a(packetbuf.o)
                0x000000000000c876                packetbuf_holds_broadcast
 .text.linkaddr_copy
                0x000000000000c884        0x8 contiki-sky.a(linkaddr.o)
                0x000000000000c884                linkaddr_copy
 .text.linkaddr_cmp
                0x000000000000c88c       0x12 contiki-sky.a(linkaddr.o)
                0x000000000000c88c                linkaddr_cmp
 .text.linkaddr_set_node_addr
                0x000000000000c89e        0xc contiki-sky.a(linkaddr.o)
                0x000000000000c89e                linkaddr_set_node_addr
 .text.duty_cycle
                0x000000000000c8aa        0x6 contiki-sky.a(contikimac.o)
 .text.init     0x000000000000c8b0       0x2a contiki-sky.a(contikimac.o)
 .text.on       0x000000000000c8da       0x1a contiki-sky.a(contikimac.o)
 .text.off      0x000000000000c8f4       0x22 contiki-sky.a(contikimac.o)
 .text.recv_burst_off
                0x000000000000c916        0xa contiki-sky.a(contikimac.o)
 .text.turn_off
                0x000000000000c920       0x20 contiki-sky.a(contikimac.o)
 .text.turn_on  0x000000000000c940       0x30 contiki-sky.a(contikimac.o)
 .text.schedule_powercycle_fixed.part.4
                0x000000000000c970       0x36 contiki-sky.a(contikimac.o)
 .text.powercycle_turn_radio_off
                0x000000000000c9a6       0x30 contiki-sky.a(contikimac.o)
 .text.powercycle
                0x000000000000c9d6      0x1d2 contiki-sky.a(contikimac.o)
 .text.input_packet
                0x000000000000cba8       0xb2 contiki-sky.a(contikimac.o)
 .text.send_packet.isra.7
                0x000000000000cc5a      0x1ec contiki-sky.a(contikimac.o)
 .text.qsend_list
                0x000000000000ce46       0xc4 contiki-sky.a(contikimac.o)
 .text.qsend_packet
                0x000000000000cf0a       0x28 contiki-sky.a(contikimac.o)
 .text.bootstrap
                0x000000000000cf32        0x4 contiki-sky.a(nullsec.o)
 .text.send     0x000000000000cf36        0xa contiki-sky.a(nullsec.o)
 .text.on_frame_created
                0x000000000000cf40        0x4 contiki-sky.a(nullsec.o)
 .text.input    0x000000000000cf44        0x6 contiki-sky.a(nullsec.o)
 .text.get_overhead
                0x000000000000cf4a        0x4 contiki-sky.a(nullsec.o)
 .text.spi_init
                0x000000000000cf4e       0x32 contiki-sky.a(spi.o)
                0x000000000000cf4e                spi_init
 .text.stimer_set
                0x000000000000cf80       0x1c contiki-sky.a(stimer.o)
                0x000000000000cf80                stimer_set
 .text.stimer_expired
                0x000000000000cf9c       0x30 contiki-sky.a(stimer.o)
                0x000000000000cf9c                stimer_expired
 .text.compower_accumulate
                0x000000000000cfcc       0x72 contiki-sky.a(compower.o)
                0x000000000000cfcc                compower_accumulate
 .text.compower_clear
                0x000000000000d03e       0x12 contiki-sky.a(compower.o)
                0x000000000000d03e                compower_clear
 .text.compower_attrconv
                0x000000000000d050       0x10 contiki-sky.a(compower.o)
                0x000000000000d050                compower_attrconv
 .text.memb_init
                0x000000000000d060       0x36 contiki-sky.a(memb.o)
                0x000000000000d060                memb_init
 .text.memb_alloc
                0x000000000000d096       0x3e contiki-sky.a(memb.o)
                0x000000000000d096                memb_alloc
 .text.memb_free
                0x000000000000d0d4       0x3a contiki-sky.a(memb.o)
                0x000000000000d0d4                memb_free
 .text.memb_inmemb
                0x000000000000d10e       0x2e contiki-sky.a(memb.o)
                0x000000000000d10e                memb_inmemb
 .text.memb_numfree
                0x000000000000d13c       0x26 contiki-sky.a(memb.o)
                0x000000000000d13c                memb_numfree
 .text.echo_reply_input
                0x000000000000d162      0x112 contiki-sky.a(uip-icmp6.o)
 .text.echo_request_input
                0x000000000000d274      0x12c contiki-sky.a(uip-icmp6.o)
 .text.uip_icmp6_input
                0x000000000000d3a0       0x44 contiki-sky.a(uip-icmp6.o)
                0x000000000000d3a0                uip_icmp6_input
 .text.uip_icmp6_register_input_handler
                0x000000000000d3e4        0xc contiki-sky.a(uip-icmp6.o)
                0x000000000000d3e4                uip_icmp6_register_input_handler
 .text.uip_icmp6_error_output
                0x000000000000d3f0      0x17a contiki-sky.a(uip-icmp6.o)
                0x000000000000d3f0                uip_icmp6_error_output
 .text.uip_icmp6_send
                0x000000000000d56a       0x96 contiki-sky.a(uip-icmp6.o)
                0x000000000000d56a                uip_icmp6_send
 .text.uip_icmp6_init
                0x000000000000d600       0x12 contiki-sky.a(uip-icmp6.o)
                0x000000000000d600                uip_icmp6_init
 .text.uip_udp_packet_send
                0x000000000000d612       0x2e contiki-sky.a(uip-udp-packet.)
                0x000000000000d612                uip_udp_packet_send
 .text.uip_udp_packet_sendto
                0x000000000000d640       0x66 contiki-sky.a(uip-udp-packet.)
                0x000000000000d640                uip_udp_packet_sendto
 .text.get32    0x000000000000d6a6       0x46 contiki-sky.a(rpl-icmp6.o)
 .text.set32    0x000000000000d6ec       0x2a contiki-sky.a(rpl-icmp6.o)
 .text.get16    0x000000000000d716        0xe contiki-sky.a(rpl-icmp6.o)
 .text.set16    0x000000000000d724       0x10 contiki-sky.a(rpl-icmp6.o)
 .text.dao_ack_input
                0x000000000000d734        0x6 contiki-sky.a(rpl-icmp6.o)
 .text.dio_input
                0x000000000000d73a      0x2d2 contiki-sky.a(rpl-icmp6.o)
 .text.dis_output
                0x000000000000da0c       0x50 contiki-sky.a(rpl-icmp6.o)
                0x000000000000da0c                dis_output
 .text.dio_output
                0x000000000000da5c      0x268 contiki-sky.a(rpl-icmp6.o)
                0x000000000000da5c                dio_output
 .text.dis_input
                0x000000000000dcc4       0x28 contiki-sky.a(rpl-icmp6.o)
 .text.dao_output_target
                0x000000000000dcec       0xea contiki-sky.a(rpl-icmp6.o)
                0x000000000000dcec                dao_output_target
 .text.dao_output
                0x000000000000ddd6       0x80 contiki-sky.a(rpl-icmp6.o)
                0x000000000000ddd6                dao_output
 .text.dao_ack_output
                0x000000000000de56       0x32 contiki-sky.a(rpl-icmp6.o)
                0x000000000000de56                dao_ack_output
 .text.dao_input
                0x000000000000de88      0x2a8 contiki-sky.a(rpl-icmp6.o)
 .text.rpl_icmp6_register_handlers
                0x000000000000e130       0x22 contiki-sky.a(rpl-icmp6.o)
                0x000000000000e130                rpl_icmp6_register_handlers
 .text.new_dio_interval
                0x000000000000e152       0x92 contiki-sky.a(rpl-timers.o)
 .text.handle_periodic_timer
                0x000000000000e1e4       0x2e contiki-sky.a(rpl-timers.o)
 .text.set_dao_lifetime_timer
                0x000000000000e212       0x52 contiki-sky.a(rpl-timers.o)
 .text.schedule_dao
                0x000000000000e264       0x82 contiki-sky.a(rpl-timers.o)
 .text.handle_dio_timer
                0x000000000000e2e6       0x88 contiki-sky.a(rpl-timers.o)
 .text.handle_dao_timer
                0x000000000000e36e       0x64 contiki-sky.a(rpl-timers.o)
 .text.rpl_reset_periodic_timer
                0x000000000000e3d2       0x60 contiki-sky.a(rpl-timers.o)
                0x000000000000e3d2                rpl_reset_periodic_timer
 .text.rpl_reset_dio_timer
                0x000000000000e432       0x18 contiki-sky.a(rpl-timers.o)
                0x000000000000e432                rpl_reset_dio_timer
 .text.rpl_schedule_dao
                0x000000000000e44a        0xc contiki-sky.a(rpl-timers.o)
                0x000000000000e44a                rpl_schedule_dao
 .text.rpl_schedule_probing
                0x000000000000e456       0x3c contiki-sky.a(rpl-timers.o)
                0x000000000000e456                rpl_schedule_probing
 .text.handle_probing_timer
                0x000000000000e492      0x124 contiki-sky.a(rpl-timers.o)
 .text.mac_sequence_is_duplicate
                0x000000000000e5b6       0x44 contiki-sky.a(mac-sequence.o)
                0x000000000000e5b6                mac_sequence_is_duplicate
 .text.mac_sequence_register_seqno
                0x000000000000e5fa       0x76 contiki-sky.a(mac-sequence.o)
                0x000000000000e5fa                mac_sequence_register_seqno
 .text.libgcc   0x000000000000e670       0x2c /usr/lib/gcc/msp430/4.6.3/mmpy-16/libgcc.a(_mulsi3.o)
                0x000000000000e670                __mulsi3
 .text.libgcc   0x000000000000e69c       0x22 /usr/lib/gcc/msp430/4.6.3/mmpy-16/libgcc.a(_udivmod16.o)
                0x000000000000e69c                __udivhi3
                0x000000000000e69c                __ext_udivmod16
                0x000000000000e6b6                __umodhi3
 .text.libgcc   0x000000000000e6be       0x3a /usr/lib/gcc/msp430/4.6.3/mmpy-16/libgcc.a(_divmod16.o)
                0x000000000000e6be                __ext_divmod16
                0x000000000000e6be                __divhi3
                0x000000000000e6f0                __modhi3
 .text.libgcc   0x000000000000e6f8       0x40 /usr/lib/gcc/msp430/4.6.3/mmpy-16/libgcc.a(_udivmod32.o)
                0x000000000000e6f8                __udivsi3
                0x000000000000e6f8                __ext_udivmod32
                0x000000000000e72e                __umodsi3
 .text          0x000000000000e738       0x2a /usr/lib/gcc/msp430/4.6.3/../../../../msp430/lib/mmpy-16/libc.a(strncat.o)
                0x000000000000e738                strncat
 .text          0x000000000000e762       0x1e /usr/lib/gcc/msp430/4.6.3/../../../../msp430/lib/mmpy-16/libc.a(strcmp.o)
                0x000000000000e762                strcmp
 .text          0x000000000000e780       0x20 /usr/lib/gcc/msp430/4.6.3/../../../../msp430/lib/mmpy-16/libc.a(memcmp.o)
                0x000000000000e780                memcmp
 .text          0x000000000000e7a0       0x2a /usr/lib/gcc/msp430/4.6.3/../../../../msp430/lib/mmpy-16/libc.a(strncpy.o)
                0x000000000000e7a0                strncpy
 .text          0x000000000000e7ca       0xfa /usr/lib/gcc/msp430/4.6.3/../../../../msp430/lib/mmpy-16/libc.a(memcpy.o)
                0x000000000000e7ca                memcpy
 .text          0x000000000000e8c4       0xfa /usr/lib/gcc/msp430/4.6.3/../../../../msp430/lib/mmpy-16/libc.a(memmove.o)
                0x000000000000e8c4                memmove
 .text          0x000000000000e9be       0x6a /usr/lib/gcc/msp430/4.6.3/../../../../msp430/lib/mmpy-16/libc.a(memset.o)
                0x000000000000e9be                memset
 .text          0x000000000000ea28       0x7c /usr/lib/gcc/msp430/4.6.3/../../../../msp430/lib/mmpy-16/libc.a(strcasecmp.o)
                0x000000000000ea28                strcasecmp
 .text          0x000000000000eaa4       0x1a /usr/lib/gcc/msp430/4.6.3/../../../../msp430/lib/mmpy-16/libc.a(strcat.o)
                0x000000000000eaa4                strcat
 .text          0x000000000000eabe       0x86 /usr/lib/gcc/msp430/4.6.3/../../../../msp430/lib/mmpy-16/libc.a(strncasecmp.o)
                0x000000000000eabe                strncasecmp
 .text          0x000000000000eb44       0x1e /usr/lib/gcc/msp430/4.6.3/../../../../msp430/lib/mmpy-16/libc.a(printf.o)
                0x000000000000eb44                printf
                0x000000000000eb54                vprintf
 .text          0x000000000000eb62      0x836 /usr/lib/gcc/msp430/4.6.3/../../../../msp430/lib/mmpy-16/libc.a(vuprintf.o)
                0x000000000000ecfa                vuprintf
 .text          0x000000000000f398       0x2c /usr/lib/gcc/msp430/4.6.3/../../../../msp430/lib/mmpy-16/libc.a(puts.o)
                0x000000000000f398                puts
 .text          0x000000000000f3c4       0x54 /usr/lib/gcc/msp430/4.6.3/../../../../msp430/lib/mmpy-16/libc.a(rand.o)
                0x000000000000f3c4                rand_r
                0x000000000000f3e8                rand
                0x000000000000f40e                srand
 .text.libgcc   0x000000000000f418       0xf0 /usr/lib/gcc/msp430/4.6.3/mmpy-16/libgcc.a(_udivmod64.o)
                0x000000000000f418                __xabi_udivmod64
                0x000000000000f476                __udivdi3
                0x000000000000f49c                __umoddi3
                0x000000000000f4ca                __udivmoddi4
 .text.crt0     0x000000000000f508        0x2 /usr/lib/gcc/msp430/4.6.3/mmpy-16/libcrt0.a(_unexpected_.o)
                0x000000000000f508                _unexpected_
                0x000000000000f50a                . = ALIGN (0x2)

.rodata         0x000000000000f50a      0x2f0
                0x000000000000f50a                . = ALIGN (0x2)
 *(.rodata .rodata.* .gnu.linkonce.r.*)
 .rodata        0x000000000000f50a       0x1a udp-server.co
                0x000000000000f50a                autostart_processes
 .rodata        0x000000000000f524      0x120 obj_sky/contiki-sky-main.o
 .rodata        0x000000000000f644       0x10 contiki-sky.a(button-sensor.o)
                0x000000000000f64c                button_sensor
 .rodata        0x000000000000f654        0x8 contiki-sky.a(sensors.o)
 .rodata        0x000000000000f65c       0x5a contiki-sky.a(cc2420.o)
                0x000000000000f678                cc2420_aes_128_driver
                0x000000000000f67c                cc2420_driver
 .rodata        0x000000000000f6b6        0xc contiki-sky.a(etimer.o)
 .rodata        0x000000000000f6c2        0xf contiki-sky.a(ctimer.o)
 *fill*         0x000000000000f6d1        0x1 00
 .rodata        0x000000000000f6d2       0x20 contiki-sky.a(uip6.o)
 .rodata        0x000000000000f6f2       0x24 contiki-sky.a(sicslowpan.o)
                0x000000000000f6fe                sicslowpan_driver
                0x000000000000f704                llprefix
                0x000000000000f706                unc_mxconf
                0x000000000000f70a                unc_ctxconf
                0x000000000000f70e                unc_llconf
 .rodata        0x000000000000f716       0x29 contiki-sky.a(uip-debug.o)
 .rodata        0x000000000000f73f        0xd contiki-sky.a(tcpip.o)
 .rodata        0x000000000000f74c       0x50 contiki-sky.a(resolv.o)
 .rodata        0x000000000000f79c        0x8 contiki-sky.a(framer-802154.o)
                0x000000000000f79c                framer_802154
 .rodata        0x000000000000f7a4       0x14 contiki-sky.a(csma.o)
                0x000000000000f7aa                csma_driver
 .rodata        0x000000000000f7b8        0x2 contiki-sky.a(frame802154.o)
 .rodata        0x000000000000f7ba        0x8 contiki-sky.a(linkaddr.o)
                0x000000000000f7ba                linkaddr_null
 .rodata        0x000000000000f7c2       0x1c contiki-sky.a(contikimac.o)
                0x000000000000f7ce                contikimac_driver
 .rodata        0x000000000000f7de       0x14 contiki-sky.a(nullsec.o)
                0x000000000000f7e6                nullsec_driver
 .rodata        0x000000000000f7f2        0x7 /usr/lib/gcc/msp430/4.6.3/../../../../msp430/lib/mmpy-16/libc.a(vuprintf.o)
                0x000000000000f7fa                . = ALIGN (0x2)
 *fill*         0x000000000000f7f9        0x1 00
                0x000000000000f7fa                _etext = .

.data           0x0000000000001100       0xf2 load address 0x000000000000f7fa
                0x0000000000001100                . = ALIGN (0x2)
                0x0000000000001100                PROVIDE (__data_start, .)
 *(.data .data.* .gnu.linkonce.d.*)
 .data          0x0000000000001100        0xa udp-server.co
                0x0000000000001100                udp_server_process
 .data          0x000000000000110a        0x4 contiki-sky.a(contiki-sky-pla)
                0x000000000000110a                sensors
 .data          0x000000000000110e        0xa contiki-sky.a(sensors.o)
                0x000000000000110e                sensors_process
 .data          0x0000000000001118        0xa contiki-sky.a(cc2420.o)
                0x0000000000001118                cc2420_process
 .data          0x0000000000001122        0x2 contiki-sky.a(msp430.o)
 .data          0x0000000000001124        0xa contiki-sky.a(etimer.o)
                0x0000000000001124                etimer_process
 .data          0x000000000000112e        0xa contiki-sky.a(ctimer.o)
                0x000000000000112e                ctimer_process
 .data          0x0000000000001138       0x20 contiki-sky.a(uip-ds6-route.o)
 .data          0x0000000000001158        0xa contiki-sky.a(uip-ds6-nbr.o)
                0x0000000000001158                ds6_neighbors
 .data          0x0000000000001162        0xa contiki-sky.a(tcpip.o)
                0x0000000000001162                tcpip_process
 .data          0x000000000000116c       0x14 contiki-sky.a(resolv.o)
                0x000000000000116c                mdns_probe_process
                0x0000000000001176                resolv_process
 .data          0x0000000000001180        0xe contiki-sky.a(rpl-mrhof.o)
                0x0000000000001180                rpl_mrhof
 .data          0x000000000000118e        0xa contiki-sky.a(rpl-dag.o)
                0x000000000000118e                rpl_parents
 .data          0x0000000000001198       0x18 contiki-sky.a(csma.o)
 .data          0x00000000000011b0       0x10 contiki-sky.a(queuebuf.o)
 .data          0x00000000000011c0        0x8 contiki-sky.a(nbr-table.o)
 .data          0x00000000000011c8        0xc contiki-sky.a(uip-icmp6.o)
 .data          0x00000000000011d4       0x1a contiki-sky.a(rpl-icmp6.o)
 .data          0x00000000000011ee        0x4 /usr/lib/gcc/msp430/4.6.3/../../../../msp430/lib/mmpy-16/libc.a(rand.o)
                0x00000000000011f2                . = ALIGN (0x2)
                0x00000000000011f2                _edata = .
                0x000000000000f7fa                PROVIDE (__data_load_start, LOADADDR (.data))
                0x00000000000000f2                PROVIDE (__data_size, SIZEOF (.data))

.bss            0x00000000000011f2     0x1ab8 load address 0x000000000000f8ec
                0x00000000000011f2                PROVIDE (__bss_start, .)
 *(.bss .bss.*)
 .bss           0x00000000000011f2        0xc obj_sky/contiki-sky-main.o
 .bss           0x00000000000011fe        0x8 contiki-sky.a(button-sensor.o)
 .bss           0x0000000000001206        0x2 contiki-sky.a(node-id.o)
                0x0000000000001206                node_id
 .bss           0x0000000000001208        0x6 contiki-sky.a(sensors.o)
 .bss           0x000000000000120e        0x8 contiki-sky.a(cc2420.o)
 .bss           0x0000000000001216       0x9a contiki-sky.a(uart1.o)
 .bss           0x00000000000012b0        0xa contiki-sky.a(clock.o)
 .bss           0x00000000000012ba        0x1 contiki-sky.a(leds.o)
 *fill*         0x00000000000012bb        0x1 00
 .bss           0x00000000000012bc        0x2 contiki-sky.a(watchdog.o)
 .bss           0x00000000000012be        0x6 contiki-sky.a(etimer.o)
 .bss           0x00000000000012c4        0x4 contiki-sky.a(ctimer.o)
 .bss           0x00000000000012c8       0x42 contiki-sky.a(process.o)
                0x00000000000012c8                process_current
                0x00000000000012ca                process_list
 .bss           0x000000000000130a        0x2 contiki-sky.a(rtimer.o)
 .bss           0x000000000000130c       0x18 contiki-sky.a(uip-ds6.o)
 .bss           0x0000000000001324      0x362 contiki-sky.a(uip-ds6-route.o)
 .bss           0x0000000000001686       0x12 contiki-sky.a(uip6.o)
                0x0000000000001686                uip_ext_opt_offset
                0x0000000000001688                uip_ext_len
                0x000000000000168a                uip_ext_bitmap
 .bss           0x0000000000001698      0x2f8 contiki-sky.a(uip-ds6-nbr.o)
 .bss           0x0000000000001990      0x124 contiki-sky.a(sicslowpan.o)
 .bss           0x0000000000001ab4       0x36 contiki-sky.a(tcpip.o)
 .bss           0x0000000000001aea      0x182 contiki-sky.a(resolv.o)
 .bss           0x0000000000001c6c       0x14 contiki-sky.a(uip-nameserver.)
 .bss           0x0000000000001c80        0x2 contiki-sky.a(rpl.o)
 .bss           0x0000000000001c82       0xf0 contiki-sky.a(rpl-dag.o)
 .bss           0x0000000000001d72        0x2 contiki-sky.a(framer-802154.o)
 .bss           0x0000000000001d74       0xc4 contiki-sky.a(csma.o)
 .bss           0x0000000000001e38      0x5a0 contiki-sky.a(queuebuf.o)
 .bss           0x00000000000023d8      0x118 contiki-sky.a(nbr-table.o)
 .bss           0x00000000000024f0       0xb8 contiki-sky.a(packetbuf.o)
 .bss           0x00000000000025a8       0x32 contiki-sky.a(contikimac.o)
 .bss           0x00000000000025da        0x8 contiki-sky.a(compower.o)
 .bss           0x00000000000025e2       0x14 contiki-sky.a(uip-icmp6.o)
 .bss           0x00000000000025f6       0x18 contiki-sky.a(rpl-timers.o)
 .bss           0x000000000000260e       0xa0 contiki-sky.a(mac-sequence.o)
 *(COMMON)
 COMMON         0x00000000000026ae        0x2 contiki-sky.a(contiki-sky-pla)
                0x00000000000026ae                sensors_flags
 COMMON         0x00000000000026b0        0x8 contiki-sky.a(ds2411.o)
                0x00000000000026b0                ds2411_id
 COMMON         0x00000000000026b8        0x1 contiki-sky.a(sensors.o)
                0x00000000000026b8                sensors_event
 *fill*         0x00000000000026b9        0x1 00
 COMMON         0x00000000000026ba       0x10 contiki-sky.a(cc2420.o)
                0x00000000000026ba                cc2420_last_rssi
                0x00000000000026bc                cc2420_sfd_start_time
                0x00000000000026be                cc2420_time_of_departure
                0x00000000000026c0                cc2420_time_of_arrival
                0x00000000000026c2                cc2420_last_correlation
                0x00000000000026c4                cc2420_authority_level_of_sender
                0x00000000000026c6                cc2420_sfd_counter
                0x00000000000026c8                cc2420_sfd_end_time
 COMMON         0x00000000000026ca        0x2 contiki-sky.a(msp430.o)
                0x00000000000026ca                msp430_dco_required
 COMMON         0x00000000000026cc       0x56 contiki-sky.a(energest.o)
                0x00000000000026cc                energest_total_time
                0x00000000000026fc                energest_total_count
                0x00000000000026fe                energest_current_mode
                0x000000000000270a                energest_current_time
 COMMON         0x0000000000002722        0x1 contiki-sky.a(process.o)
                0x0000000000002722                process_maxevents
 *fill*         0x0000000000002723        0x1 00
 COMMON         0x0000000000002724      0x15c contiki-sky.a(uip-ds6.o)
                0x0000000000002724                uip_ds6_timer_ra
                0x000000000000272c                uip_ds6_if
                0x0000000000002818                uip_ds6_netif_addr_list_offset
                0x0000000000002819                uip_ds6_addr_size
                0x000000000000281a                uip_ds6_prefix_list
                0x0000000000002874                uip_ds6_timer_periodic
 COMMON         0x0000000000002880      0x304 contiki-sky.a(uip6.o)
                0x0000000000002880                uip_len
                0x0000000000002882                uip_sappdata
                0x0000000000002884                uip_acc32
                0x0000000000002888                uip_lladdr
                0x0000000000002890                uip_aligned_buf
                0x0000000000002980                uip_flags
                0x0000000000002982                uip_next_hdr
                0x0000000000002984                uip_udp_conn
                0x0000000000002986                uip_appdata
                0x0000000000002988                uip_conn
                0x000000000000298a                uip_conns
                0x0000000000002a3a                uip_listenports
                0x0000000000002a4a                uip_slen
                0x0000000000002a4c                uip_udp_conns
 COMMON         0x0000000000002b84        0x8 contiki-sky.a(sicslowpan.o)
                0x0000000000002b84                frag_sender
 COMMON         0x0000000000002b8c        0x1 contiki-sky.a(tcpip.o)
                0x0000000000002b8c                tcpip_event
 COMMON         0x0000000000002b8d        0x1 contiki-sky.a(resolv.o)
                0x0000000000002b8d                resolv_event_found
 COMMON         0x0000000000002b8e       0xde contiki-sky.a(rpl-dag.o)
                0x0000000000002b8e                default_instance
                0x0000000000002b90                instance_table
 COMMON         0x0000000000002c6c       0x2e contiki-sky.a(packetbuf.o)
                0x0000000000002c6c                packetbuf_addrs
                0x0000000000002c7c                packetbuf_attrs
 COMMON         0x0000000000002c9a        0x8 contiki-sky.a(linkaddr.o)
                0x0000000000002c9a                linkaddr_node_addr
 COMMON         0x0000000000002ca2        0x8 contiki-sky.a(compower.o)
                0x0000000000002ca2                compower_idle_activity
                0x0000000000002caa                . = ALIGN (0x2)
                0x0000000000002caa                PROVIDE (__bss_end, .)
                0x0000000000001ab8                PROVIDE (__bss_size, SIZEOF (.bss))

.noinit         0x0000000000002caa        0x2 load address 0x000000000000f8ec
                0x0000000000002caa                PROVIDE (__noinit_start, .)
 *(.noinit .noinit.*)
 .noinit.crt0   0x0000000000002caa        0x2 /usr/lib/gcc/msp430/4.6.3/mmpy-16/libcrt0.a(__watchdog_support.o)
                0x0000000000002caa                __wdt_clear_value
                0x0000000000002cac                . = ALIGN (0x2)
                0x0000000000002cac                PROVIDE (__noinit_end, .)
                0x0000000000002cac                . = ALIGN (0x2)
                0x0000000000002cac                _end = .

.infomem        0x0000000000001000        0x0
 *(.infomem)
                0x0000000000001000                . = ALIGN (0x2)
 *(.infomem.*)

.infomemnobits  0x0000000000001000        0x0
 *(.infomemnobits)
                0x0000000000001000                . = ALIGN (0x2)
 *(.infomemnobits.*)

.infoa
 *(.infoa .infoa.*)

.infob
 *(.infob .infob.*)

.infoc
 *(.infoc .infoc.*)

.infod
 *(.infod .infod.*)

.vectors        0x000000000000ffe0       0x20
                0x000000000000ffe0                PROVIDE (__vectors_start, .)
 *(.vectors*)
 .vectors       0x000000000000ffe0       0x20 /usr/lib/gcc/msp430/4.6.3/mmpy-16/crt0ivtbl16.o
                0x000000000000ffe0                __ivtbl_16
                0x0000000000010000                _vectors_end = .

.fartext        0x0000000000000000        0x0
                0x0000000000000000                . = ALIGN (0x2)
 *(.fartext)
                0x0000000000000000                . = ALIGN (0x2)
 *(.fartext.*)
                0x0000000000000000                _efartext = .

.profiler
 *(.profiler)

.stab           0x0000000000000000    0x2a084
 *(.stab)
 .stab          0x0000000000000000     0x1680 udp-server.co
 .stab          0x0000000000001680     0x12b4 obj_sky/contiki-sky-main.o
                                       0x1b0c (size before relaxing)
 .stab          0x0000000000002934      0x264 contiki-sky.a(contiki-sky-pla)
                                        0x5b8 (size before relaxing)
 .stab          0x0000000000002b98      0x468 contiki-sky.a(button-sensor.o)
                                        0x7d4 (size before relaxing)
 .stab          0x0000000000003000      0x624 contiki-sky.a(ds2411.o)
                                        0xb40 (size before relaxing)
 .stab          0x0000000000003624      0xbac contiki-sky.a(xmem.o)
                                        0xf60 (size before relaxing)
 .stab          0x00000000000041d0      0x2b8 contiki-sky.a(node-id.o)
                                        0x4e0 (size before relaxing)
 .stab          0x0000000000004488      0x654 contiki-sky.a(sensors.o)
                                        0xb70 (size before relaxing)
 .stab          0x0000000000004adc     0x25e0 contiki-sky.a(cc2420.o)
                                       0x2cac (size before relaxing)
 .stab          0x00000000000070bc      0x63c contiki-sky.a(cc2420-arch.o)
                                       0x1728 (size before relaxing)
 .stab          0x00000000000076f8      0x60c contiki-sky.a(uart1.o)
                                        0x960 (size before relaxing)
 .stab          0x0000000000007d04      0x27c contiki-sky.a(uart1-putchar.o)
                                        0x7bc (size before relaxing)
 .stab          0x0000000000007f80      0x744 contiki-sky.a(msp430.o)
                                        0xa98 (size before relaxing)
 .stab          0x00000000000086c4      0x948 contiki-sky.a(clock.o)
                                        0xc9c (size before relaxing)
 .stab          0x000000000000900c      0x5dc contiki-sky.a(leds.o)
                                        0x828 (size before relaxing)
 .stab          0x00000000000095e8      0x3a8 contiki-sky.a(leds-arch.o)
                                        0x6fc (size before relaxing)
 .stab          0x0000000000009990      0x3fc contiki-sky.a(watchdog.o)
                                        0x750 (size before relaxing)
 .stab          0x0000000000009d8c      0x3cc contiki-sky.a(rtimer-arch.o)
                                        0x720 (size before relaxing)
 .stab          0x000000000000a158      0x294 contiki-sky.a(autostart.o)
                                        0x534 (size before relaxing)
 .stab          0x000000000000a3ec      0x474 contiki-sky.a(energest.o)
                                        0x6fc (size before relaxing)
 .stab          0x000000000000a860      0xa38 contiki-sky.a(etimer.o)
                                        0xd08 (size before relaxing)
 .stab          0x000000000000b298      0x7a4 contiki-sky.a(ctimer.o)
                                        0xb10 (size before relaxing)
 .stab          0x000000000000ba3c      0xb7c contiki-sky.a(process.o)
                                       0x1014 (size before relaxing)
 .stab          0x000000000000c5b8      0x3d8 contiki-sky.a(rtimer.o)
                                        0x6c0 (size before relaxing)
 .stab          0x000000000000c990      0x354 contiki-sky.a(timer.o)
                                        0x594 (size before relaxing)
 .stab          0x000000000000cce4      0x7f8 contiki-sky.a(list.o)
                                        0x804 (size before relaxing)
 .stab          0x000000000000d4dc      0x24c contiki-sky.a(random.o)
                                        0x624 (size before relaxing)