Archive member included because of file (symbol)

contiki-sky.a(mqtt.o)         mqtt-demo.co (mqtt_register)
contiki-sky.a(contiki-sky-pla)
                              obj_sky/contiki-sky-main.o (init_platform)
contiki-sky.a(button-sensor.o)
                              mqtt-demo.co (button_sensor)
contiki-sky.a(ds2411.o)       obj_sky/contiki-sky-main.o (ds2411_init)
contiki-sky.a(xmem.o)         obj_sky/contiki-sky-main.o (xmem_init)
contiki-sky.a(node-id.o)      obj_sky/contiki-sky-main.o (node_id_restore)
contiki-sky.a(sensors.o)      mqtt-demo.co (sensors_event)
contiki-sky.a(cc2420.o)       obj_sky/contiki-sky-main.o (cc2420_set_pan_addr)
contiki-sky.a(cc2420-arch.o)  contiki-sky.a(cc2420.o) (cc2420_arch_init)
contiki-sky.a(uart1.o)        obj_sky/contiki-sky-main.o (uart1_active)
contiki-sky.a(uart1-putchar.o)
                              obj_sky/contiki-sky-main.o (putchar)
contiki-sky.a(msp430.o)       contiki-sky.a(uart1.o) (msp430_add_lpm_req)
contiki-sky.a(clock.o)        obj_sky/contiki-sky-main.o (clock_init)
contiki-sky.a(leds.o)         obj_sky/contiki-sky-main.o (leds_init)
contiki-sky.a(leds-arch.o)    contiki-sky.a(leds.o) (leds_arch_init)
contiki-sky.a(watchdog.o)     obj_sky/contiki-sky-main.o (watchdog_start)
contiki-sky.a(rtimer-arch.o)  obj_sky/contiki-sky-main.o (rtimer_arch_now)
contiki-sky.a(autostart.o)    obj_sky/contiki-sky-main.o (autostart_start)
contiki-sky.a(energest.o)     obj_sky/contiki-sky-main.o (energest_init)
contiki-sky.a(etimer.o)       contiki-sky.a(clock.o) (etimer_request_poll)
contiki-sky.a(ctimer.o)       obj_sky/contiki-sky-main.o (ctimer_init)
contiki-sky.a(process.o)      contiki-sky.a(mqtt.o) (process_current)
contiki-sky.a(rtimer.o)       obj_sky/contiki-sky-main.o (rtimer_init)
contiki-sky.a(timer.o)        mqtt-demo.co (timer_set)
contiki-sky.a(list.o)         contiki-sky.a(mqtt.o) (list_init)
contiki-sky.a(random.o)       obj_sky/contiki-sky-main.o (random_init)
contiki-sky.a(uip-icmp6.o)    mqtt-demo.co (uip_icmp6_send)
contiki-sky.a(uip-ds6.o)      contiki-sky.a(uip-icmp6.o) (uip_ds6_if)
contiki-sky.a(uip-ds6-route.o)
                              contiki-sky.a(uip-ds6.o) (uip_ds6_route_init)
contiki-sky.a(uip6.o)         contiki-sky.a(uip-icmp6.o) (uip_aligned_buf)
contiki-sky.a(uip-ds6-nbr.o)  contiki-sky.a(uip-ds6.o) (uip_ds6_neighbors_init)
contiki-sky.a(uip-nd6.o)      contiki-sky.a(uip6.o) (uip_nd6_init)
contiki-sky.a(sicslowpan.o)   mqtt-demo.co (sicslowpan_get_last_rssi)
contiki-sky.a(uip-debug.o)    contiki-sky.a(uip-ds6-route.o) (uip_debug_ipaddr_print)
contiki-sky.a(tcp-socket.o)   contiki-sky.a(mqtt.o) (tcp_socket_register)
contiki-sky.a(tcpip.o)        contiki-sky.a(sicslowpan.o) (tcpip_set_outputfunc)
contiki-sky.a(uiplib.o)       contiki-sky.a(mqtt.o) (uiplib_ip6addrconv)
contiki-sky.a(rpl-ext-header.)
                              contiki-sky.a(uip6.o) (rpl_verify_hbh_header)
contiki-sky.a(rpl.o)          contiki-sky.a(uip-ds6-nbr.o) (rpl_link_neighbor_callback)
contiki-sky.a(rpl-icmp6.o)    contiki-sky.a(rpl-ext-header.) (dao_output_target)
contiki-sky.a(rpl-dag.o)      contiki-sky.a(rpl-ext-header.) (rpl_parents)
contiki-sky.a(framer-802154.o)
                              contiki-sky.a(sicslowpan.o) (framer_802154)
contiki-sky.a(csma.o)         obj_sky/contiki-sky-main.o (csma_driver)
contiki-sky.a(frame802154.o)  contiki-sky.a(framer-802154.o) (frame802154_get_pan_id)
contiki-sky.a(mac.o)          contiki-sky.a(csma.o) (mac_call_sent_callback)
contiki-sky.a(queuebuf.o)     obj_sky/contiki-sky-main.o (queuebuf_init)
contiki-sky.a(nbr-table.o)    contiki-sky.a(uip-ds6-route.o) (nbr_table_register)
contiki-sky.a(packetbuf.o)    contiki-sky.a(framer-802154.o) (packetbuf_hdrreduce)
contiki-sky.a(linkaddr.o)     obj_sky/contiki-sky-main.o (linkaddr_copy)
contiki-sky.a(link-stats.o)   contiki-sky.a(rpl-dag.o) (link_stats_from_lladdr)
contiki-sky.a(contikimac.o)   obj_sky/contiki-sky-main.o (contikimac_driver)
contiki-sky.a(nullsec.o)      obj_sky/contiki-sky-main.o (nullsec_driver)
contiki-sky.a(spi.o)          contiki-sky.a(xmem.o) (spi_init)
contiki-sky.a(stimer.o)       contiki-sky.a(uip-ds6.o) (stimer_set)
contiki-sky.a(compower.o)     contiki-sky.a(contikimac.o) (compower_accumulate)
contiki-sky.a(memb.o)         contiki-sky.a(uip-ds6-route.o) (memb_init)
contiki-sky.a(rpl-nbr-policy.)
                              contiki-sky.a(nbr-table.o) (rpl_nbr_policy_find_removable)
contiki-sky.a(rpl-timers.o)   contiki-sky.a(rpl.o) (rpl_reset_periodic_timer)
contiki-sky.a(rpl-mrhof.o)    contiki-sky.a(rpl-dag.o) (rpl_mrhof)
contiki-sky.a(mac-sequence.o)
                              contiki-sky.a(contikimac.o) (mac_sequence_is_duplicate)
/usr/lib/gcc/msp430/4.6.3/mmpy-16/libgcc.a(_mulsi3.o)
                              contiki-sky.a(rpl.o) (__mulsi3)
/usr/lib/gcc/msp430/4.6.3/mmpy-16/libgcc.a(_udivmod16.o)
                              contiki-sky.a(rpl-icmp6.o) (__udivhi3)
/usr/lib/gcc/msp430/4.6.3/mmpy-16/libgcc.a(_divmod16.o)
[...]
Memory Configuration

Name             Origin             Length             Attributes
sfr              0x0000000000000000 0x0000000000000010
peripheral_8bit  0x0000000000000010 0x00000000000000f0
peripheral_16bit 0x0000000000000100 0x0000000000000100
ram_mirror       0x0000000000000200 0x0000000000000800 xw
infomem          0x0000000000001000 0x0000000000000100
infob            0x0000000000001000 0x0000000000000080
infoa            0x0000000000001080 0x0000000000000080
ram              0x0000000000001100 0x0000000000002800 xw
rom              0x0000000000004000 0x000000000000bfe0 xr
vectors          0x000000000000ffe0 0x0000000000000020
bsl              0x0000000000000000 0x0000000000000000
infoc            0x0000000000000000 0x0000000000000000
infod            0x0000000000000000 0x0000000000000000
ram2             0x0000000000000000 0x0000000000000000 xw
usbram           0x0000000000000000 0x0000000000000000 xw
far_rom          0x0000000000000000 0x0000000000000000
*default*        0x0000000000000000 0xffffffffffffffff

Linker script and memory map

LOAD /usr/lib/gcc/msp430/4.6.3/mmpy-16/crt0ivtbl16.o
LOAD mqtt-demo.co
LOAD obj_sky/contiki-sky-main.o
LOAD contiki-sky.a
LOAD /usr/lib/gcc/msp430/4.6.3/mmpy-16/libgcc.a
LOAD /usr/lib/gcc/msp430/4.6.3/../../../../msp430/lib/mmpy-16/libc.a
LOAD /usr/lib/gcc/msp430/4.6.3/mmpy-16/libgcc.a
LOAD /usr/lib/gcc/msp430/4.6.3/mmpy-16/libcrt0.a
                0x0000000000000080                PROVIDE (__info_segment_size, 0x80)
                0x0000000000001000                PROVIDE (__infob, 0x1000)
                0x0000000000001080                PROVIDE (__infoa, 0x1080)
                0x0000000000000000                __IE1 = 0x0
                0x0000000000000002                __IFG1 = 0x2
                0x0000000000000004                __ME1 = 0x4
                0x0000000000000001                __IE2 = 0x1
                0x0000000000000003                __IFG2 = 0x3
                0x0000000000000005                __ME2 = 0x5
                0x0000000000000120                __WDTCTL = 0x120
                0x0000000000000130                __MPY = 0x130
                0x0000000000000132                __MPYS = 0x132
                0x0000000000000134                __MAC = 0x134
                0x0000000000000136                __MACS = 0x136
                0x0000000000000138                __OP2 = 0x138
                0x000000000000013a                __RESLO = 0x13a
                0x000000000000013c                __RESHI = 0x13c
                0x000000000000013e                __SUMEXT = 0x13e
                0x0000000000000020                __P1IN = 0x20
                0x0000000000000021                __P1OUT = 0x21
                0x0000000000000022                __P1DIR = 0x22
                0x0000000000000023                __P1IFG = 0x23
                0x0000000000000024                __P1IES = 0x24
                0x0000000000000025                __P1IE = 0x25
                0x0000000000000026                __P1SEL = 0x26
                0x0000000000000028                __P2IN = 0x28
                0x0000000000000029                __P2OUT = 0x29
                0x000000000000002a                __P2DIR = 0x2a
                0x000000000000002b                __P2IFG = 0x2b
                0x000000000000002c                __P2IES = 0x2c
                0x000000000000002d                __P2IE = 0x2d
                0x000000000000002e                __P2SEL = 0x2e
                0x0000000000000018                __P3IN = 0x18
                0x0000000000000019                __P3OUT = 0x19
                0x000000000000001a                __P3DIR = 0x1a
                0x000000000000001b                __P3SEL = 0x1b
                0x000000000000001c                __P4IN = 0x1c
                0x000000000000001d                __P4OUT = 0x1d
                0x000000000000001e                __P4DIR = 0x1e
                0x000000000000001f                __P4SEL = 0x1f
                0x0000000000000030                __P5IN = 0x30
                0x0000000000000031                __P5OUT = 0x31
                0x0000000000000032                __P5DIR = 0x32
                0x0000000000000033                __P5SEL = 0x33
                0x0000000000000034                __P6IN = 0x34
                0x0000000000000035                __P6OUT = 0x35
                0x0000000000000036                __P6DIR = 0x36
                0x0000000000000037                __P6SEL = 0x37
                0x0000000000000070                __U0CTL = 0x70
                0x0000000000000071                __U0TCTL = 0x71
                0x0000000000000072                __U0RCTL = 0x72
                0x0000000000000073                __U0MCTL = 0x73
                0x0000000000000074                __U0BR0 = 0x74
                0x0000000000000075                __U0BR1 = 0x75
                0x0000000000000076                __U0RXBUF = 0x76
                0x0000000000000077                __U0TXBUF = 0x77
                0x0000000000000078                __U1CTL = 0x78
                0x0000000000000079                __U1TCTL = 0x79
                0x000000000000007a                __U1RCTL = 0x7a
                0x000000000000007b                __U1MCTL = 0x7b
                0x000000000000007c                __U1BR0 = 0x7c
                0x000000000000007d                __U1BR1 = 0x7d
                0x000000000000007e                __U1RXBUF = 0x7e
                0x000000000000007f                __U1TXBUF = 0x7f
                0x0000000000000050                __I2CIE = 0x50
                0x0000000000000051                __I2CIFG = 0x51
                0x0000000000000052                __I2CNDAT = 0x52
                0x0000000000000071                __I2CTCTL = 0x71
                0x0000000000000072                __I2CDCTL = 0x72
                0x0000000000000073                __I2CPSC = 0x73
                0x0000000000000074                __I2CSCLH = 0x74
                0x0000000000000075                __I2CSCLL = 0x75
                0x0000000000000076                __I2CDRB = 0x76
                0x0000000000000076                __I2CDRW = 0x76
                0x0000000000000118                __I2COA = 0x118
                0x000000000000011a                __I2CSA = 0x11a
                0x000000000000011c                __I2CIV = 0x11c
                0x000000000000012e                __TAIV = 0x12e
                0x0000000000000160                __TACTL = 0x160
                0x0000000000000162                __TACCTL0 = 0x162
                0x0000000000000164                __TACCTL1 = 0x164
                0x0000000000000166                __TACCTL2 = 0x166
                0x0000000000000170                __TAR = 0x170
                0x0000000000000172                __TACCR0 = 0x172
                0x0000000000000174                __TACCR1 = 0x174
                0x0000000000000176                __TACCR2 = 0x176
                0x000000000000011e                __TBIV = 0x11e
                0x0000000000000180                __TBCTL = 0x180
                0x0000000000000182                __TBCCTL0 = 0x182
                0x0000000000000184                __TBCCTL1 = 0x184
                0x0000000000000186                __TBCCTL2 = 0x186
                0x0000000000000188                __TBCCTL3 = 0x188
                0x000000000000018a                __TBCCTL4 = 0x18a
                0x000000000000018c                __TBCCTL5 = 0x18c
                0x000000000000018e                __TBCCTL6 = 0x18e
                0x0000000000000190                __TBR = 0x190
                0x0000000000000192                __TBCCR0 = 0x192
                0x0000000000000194                __TBCCR1 = 0x194
                0x0000000000000196                __TBCCR2 = 0x196
                0x0000000000000198                __TBCCR3 = 0x198
                0x000000000000019a                __TBCCR4 = 0x19a
                0x000000000000019c                __TBCCR5 = 0x19c
                0x000000000000019e                __TBCCR6 = 0x19e
                0x0000000000000056                __DCOCTL = 0x56
                0x0000000000000057                __BCSCTL1 = 0x57
                0x0000000000000058                __BCSCTL2 = 0x58
                0x0000000000000055                __SVSCTL = 0x55
                0x0000000000000128                __FCTL1 = 0x128
                0x000000000000012a                __FCTL2 = 0x12a
                0x000000000000012c                __FCTL3 = 0x12c
                0x0000000000000059                __CACTL1 = 0x59
                0x000000000000005a                __CACTL2 = 0x5a
                0x000000000000005b                __CAPD = 0x5b
                0x00000000000001a0                __ADC12CTL0 = 0x1a0
                0x00000000000001a2                __ADC12CTL1 = 0x1a2
                0x00000000000001a4                __ADC12IFG = 0x1a4
                0x00000000000001a6                __ADC12IE = 0x1a6
                0x00000000000001a8                __ADC12IV = 0x1a8
                0x0000000000000140                __ADC12MEM0 = 0x140
                0x0000000000000142                __ADC12MEM1 = 0x142
                0x0000000000000144                __ADC12MEM2 = 0x144
                0x0000000000000146                __ADC12MEM3 = 0x146
                0x0000000000000148                __ADC12MEM4 = 0x148
                0x000000000000014a                __ADC12MEM5 = 0x14a
                0x000000000000014c                __ADC12MEM6 = 0x14c
                0x000000000000014e                __ADC12MEM7 = 0x14e
                0x0000000000000150                __ADC12MEM8 = 0x150
                0x0000000000000152                __ADC12MEM9 = 0x152
                0x0000000000000154                __ADC12MEM10 = 0x154
                0x0000000000000156                __ADC12MEM11 = 0x156
                0x0000000000000158                __ADC12MEM12 = 0x158
                0x000000000000015a                __ADC12MEM13 = 0x15a
                0x000000000000015c                __ADC12MEM14 = 0x15c
                0x000000000000015e                __ADC12MEM15 = 0x15e
                0x0000000000000080                __ADC12MCTL0 = 0x80
                0x0000000000000081                __ADC12MCTL1 = 0x81
                0x0000000000000082                __ADC12MCTL2 = 0x82
                0x0000000000000083                __ADC12MCTL3 = 0x83
                0x0000000000000084                __ADC12MCTL4 = 0x84
                0x0000000000000085                __ADC12MCTL5 = 0x85
                0x0000000000000086                __ADC12MCTL6 = 0x86
                0x0000000000000087                __ADC12MCTL7 = 0x87
                0x0000000000000088                __ADC12MCTL8 = 0x88
                0x0000000000000089                __ADC12MCTL9 = 0x89
                0x000000000000008a                __ADC12MCTL10 = 0x8a
                0x000000000000008b                __ADC12MCTL11 = 0x8b
                0x000000000000008c                __ADC12MCTL12 = 0x8c
                0x000000000000008d                __ADC12MCTL13 = 0x8d
                0x000000000000008e                __ADC12MCTL14 = 0x8e
                0x000000000000008f                __ADC12MCTL15 = 0x8f
                0x00000000000001c0                __DAC12_0CTL = 0x1c0
                0x00000000000001c2                __DAC12_1CTL = 0x1c2
                0x00000000000001c8                __DAC12_0DAT = 0x1c8
                0x00000000000001ca                __DAC12_1DAT = 0x1ca
                0x0000000000000122                __DMACTL0 = 0x122
                0x0000000000000124                __DMACTL1 = 0x124
                0x00000000000001e0                __DMA0CTL = 0x1e0
                0x00000000000001e8                __DMA1CTL = 0x1e8
                0x00000000000001f0                __DMA2CTL = 0x1f0
                0x00000000000001e2                __DMA0SA = 0x1e2
                0x00000000000001e4                __DMA0DA = 0x1e4
                0x00000000000001e6                __DMA0SZ = 0x1e6
                0x00000000000001ea                __DMA1SA = 0x1ea
                0x00000000000001ec                __DMA1DA = 0x1ec
                0x00000000000001ee                __DMA1SZ = 0x1ee
                0x00000000000001f2                __DMA2SA = 0x1f2
                0x00000000000001f4                __DMA2DA = 0x1f4
                0x00000000000001f6                __DMA2SZ = 0x1f6

.hash
 *(.hash)

.dynsym
 *(.dynsym)

.dynstr
 *(.dynstr)

.gnu.version
 *(.gnu.version)

.gnu.version_d
 *(.gnu.version_d)

.gnu.version_r
 *(.gnu.version_r)

.rel.init
 *(.rel.init)

.rela.init
 *(.rela.init)

.rel.fini
 *(.rel.fini)

.rela.fini
 *(.rela.fini)

.rel.text
 *(.rel.text .rel.text.* .rel.gnu.linkonce.t.*)

.rela.text
 *(.rela.text .rela.text.* .rela.gnu.linkonce.t.*)

.rel.rodata
 *(.rel.rodata .rel.rodata.* .rel.gnu.linkonce.r.*)

.rela.rodata
 *(.rela.rodata .rela.rodata.* .rela.gnu.linkonce.r.*)

.rel.data
 *(.rel.data .rel.data.* .rel.gnu.linkonce.d.*)

.rela.data
 *(.rela.data .rela.data.* .rela.gnu.linkonce.d.*)

.rel.bss
 *(.rel.bss .rel.bss.* .rel.gnu.linkonce.b.*)

.rela.bss
 *(.rela.bss .rela.bss.* .rela.gnu.linkonce.b.*)

.rel.ctors
 *(.rel.ctors)

.rela.ctors
 *(.rela.ctors)

.rel.dtors
 *(.rel.dtors)

.rela.dtors
 *(.rela.dtors)

.rel.got
 *(.rel.got)

.rela.got
 *(.rela.got)

.rel.plt
 *(.rel.plt)

.rela.plt
 *(.rela.plt)

.text           0x0000000000004000     0xde8e
                0x0000000000004000                . = ALIGN (0x2)
 *(.init .init.*)
 *(.init0)
 .init0         0x0000000000004000        0x0 /usr/lib/gcc/msp430/4.6.3/mmpy-16/libcrt0.a(_reset_vector__.o)
                0x0000000000004000                _reset_vector__
 *(.init1)
 .init1         0x0000000000004000        0xc /usr/lib/gcc/msp430/4.6.3/mmpy-16/libcrt0.a(__watchdog_support.o)
                0x0000000000004000                __watchdog_support
 *(.init2)
 .init2         0x000000000000400c        0x4 /usr/lib/gcc/msp430/4.6.3/mmpy-16/libcrt0.a(__init_stack.o)
                0x000000000000400c                __init_stack
 *(.init3)
 .init3         0x0000000000004010        0x0 /usr/lib/gcc/msp430/4.6.3/mmpy-16/libcrt0.a(__low_level_init.o)
                0x0000000000004010                __low_level_init
 *(.init4)
 .init4         0x0000000000004010       0x18 /usr/lib/gcc/msp430/4.6.3/mmpy-16/libcrt0.a(_copy_data.o)
                0x0000000000004010                __do_copy_data
 .init4         0x0000000000004028       0x16 /usr/lib/gcc/msp430/4.6.3/mmpy-16/libcrt0.a(_clear_bss.o)
                0x0000000000004028                __do_clear_bss
 *(.init5)
 *(.init6)
 *(.init7)
 *(.init8)
 *(.init9)
 .init9         0x000000000000403e      0x340 obj_sky/contiki-sky-main.o
                0x000000000000403e                main
 *(.fini9)
 .fini9         0x000000000000437e        0x0 /usr/lib/gcc/msp430/4.6.3/mmpy-16/libcrt0.a(__stop_progExec__.o)
                0x000000000000437e                __stop_progExec__
 *(.fini8)
 *(.fini7)
 *(.fini6)
 *(.fini5)
 *(.fini4)
 *(.fini3)
 *(.fini2)
 *(.fini1)
 *(.fini0)
 .fini0         0x000000000000437e        0x6 /usr/lib/gcc/msp430/4.6.3/mmpy-16/libcrt0.a(_endless_loop__.o)
                0x000000000000437e                _endless_loop__
 *(.fini .fini.*)
                0x0000000000004384                . = ALIGN (0x2)
                0x0000000000004384                __ctors_start = .
 *(.ctors)
                0x0000000000004384                __ctors_end = .
                0x0000000000004384                __dtors_start = .
 *(.dtors)
                0x0000000000004384                __dtors_end = .
                0x0000000000004384                . = ALIGN (0x2)
 *(.text .text.* .gnu.linkonce.t.*)
 .text          0x0000000000004384        0x4 /usr/lib/gcc/msp430/4.6.3/mmpy-16/crt0ivtbl16.o
                0x0000000000004384                __isr_14
                0x0000000000004384                __isr_11
                0x0000000000004384                __isr_2
                0x0000000000004384                __isr_7
                0x0000000000004384                __isr_0
                0x0000000000004384                __isr_8
                0x0000000000004384                __isr_3
                0x0000000000004384                __isr_12
                0x0000000000004384                __isr_13
                0x0000000000004384                __isr_9
 .text.publish_led_off
                0x0000000000004388        0x8 mqtt-demo.co
 .text.ping_parent
                0x0000000000004390       0x1e mqtt-demo.co
 .text.mqtt_event
                0x00000000000043ae       0xc8 mqtt-demo.co
 .text.echo_reply_handler
                0x0000000000004476       0x24 mqtt-demo.co
 .text.ipaddr_sprintf
                0x000000000000449a       0xb0 mqtt-demo.co
                0x000000000000449a                ipaddr_sprintf
 .text.process_thread_mqtt_demo_process
                0x000000000000454a      0x57c mqtt-demo.co
 .text.encode_remaining_length
                0x0000000000004ac6       0x4c contiki-sky.a(mqtt.o)
 .text.call_event
                0x0000000000004b12       0x1a contiki-sky.a(mqtt.o)
 .text.reset_packet
                0x0000000000004b2c       0x16 contiki-sky.a(mqtt.o)
 .text.connect_tcp
                0x0000000000004b42       0x68 contiki-sky.a(mqtt.o)
 .text.handle_publish
                0x0000000000004baa       0x2e contiki-sky.a(mqtt.o)
 .text.tcp_input
                0x0000000000004bd8      0x490 contiki-sky.a(mqtt.o)
 .text.abort_connection
                0x0000000000005068       0x4a contiki-sky.a(mqtt.o)
 .text.tcp_event
                0x00000000000050b2       0x94 contiki-sky.a(mqtt.o)
 .text.string_to_mqtt_string
                0x0000000000005146       0x26 contiki-sky.a(mqtt.o)
 .text.keep_alive_callback
                0x000000000000516c       0x3e contiki-sky.a(mqtt.o)
 .text.send_out_buffer
                0x00000000000051aa       0x52 contiki-sky.a(mqtt.o)
 .text.write_byte
                0x00000000000051fc       0x26 contiki-sky.a(mqtt.o)
 .text.write_bytes
                0x0000000000005222       0xca contiki-sky.a(mqtt.o)
 .text.mqtt_init
                0x00000000000052ec       0x76 contiki-sky.a(mqtt.o)
                0x00000000000052ec                mqtt_init
 .text.mqtt_register
                0x0000000000005362       0x78 contiki-sky.a(mqtt.o)
                0x0000000000005362                mqtt_register
 .text.mqtt_connect
                0x00000000000053da       0x5c contiki-sky.a(mqtt.o)
                0x00000000000053da                mqtt_connect
 .text.mqtt_disconnect
                0x0000000000005436       0x1c contiki-sky.a(mqtt.o)
                0x0000000000005436                mqtt_disconnect
 .text.process_thread_mqtt_process
                0x0000000000005452     0x101e contiki-sky.a(mqtt.o)
 .text.mqtt_subscribe
                0x0000000000006470       0x58 contiki-sky.a(mqtt.o)
                0x0000000000006470                mqtt_subscribe
 .text.mqtt_publish
                0x00000000000064c8       0x70 contiki-sky.a(mqtt.o)
                0x00000000000064c8                mqtt_publish
 .text.mqtt_set_username_password
                0x0000000000006538       0x4c contiki-sky.a(mqtt.o)
                0x0000000000006538                mqtt_set_username_password
 .text.init_platform
                0x0000000000006584        0xc contiki-sky.a(contiki-sky-pla)
                0x0000000000006584                init_platform
 .text.status   0x0000000000006590       0x16 contiki-sky.a(button-sensor.o)
 .text.configure
                0x00000000000065a6       0x52 contiki-sky.a(button-sensor.o)
 .text.value    0x00000000000065f8       0x22 contiki-sky.a(button-sensor.o)
 .text.irq_p2   0x000000000000661a       0x8a contiki-sky.a(button-sensor.o)
                0x000000000000661a                irq_p2
                0x000000000000661a                __isr_1
 .text.owreadb  0x00000000000066a4       0x52 contiki-sky.a(ds2411.o)
 .text.ds2411_init
                0x00000000000066f6      0x122 contiki-sky.a(ds2411.o)
                0x00000000000066f6                ds2411_init
 .text.wait_ready
                0x0000000000006818       0x50 contiki-sky.a(xmem.o)
 .text.xmem_init
                0x0000000000006868       0x3e contiki-sky.a(xmem.o)
                0x0000000000006868                xmem_init
 .text.xmem_pread
                0x00000000000068a6       0xea contiki-sky.a(xmem.o)
                0x00000000000068a6                xmem_pread
 .text.node_id_restore
                0x0000000000006990       0x38 contiki-sky.a(node-id.o)
                0x0000000000006990                node_id_restore
 .text.process_thread_sensors_process
                0x00000000000069c8       0xbe contiki-sky.a(sensors.o)
 .text.sensors_changed
                0x0000000000006a86       0x2a contiki-sky.a(sensors.o)
                0x0000000000006a86                sensors_changed
 .text.get_object
                0x0000000000006ab0        0x4 contiki-sky.a(cc2420.o)
 .text.set_object
                0x0000000000006ab4        0x4 contiki-sky.a(cc2420.o)
 .text.strobe   0x0000000000006ab8       0x20 contiki-sky.a(cc2420.o)
 .text.getreg   0x0000000000006ad8       0x54 contiki-sky.a(cc2420.o)
 .text.setreg   0x0000000000006b2c       0x52 contiki-sky.a(cc2420.o)
 .text.write_ram
                0x0000000000006b7e       0x80 contiki-sky.a(cc2420.o)
 .text.write_fifo_buf
                0x0000000000006bfe       0x40 contiki-sky.a(cc2420.o)
 .text.get_status
                0x0000000000006c3e       0x24 contiki-sky.a(cc2420.o)
 .text.set_txpower
                0x0000000000006c62       0x26 contiki-sky.a(cc2420.o)
 .text.cc2420_receiving_packet
                0x0000000000006c88        0xe contiki-sky.a(cc2420.o)
 .text.pending_packet
                0x0000000000006c96        0x8 contiki-sky.a(cc2420.o)
 .text.on       0x0000000000006c9e       0x26 contiki-sky.a(cc2420.o)
 .text.wait_for_transmission
                0x0000000000006cc4       0x22 contiki-sky.a(cc2420.o)
 .text.wait_for_status
                0x0000000000006ce6       0x2a contiki-sky.a(cc2420.o)
 .text.getrxdata
                0x0000000000006d10       0x56 contiki-sky.a(cc2420.o)
 .text.flushrx  0x0000000000006d66       0x1a contiki-sky.a(cc2420.o)
 .text.off      0x0000000000006d80       0x62 contiki-sky.a(cc2420.o)
 .text.RELEASE_LOCK
                0x0000000000006de2       0x28 contiki-sky.a(cc2420.o)
 .text.set_key  0x0000000000006e0a       0x18 contiki-sky.a(cc2420.o)
 .text.set_frame_filtering
                0x0000000000006e22       0x30 contiki-sky.a(cc2420.o)
 .text.set_auto_ack
                0x0000000000006e52       0x30 contiki-sky.a(cc2420.o)
 .text.set_poll_mode
                0x0000000000006e82       0x36 contiki-sky.a(cc2420.o)
 .text.cc2420_prepare
                0x0000000000006eb8       0x3c contiki-sky.a(cc2420.o)
 .text.cc2420_on
                0x0000000000006ef4       0x22 contiki-sky.a(cc2420.o)
                0x0000000000006ef4                cc2420_on
 .text.cc2420_off
                0x0000000000006f16       0x30 contiki-sky.a(cc2420.o)
                0x0000000000006f16                cc2420_off
 .text.cc2420_cca
                0x0000000000006f46       0x5e contiki-sky.a(cc2420.o)
 .text.cc2420_read
                0x0000000000006fa4       0xc0 contiki-sky.a(cc2420.o)
 .text.process_thread_cc2420_process
                0x0000000000007064       0x58 contiki-sky.a(cc2420.o)
 .text.encrypt  0x00000000000070bc       0x8e contiki-sky.a(cc2420.o)
 .text.cc2420_set_channel
                0x000000000000714a       0x3c contiki-sky.a(cc2420.o)
                0x000000000000714a                cc2420_set_channel
 .text.cc2420_set_pan_addr
                0x0000000000007186       0x4c contiki-sky.a(cc2420.o)
                0x0000000000007186                cc2420_set_pan_addr
 .text.cc2420_interrupt
                0x00000000000071d2       0x18 contiki-sky.a(cc2420.o)
                0x00000000000071d2                cc2420_interrupt
 .text.cc2420_set_txpower
                0x00000000000071ea        0xe contiki-sky.a(cc2420.o)
                0x00000000000071ea                cc2420_set_txpower
 .text.cc2420_get_txpower
                0x00000000000071f8       0x1e contiki-sky.a(cc2420.o)
                0x00000000000071f8                cc2420_get_txpower
 .text.cc2420_transmit
                0x0000000000007216      0x114 contiki-sky.a(cc2420.o)
 .text.cc2420_send
                0x000000000000732a       0x12 contiki-sky.a(cc2420.o)
 .text.cc2420_rssi
                0x000000000000733c       0x4c contiki-sky.a(cc2420.o)
                0x000000000000733c                cc2420_rssi
 .text.get_value
                0x0000000000007388      0x108 contiki-sky.a(cc2420.o)
 .text.cc2420_set_cca_threshold
                0x0000000000007490       0x16 contiki-sky.a(cc2420.o)
                0x0000000000007490                cc2420_set_cca_threshold
 .text.set_value
                0x00000000000074a6       0xba contiki-sky.a(cc2420.o)
 .text.cc2420_init
                0x0000000000007560       0xf0 contiki-sky.a(cc2420.o)
                0x0000000000007560                cc2420_init
 .text.cc2420_port1_interrupt
                0x0000000000007650       0x62 contiki-sky.a(cc2420-arch.o)
                0x0000000000007650                __isr_4
                0x0000000000007650                cc2420_port1_interrupt
 .text.cc2420_arch_init
                0x00000000000076b2       0x1a contiki-sky.a(cc2420-arch.o)
                0x00000000000076b2                cc2420_arch_init
 .text.uart1_active
                0x00000000000076cc       0x1a contiki-sky.a(uart1.o)
                0x00000000000076cc                uart1_active
 .text.uart1_writeb
                0x00000000000076e6       0x1a contiki-sky.a(uart1.o)
                0x00000000000076e6                uart1_writeb
 .text.uart1_init
                0x0000000000007700       0xf6 contiki-sky.a(uart1.o)
                0x0000000000007700                uart1_init
 .text.putchar  0x00000000000077f6       0x10 contiki-sky.a(uart1-putchar.o)
                0x00000000000077f6                putchar
 .text.msp430_init_dco
                0x0000000000007806       0x84 contiki-sky.a(msp430.o)
                0x0000000000007806                msp430_init_dco
 .text.msp430_add_lpm_req
                0x000000000000788a        0xc contiki-sky.a(msp430.o)
                0x000000000000788a                msp430_add_lpm_req
 .text.msp430_cpu_init
                0x0000000000007896       0x2a contiki-sky.a(msp430.o)
                0x0000000000007896                msp430_cpu_init
 .text.splhigh_
                0x00000000000078c0        0x8 contiki-sky.a(msp430.o)
                0x00000000000078c0                splhigh_
 .text.msp430_sync_dco
                0x00000000000078c8       0x68 contiki-sky.a(msp430.o)
                0x00000000000078c8                msp430_sync_dco
 .text.timera1  0x0000000000007930      0x11e contiki-sky.a(clock.o)
                0x0000000000007930                __isr_5
                0x0000000000007930                timera1
 .text.clock_time
                0x0000000000007a4e       0x1a contiki-sky.a(clock.o)
                0x0000000000007a4e                clock_time
 .text.clock_init
                0x0000000000007a68       0x28 contiki-sky.a(clock.o)
                0x0000000000007a68                clock_init
 .text.clock_delay
                0x0000000000007a90        0xc contiki-sky.a(clock.o)
                0x0000000000007a90                clock_delay
 .text.clock_seconds
                0x0000000000007a9c       0x1a contiki-sky.a(clock.o)
                0x0000000000007a9c                clock_seconds
 .text.show_leds
                0x0000000000007ab6       0xf6 contiki-sky.a(leds.o)
 .text.leds_init
                0x0000000000007bac        0xa contiki-sky.a(leds.o)
                0x0000000000007bac                leds_init
 .text.leds_on  0x0000000000007bb6        0xa contiki-sky.a(leds.o)
                0x0000000000007bb6                leds_on
 .text.leds_off
                0x0000000000007bc0        0xe contiki-sky.a(leds.o)
                0x0000000000007bc0                leds_off
 .text.leds_arch_init
                0x0000000000007bce        0xe contiki-sky.a(leds-arch.o)
                0x0000000000007bce                leds_arch_init
 .text.leds_arch_set
                0x0000000000007bdc       0x3a contiki-sky.a(leds-arch.o)
                0x0000000000007bdc                leds_arch_set
 .text.watchdog_interrupt
                0x0000000000007c16        0x6 contiki-sky.a(watchdog.o)
                0x0000000000007c16                __isr_10
                0x0000000000007c16                watchdog_interrupt
 .text.watchdog_start
                0x0000000000007c1c       0x14 contiki-sky.a(watchdog.o)
                0x0000000000007c1c                watchdog_start
 .text.watchdog_periodic
                0x0000000000007c30       0x12 contiki-sky.a(watchdog.o)
                0x0000000000007c30                watchdog_periodic
 .text.watchdog_stop
                0x0000000000007c42       0x16 contiki-sky.a(watchdog.o)
                0x0000000000007c42                watchdog_stop
 .text.watchdog_init
                0x0000000000007c58       0x14 contiki-sky.a(watchdog.o)
                0x0000000000007c58                watchdog_init
 .text.rtimer_arch_init
                0x0000000000007c6c        0xe contiki-sky.a(rtimer-arch.o)
                0x0000000000007c6c                rtimer_arch_init
 .text.rtimer_arch_now
                0x0000000000007c7a        0xe contiki-sky.a(rtimer-arch.o)
                0x0000000000007c7a                rtimer_arch_now
 .text.timera0  0x0000000000007c88       0x70 contiki-sky.a(rtimer-arch.o)
                0x0000000000007c88                __isr_6
                0x0000000000007c88                timera0
 .text.rtimer_arch_schedule
                0x0000000000007cf8        0x6 contiki-sky.a(rtimer-arch.o)
                0x0000000000007cf8                rtimer_arch_schedule
 .text.autostart_start
                0x0000000000007cfe       0x16 contiki-sky.a(autostart.o)
                0x0000000000007cfe                autostart_start
 .text.energest_init
                0x0000000000007d14       0x28 contiki-sky.a(energest.o)
                0x0000000000007d14                energest_init
 .text.energest_type_time
                0x0000000000007d3c       0x46 contiki-sky.a(energest.o)
                0x0000000000007d3c                energest_type_time
 .text.energest_type_set
                0x0000000000007d82        0xe contiki-sky.a(energest.o)
                0x0000000000007d82                energest_type_set
 .text.energest_flush
                0x0000000000007d90       0x48 contiki-sky.a(energest.o)
                0x0000000000007d90                energest_flush
 .text.update_time
                0x0000000000007dd8       0x78 contiki-sky.a(etimer.o)
 .text.etimer_request_poll
                0x0000000000007e50        0xa contiki-sky.a(etimer.o)
                0x0000000000007e50                etimer_request_poll
 .text.process_thread_etimer_process
                0x0000000000007e5a       0xc8 contiki-sky.a(etimer.o)
 .text.add_timer
                0x0000000000007f22       0x40 contiki-sky.a(etimer.o)
 .text.etimer_set
                0x0000000000007f62       0x12 contiki-sky.a(etimer.o)
                0x0000000000007f62                etimer_set
 .text.etimer_reset
                0x0000000000007f74       0x12 contiki-sky.a(etimer.o)
                0x0000000000007f74                etimer_reset
 .text.etimer_restart
                0x0000000000007f86       0x12 contiki-sky.a(etimer.o)
                0x0000000000007f86                etimer_restart
 .text.etimer_expired
                0x0000000000007f98        0xe contiki-sky.a(etimer.o)
                0x0000000000007f98                etimer_expired
 .text.etimer_expiration_time
                0x0000000000007fa6       0x14 contiki-sky.a(etimer.o)
                0x0000000000007fa6                etimer_expiration_time
 .text.etimer_pending
                0x0000000000007fba        0xc contiki-sky.a(etimer.o)
                0x0000000000007fba                etimer_pending
 .text.etimer_next_expiration_time
                0x0000000000007fc6       0x16 contiki-sky.a(etimer.o)
                0x0000000000007fc6                etimer_next_expiration_time
 .text.etimer_stop
                0x0000000000007fdc       0x3c contiki-sky.a(etimer.o)
                0x0000000000007fdc                etimer_stop
 .text.process_thread_ctimer_process
                0x0000000000008018       0xa4 contiki-sky.a(ctimer.o)
 .text.ctimer_init
                0x00000000000080bc       0x18 contiki-sky.a(ctimer.o)
                0x00000000000080bc                ctimer_init
 .text.ctimer_set_with_process
                0x00000000000080d4       0x4e contiki-sky.a(ctimer.o)
                0x00000000000080d4                ctimer_set_with_process
 .text.ctimer_set
                0x0000000000008122       0x10 contiki-sky.a(ctimer.o)
                0x0000000000008122                ctimer_set
 .text.ctimer_reset
                0x0000000000008132       0x30 contiki-sky.a(ctimer.o)
                0x0000000000008132                ctimer_reset
 .text.ctimer_restart
                0x0000000000008162       0x30 contiki-sky.a(ctimer.o)
                0x0000000000008162                ctimer_restart
 .text.ctimer_stop
                0x0000000000008192       0x28 contiki-sky.a(ctimer.o)
                0x0000000000008192                ctimer_stop
 .text.call_process
                0x00000000000081ba       0x4a contiki-sky.a(process.o)
 .text.exit_process
                0x0000000000008204       0x96 contiki-sky.a(process.o)
 .text.do_poll  0x000000000000829a       0x30 contiki-sky.a(process.o)
 .text.process_alloc_event
                0x00000000000082ca        0xe contiki-sky.a(process.o)
                0x00000000000082ca                process_alloc_event
 .text.process_init
                0x00000000000082d8       0x1c contiki-sky.a(process.o)
                0x00000000000082d8                process_init
 .text.process_run
                0x00000000000082f4       0x92 contiki-sky.a(process.o)
                0x00000000000082f4                process_run
 .text.process_nevents
                0x0000000000008386        0xe contiki-sky.a(process.o)
                0x0000000000008386                process_nevents
 .text.process_post
                0x0000000000008394       0x4e contiki-sky.a(process.o)
                0x0000000000008394                process_post
 .text.process_post_synch
                0x00000000000083e2       0x12 contiki-sky.a(process.o)
                0x00000000000083e2                process_post_synch
 .text.process_start
                0x00000000000083f4       0x32 contiki-sky.a(process.o)
                0x00000000000083f4                process_start
 .text.process_poll
                0x0000000000008426       0x18 contiki-sky.a(process.o)
                0x0000000000008426                process_poll
 .text.rtimer_init
                0x000000000000843e        0x6 contiki-sky.a(rtimer.o)
                0x000000000000843e                rtimer_init
 .text.rtimer_set
                0x0000000000008444       0x24 contiki-sky.a(rtimer.o)
                0x0000000000008444                rtimer_set
 .text.rtimer_run_next
                0x0000000000008468       0x26 contiki-sky.a(rtimer.o)
                0x0000000000008468                rtimer_run_next
 .text.timer_set
                0x000000000000848e       0x1c contiki-sky.a(timer.o)
                0x000000000000848e                timer_set
 .text.timer_reset
                0x00000000000084aa        0xe contiki-sky.a(timer.o)
                0x00000000000084aa                timer_reset
 .text.timer_restart
                0x00000000000084b8       0x14 contiki-sky.a(timer.o)
                0x00000000000084b8                timer_restart
 .text.timer_expired
                0x00000000000084cc       0x2a contiki-sky.a(timer.o)
                0x00000000000084cc                timer_expired
 .text.list_init
                0x00000000000084f6        0x6 contiki-sky.a(list.o)
                0x00000000000084f6                list_init
 .text.list_head
                0x00000000000084fc        0x4 contiki-sky.a(list.o)
                0x00000000000084fc                list_head
 .text.list_tail
                0x0000000000008500       0x12 contiki-sky.a(list.o)
                0x0000000000008500                list_tail
 .text.list_remove
                0x0000000000008512       0x34 contiki-sky.a(list.o)
                0x0000000000008512                list_remove
 .text.list_push
                0x0000000000008546       0x1a contiki-sky.a(list.o)
                0x0000000000008546                list_push
 .text.list_add
                0x0000000000008560       0x2a contiki-sky.a(list.o)
                0x0000000000008560                list_add
 .text.list_length
                0x000000000000858a       0x10 contiki-sky.a(list.o)
                0x000000000000858a                list_length
 .text.list_item_next
                0x000000000000859a        0xc contiki-sky.a(list.o)
                0x000000000000859a                list_item_next
 .text.random_init
                0x00000000000085a6        0x6 contiki-sky.a(random.o)
                0x00000000000085a6                random_init
 .text.random_rand
                0x00000000000085ac        0x6 contiki-sky.a(random.o)
                0x00000000000085ac                random_rand
 .text.echo_reply_input
                0x00000000000085b2       0xb2 contiki-sky.a(uip-icmp6.o)
 .text.echo_request_input
                0x0000000000008664       0xca contiki-sky.a(uip-icmp6.o)
 .text.uip_icmp6_input
                0x000000000000872e       0x44 contiki-sky.a(uip-icmp6.o)
                0x000000000000872e                uip_icmp6_input
 .text.uip_icmp6_register_input_handler
                0x0000000000008772        0xc contiki-sky.a(uip-icmp6.o)
                0x0000000000008772                uip_icmp6_register_input_handler
 .text.uip_icmp6_error_output
                0x000000000000877e      0x17c contiki-sky.a(uip-icmp6.o)
                0x000000000000877e                uip_icmp6_error_output
 .text.uip_icmp6_send
                0x00000000000088fa       0x96 contiki-sky.a(uip-icmp6.o)
                0x00000000000088fa                uip_icmp6_send
 .text.uip_icmp6_echo_reply_callback_add
                0x0000000000008990       0x18 contiki-sky.a(uip-icmp6.o)
                0x0000000000008990                uip_icmp6_echo_reply_callback_add
 .text.uip_icmp6_init
                0x00000000000089a8       0x12 contiki-sky.a(uip-icmp6.o)
                0x00000000000089a8                uip_icmp6_init
 .text.uip_ds6_list_loop
                0x00000000000089ba       0x86 contiki-sky.a(uip-ds6.o)
                0x00000000000089ba                uip_ds6_list_loop
 .text.uip_ds6_prefix_add
                0x0000000000008a40       0x80 contiki-sky.a(uip-ds6.o)
                0x0000000000008a40                uip_ds6_prefix_add
 .text.uip_ds6_is_addr_onlink
                0x0000000000008ac0       0x54 contiki-sky.a(uip-ds6.o)
                0x0000000000008ac0                uip_ds6_is_addr_onlink
 .text.uip_ds6_addr_lookup
                0x0000000000008b14       0x2a contiki-sky.a(uip-ds6.o)
                0x0000000000008b14                uip_ds6_addr_lookup
 .text.uip_ds6_get_link_local
                0x0000000000008b3e       0x3e contiki-sky.a(uip-ds6.o)
                0x0000000000008b3e                uip_ds6_get_link_local
 .text.uip_ds6_get_global
                0x0000000000008b7c       0x3e contiki-sky.a(uip-ds6.o)
                0x0000000000008b7c                uip_ds6_get_global
 .text.uip_ds6_maddr_add
                0x0000000000008bba       0x4c contiki-sky.a(uip-ds6.o)
                0x0000000000008bba                uip_ds6_maddr_add
 .text.uip_ds6_addr_add
                0x0000000000008c06       0xc4 contiki-sky.a(uip-ds6.o)
                0x0000000000008c06                uip_ds6_addr_add
 .text.uip_ds6_maddr_lookup
                0x0000000000008cca       0x2a contiki-sky.a(uip-ds6.o)
                0x0000000000008cca                uip_ds6_maddr_lookup
 .text.uip_ds6_addr_rm
                0x0000000000008cf4       0x54 contiki-sky.a(uip-ds6.o)
                0x0000000000008cf4                uip_ds6_addr_rm
 .text.uip_ds6_periodic
                0x0000000000008d48       0x46 contiki-sky.a(uip-ds6.o)
                0x0000000000008d48                uip_ds6_periodic
 .text.uip_ds6_set_addr_iid
                0x0000000000008d8e       0x14 contiki-sky.a(uip-ds6.o)
                0x0000000000008d8e                uip_ds6_set_addr_iid
 .text.get_match_length
                0x0000000000008da2       0x3e contiki-sky.a(uip-ds6.o)
                0x0000000000008da2                get_match_length
 .text.uip_ds6_select_src
                0x0000000000008de0       0xaa contiki-sky.a(uip-ds6.o)
                0x0000000000008de0                uip_ds6_select_src
 .text.uip_ds6_compute_reachable_time
                0x0000000000008e8a       0x3e contiki-sky.a(uip-ds6.o)
                0x0000000000008e8a                uip_ds6_compute_reachable_time
 .text.uip_ds6_init
                0x0000000000008ec8      0x154 contiki-sky.a(uip-ds6.o)
                0x0000000000008ec8                uip_ds6_init
 .text.call_route_callback
                0x000000000000901c       0x4c contiki-sky.a(uip-ds6-route.o)
 .text.uip_ds6_route_init
                0x0000000000009068       0x36 contiki-sky.a(uip-ds6-route.o)
                0x0000000000009068                uip_ds6_route_init
 .text.uip_ds6_route_nexthop
                0x000000000000909e       0x1a contiki-sky.a(uip-ds6-route.o)
                0x000000000000909e                uip_ds6_route_nexthop
 .text.uip_ds6_route_head
                0x00000000000090b8        0xa contiki-sky.a(uip-ds6-route.o)
                0x00000000000090b8                uip_ds6_route_head
 .text.uip_ds6_route_next
                0x00000000000090c2        0xe contiki-sky.a(uip-ds6-route.o)
                0x00000000000090c2                uip_ds6_route_next
 .text.uip_ds6_route_is_nexthop
                0x00000000000090d0       0x1e contiki-sky.a(uip-ds6-route.o)
                0x00000000000090d0                uip_ds6_route_is_nexthop
 .text.uip_ds6_route_lookup
                0x00000000000090ee       0x8c contiki-sky.a(uip-ds6-route.o)
                0x00000000000090ee                uip_ds6_route_lookup
 .text.uip_ds6_route_rm
                0x000000000000917a       0xa4 contiki-sky.a(uip-ds6-route.o)
                0x000000000000917a                uip_ds6_route_rm
 .text.rm_routelist
                0x000000000000921e       0x34 contiki-sky.a(uip-ds6-route.o)
 .text.rm_routelist_callback
                0x0000000000009252        0x6 contiki-sky.a(uip-ds6-route.o)
 .text.uip_ds6_route_add
                0x0000000000009258      0x110 contiki-sky.a(uip-ds6-route.o)
                0x0000000000009258                uip_ds6_route_add
 .text.uip_ds6_defrt_rm
                0x0000000000009368       0x48 contiki-sky.a(uip-ds6-route.o)
                0x0000000000009368                uip_ds6_defrt_rm
 .text.uip_ds6_defrt_lookup
                0x00000000000093b0       0x36 contiki-sky.a(uip-ds6-route.o)
                0x00000000000093b0                uip_ds6_defrt_lookup
 .text.uip_ds6_defrt_add
                0x00000000000093e6       0x74 contiki-sky.a(uip-ds6-route.o)
                0x00000000000093e6                uip_ds6_defrt_add
 .text.uip_ds6_defrt_choose
                0x000000000000945a       0x3a contiki-sky.a(uip-ds6-route.o)
                0x000000000000945a                uip_ds6_defrt_choose
 .text.uip_ds6_defrt_periodic
                0x0000000000009494       0x38 contiki-sky.a(uip-ds6-route.o)
                0x0000000000009494                uip_ds6_defrt_periodic
 .text.chksum   0x00000000000094cc       0x32 contiki-sky.a(uip6.o)
 .text.upper_layer_chksum
                0x00000000000094fe       0x56 contiki-sky.a(uip6.o)
 .text.ext_hdr_options_process
                0x0000000000009554       0xda contiki-sky.a(uip6.o)
 .text.uip_add32
                0x000000000000962e       0x68 contiki-sky.a(uip6.o)
                0x000000000000962e                uip_add32
 .text.unlikely.uip_add_rcv_nxt
                0x0000000000009696       0x2e contiki-sky.a(uip6.o)
 .text.uip_icmp6chksum
                0x00000000000096c4        0xa contiki-sky.a(uip6.o)
                0x00000000000096c4                uip_icmp6chksum
 .text.uip_tcpchksum
                0x00000000000096ce        0xa contiki-sky.a(uip6.o)
                0x00000000000096ce                uip_tcpchksum
 .text.uip_udpchksum
                0x00000000000096d8        0xa contiki-sky.a(uip6.o)
                0x00000000000096d8                uip_udpchksum
 .text.uip_init
                0x00000000000096e2       0x56 contiki-sky.a(uip6.o)
                0x00000000000096e2                uip_init
 .text.uip_connect
                0x0000000000009738      0x11a contiki-sky.a(uip6.o)
                0x0000000000009738                uip_connect
 .text.remove_ext_hdr
                0x0000000000009852       0x56 contiki-sky.a(uip6.o)
                0x0000000000009852                remove_ext_hdr
 .text.uip_unlisten
                0x00000000000098a8       0x1e contiki-sky.a(uip6.o)
                0x00000000000098a8                uip_unlisten
 .text.uip_process
                0x00000000000098c6      0xe18 contiki-sky.a(uip6.o)
                0x00000000000098c6                uip_process
 .text.uip_htons
                0x000000000000a6de        0xc contiki-sky.a(uip6.o)
                0x000000000000a6de                uip_htons
 .text.uip_htonl
                0x000000000000a6ea       0x2e contiki-sky.a(uip6.o)
                0x000000000000a6ea                uip_htonl
 .text.uip_send
                0x000000000000a718       0x74 contiki-sky.a(uip6.o)
                0x000000000000a718                uip_send
 .text.uip_ds6_nbr_rm
                0x000000000000a78c       0x1e contiki-sky.a(uip-ds6-nbr.o)
                0x000000000000a78c                uip_ds6_nbr_rm
 .text.uip_ds6_neighbors_init
                0x000000000000a7aa       0x12 contiki-sky.a(uip-ds6-nbr.o)
                0x000000000000a7aa                uip_ds6_neighbors_init
 .text.uip_ds6_nbr_add
                0x000000000000a7bc       0x3e contiki-sky.a(uip-ds6-nbr.o)
                0x000000000000a7bc                uip_ds6_nbr_add
 .text.uip_ds6_nbr_get_ll
                0x000000000000a7fa        0xc contiki-sky.a(uip-ds6-nbr.o)
                0x000000000000a7fa                uip_ds6_nbr_get_ll
 .text.uip_ds6_nbr_lookup
                0x000000000000a806       0x42 contiki-sky.a(uip-ds6-nbr.o)
                0x000000000000a806                uip_ds6_nbr_lookup
 .text.uip_ds6_nbr_ll_lookup
                0x000000000000a848        0xc contiki-sky.a(uip-ds6-nbr.o)
                0x000000000000a848                uip_ds6_nbr_ll_lookup
 .text.uip_ds6_nbr_ipaddr_from_lladdr
                0x000000000000a854        0x6 contiki-sky.a(uip-ds6-nbr.o)
                0x000000000000a854                uip_ds6_nbr_ipaddr_from_lladdr
 .text.uip_ds6_nbr_lladdr_from_ipaddr
                0x000000000000a85a       0x12 contiki-sky.a(uip-ds6-nbr.o)
                0x000000000000a85a                uip_ds6_nbr_lladdr_from_ipaddr
 .text.uip_ds6_link_neighbor_callback
                0x000000000000a86c       0x36 contiki-sky.a(uip-ds6-nbr.o)
                0x000000000000a86c                uip_ds6_link_neighbor_callback
 .text.ns_input
                0x000000000000a8a2      0x266 contiki-sky.a(uip-nd6.o)
 .text.uip_nd6_init
                0x000000000000ab08        0xa contiki-sky.a(uip-nd6.o)
                0x000000000000ab08                uip_nd6_init
 .text.clear_fragments
                0x000000000000ab12       0x42 contiki-sky.a(sicslowpan.o)
 .text.set_packet_attrs
                0x000000000000ab54       0x44 contiki-sky.a(sicslowpan.o)
 .text.addr_context_lookup_by_number
                0x000000000000ab98       0x36 contiki-sky.a(sicslowpan.o)
 .text.compress_addr_64
                0x000000000000abce       0xae contiki-sky.a(sicslowpan.o)
 .text.store_fragment
                0x000000000000ac7c       0xc8 contiki-sky.a(sicslowpan.o)
 .text.add_fragment
                0x000000000000ad44      0x1ee contiki-sky.a(sicslowpan.o)
 .text.uncompress_addr
                0x000000000000af32       0xb4 contiki-sky.a(sicslowpan.o)
 .text.input    0x000000000000afe6      0x6f0 contiki-sky.a(sicslowpan.o)
 .text.sicslowpan_init
                0x000000000000b6d6       0x24 contiki-sky.a(sicslowpan.o)
                0x000000000000b6d6                sicslowpan_init
 .text.addr_context_lookup_by_prefix
                0x000000000000b6fa       0x4c contiki-sky.a(sicslowpan.o)
 .text.send_packet
                0x000000000000b746       0x1a contiki-sky.a(sicslowpan.o)
 .text.output   0x000000000000b760      0x6d0 contiki-sky.a(sicslowpan.o)
 .text.packet_sent
                0x000000000000be30       0x22 contiki-sky.a(sicslowpan.o)
 .text.sicslowpan_get_last_rssi
                0x000000000000be52        0x6 contiki-sky.a(sicslowpan.o)
                0x000000000000be52                sicslowpan_get_last_rssi
 .text.uip_debug_ipaddr_print
                0x000000000000be58       0xc6 contiki-sky.a(uip-debug.o)
                0x000000000000be58                uip_debug_ipaddr_print
 .text.call_event
                0x000000000000bf1e       0x1a contiki-sky.a(tcp-socket.o)
 .text.relisten
                0x000000000000bf38       0x10 contiki-sky.a(tcp-socket.o)
 .text.newdata  0x000000000000bf48       0x54 contiki-sky.a(tcp-socket.o)
 .text.senddata
                0x000000000000bf9c       0x2e contiki-sky.a(tcp-socket.o)
 .text.process_thread_tcp_socket_process
                0x000000000000bfca      0x1fe contiki-sky.a(tcp-socket.o)
 .text.tcp_socket_register
                0x000000000000c1c8       0x7a contiki-sky.a(tcp-socket.o)
                0x000000000000c1c8                tcp_socket_register
 .text.tcp_socket_connect
                0x000000000000c242       0x58 contiki-sky.a(tcp-socket.o)
                0x000000000000c242                tcp_socket_connect
 .text.tcp_socket_unlisten
                0x000000000000c29a       0x3a contiki-sky.a(tcp-socket.o)
                0x000000000000c29a                tcp_socket_unlisten
 .text.tcp_socket_send
                0x000000000000c2d4       0x4e contiki-sky.a(tcp-socket.o)
                0x000000000000c2d4                tcp_socket_send
 .text.tcp_socket_close
                0x000000000000c322       0x10 contiki-sky.a(tcp-socket.o)
                0x000000000000c322                tcp_socket_close
 .text.tcp_socket_unregister
                0x000000000000c332       0x2e contiki-sky.a(tcp-socket.o)
                0x000000000000c332                tcp_socket_unregister
 .text.start_periodic_tcp_timer
                0x000000000000c360       0x16 contiki-sky.a(tcpip.o)
 .text.tcpip_output
                0x000000000000c376       0x10 contiki-sky.a(tcpip.o)
                0x000000000000c376                tcpip_output
 .text.tcpip_set_outputfunc
                0x000000000000c386        0x6 contiki-sky.a(tcpip.o)
                0x000000000000c386                tcpip_set_outputfunc
 .text.tcp_unlisten
                0x000000000000c38c       0x26 contiki-sky.a(tcpip.o)
                0x000000000000c38c                tcp_unlisten
 .text.tcp_attach
                0x000000000000c3b2        0xc contiki-sky.a(tcpip.o)
                0x000000000000c3b2                tcp_attach
 .text.tcpip_input
                0x000000000000c3be       0x16 contiki-sky.a(tcpip.o)
                0x000000000000c3be                tcpip_input
 .text.tcpip_ipv6_output
                0x000000000000c3d4       0xc0 contiki-sky.a(tcpip.o)
                0x000000000000c3d4                tcpip_ipv6_output
 .text.process_thread_tcpip_process
                0x000000000000c494      0x1b6 contiki-sky.a(tcpip.o)
 .text.tcpip_poll_tcp
                0x000000000000c64a        0xe contiki-sky.a(tcpip.o)
                0x000000000000c64a                tcpip_poll_tcp
 .text.tcp_connect
                0x000000000000c658       0x26 contiki-sky.a(tcpip.o)
                0x000000000000c658                tcp_connect
 .text.tcpip_uipcall
                0x000000000000c67e       0x64 contiki-sky.a(tcpip.o)
                0x000000000000c67e                tcpip_uipcall
 .text.uiplib_ip6addrconv
                0x000000000000c6e2      0x10e contiki-sky.a(uiplib.o)
                0x000000000000c6e2                uiplib_ip6addrconv
 .text.update_hbh_header
                0x000000000000c7f0       0xcc contiki-sky.a(rpl-ext-header.)
 .text.insert_hbh_header
                0x000000000000c8bc       0x9c contiki-sky.a(rpl-ext-header.)
 .text.rpl_verify_hbh_header
                0x000000000000c958      0x104 contiki-sky.a(rpl-ext-header.)
                0x000000000000c958                rpl_verify_hbh_header
 .text.rpl_remove_header
                0x000000000000ca5c       0x7a contiki-sky.a(rpl-ext-header.)
                0x000000000000ca5c                rpl_remove_header
 .text.rpl_update_header
                0x000000000000cad6       0x58 contiki-sky.a(rpl-ext-header.)
                0x000000000000cad6                rpl_update_header
 .text.rpl_get_mode
                0x000000000000cb2e        0x6 contiki-sky.a(rpl.o)
                0x000000000000cb2e                rpl_get_mode
 .text.rpl_purge_routes
                0x000000000000cb34       0x94 contiki-sky.a(rpl.o)
                0x000000000000cb34                rpl_purge_routes
 .text.rpl_remove_routes
                0x000000000000cbc8       0x22 contiki-sky.a(rpl.o)
                0x000000000000cbc8                rpl_remove_routes
 .text.rpl_remove_routes_by_nexthop
                0x000000000000cbea       0x46 contiki-sky.a(rpl.o)
                0x000000000000cbea                rpl_remove_routes_by_nexthop
 .text.rpl_add_route
                0x000000000000cc30       0x52 contiki-sky.a(rpl.o)
                0x000000000000cc30                rpl_add_route
 .text.rpl_link_neighbor_callback
                0x000000000000cc82       0x4c contiki-sky.a(rpl.o)
                0x000000000000cc82                rpl_link_neighbor_callback
 .text.rpl_ipv6_neighbor_callback
                0x000000000000ccce       0x1e contiki-sky.a(rpl.o)
                0x000000000000ccce                rpl_ipv6_neighbor_callback
 .text.rpl_purge_dags
                0x000000000000ccec       0x6e contiki-sky.a(rpl.o)
                0x000000000000ccec                rpl_purge_dags
 .text.rpl_init
                0x000000000000cd5a       0x44 contiki-sky.a(rpl.o)
                0x000000000000cd5a                rpl_init
 .text.prepare_for_dao_fwd
                0x000000000000cd9e       0x28 contiki-sky.a(rpl-icmp6.o)
 .text.get32    0x000000000000cdc6       0x46 contiki-sky.a(rpl-icmp6.o)
 .text.set32    0x000000000000ce0c       0x2a contiki-sky.a(rpl-icmp6.o)
 .text.get16    0x000000000000ce36        0xe contiki-sky.a(rpl-icmp6.o)
 .text.set16    0x000000000000ce44       0x10 contiki-sky.a(rpl-icmp6.o)
 .text.dao_ack_input
                0x000000000000ce54        0xa contiki-sky.a(rpl-icmp6.o)
 .text.dio_input
                0x000000000000ce5e      0x2aa contiki-sky.a(rpl-icmp6.o)
 .text.rpl_icmp6_update_nbr_table
                0x000000000000d108       0x30 contiki-sky.a(rpl-icmp6.o)
                0x000000000000d108                rpl_icmp6_update_nbr_table
 .text.dao_input
                0x000000000000d138      0x28e contiki-sky.a(rpl-icmp6.o)
 .text.dis_output
                0x000000000000d3c6       0x50 contiki-sky.a(rpl-icmp6.o)
                0x000000000000d3c6                dis_output
 .text.dio_output
                0x000000000000d416      0x276 contiki-sky.a(rpl-icmp6.o)
                0x000000000000d416                dio_output
 .text.dis_input
                0x000000000000d68c       0x3e contiki-sky.a(rpl-icmp6.o)
 .text.dao_output_target
                0x000000000000d6ca      0x114 contiki-sky.a(rpl-icmp6.o)
                0x000000000000d6ca                dao_output_target
 .text.dao_output
                0x000000000000d7de       0xb2 contiki-sky.a(rpl-icmp6.o)
                0x000000000000d7de                dao_output
 .text.rpl_icmp6_register_handlers
                0x000000000000d890       0x22 contiki-sky.a(rpl-icmp6.o)
                0x000000000000d890                rpl_icmp6_register_handlers
 .text.lollipop_greater_than
                0x000000000000d8b2       0x44 contiki-sky.a(rpl-dag.o)
 .text.acceptable_rank
                0x000000000000d8f6       0x50 contiki-sky.a(rpl-dag.o)
 .text.find_parent_any_dag_any_instance
                0x000000000000d946       0x14 contiki-sky.a(rpl-dag.o)
 .text.rpl_set_preferred_parent
                0x000000000000d95a       0x30 contiki-sky.a(rpl-dag.o)
 .text.set_ip_from_prefix
                0x000000000000d98a       0x38 contiki-sky.a(rpl-dag.o)
 .text.check_prefix
                0x000000000000d9c2       0x80 contiki-sky.a(rpl-dag.o)
 .text.rpl_dag_init
                0x000000000000da42        0xe contiki-sky.a(rpl-dag.o)
                0x000000000000da42                rpl_dag_init
 .text.rpl_get_parent
                0x000000000000da50        0xc contiki-sky.a(rpl-dag.o)
                0x000000000000da50                rpl_get_parent
 .text.rpl_rank_via_parent
                0x000000000000da5c       0x2e contiki-sky.a(rpl-dag.o)
                0x000000000000da5c                rpl_rank_via_parent
 .text.rpl_get_parent_lladdr
                0x000000000000da8a        0xc contiki-sky.a(rpl-dag.o)
                0x000000000000da8a                rpl_get_parent_lladdr
 .text.rpl_get_parent_ipaddr
                0x000000000000da96        0xa contiki-sky.a(rpl-dag.o)
                0x000000000000da96                rpl_get_parent_ipaddr
 .text.rpl_get_parent_link_stats
                0x000000000000daa0        0xa contiki-sky.a(rpl-dag.o)
                0x000000000000daa0                rpl_get_parent_link_stats
 .text.rpl_parent_is_fresh
                0x000000000000daaa        0xa contiki-sky.a(rpl-dag.o)
                0x000000000000daaa                rpl_parent_is_fresh
 .text.best_parent
                0x000000000000dab4       0x80 contiki-sky.a(rpl-dag.o)
 .text.rpl_parent_is_reachable
                0x000000000000db34       0x46 contiki-sky.a(rpl-dag.o)
                0x000000000000db34                rpl_parent_is_reachable
 .text.rpl_set_prefix
                0x000000000000db7a       0x8e contiki-sky.a(rpl-dag.o)
                0x000000000000db7a                rpl_set_prefix
 .text.rpl_set_default_route
                0x000000000000dc08       0x3e contiki-sky.a(rpl-dag.o)
                0x000000000000dc08                rpl_set_default_route
 .text.rpl_alloc_instance
                0x000000000000dc46       0x34 contiki-sky.a(rpl-dag.o)
                0x000000000000dc46                rpl_alloc_instance
 .text.rpl_add_parent
                0x000000000000dc7a       0x3e contiki-sky.a(rpl-dag.o)
                0x000000000000dc7a                rpl_add_parent
 .text.rpl_find_parent
                0x000000000000dcb8       0x18 contiki-sky.a(rpl-dag.o)
                0x000000000000dcb8                rpl_find_parent
 .text.rpl_find_parent_any_dag
                0x000000000000dcd0       0x20 contiki-sky.a(rpl-dag.o)
                0x000000000000dcd0                rpl_find_parent_any_dag
 .text.rpl_select_parent
                0x000000000000dcf0       0x66 contiki-sky.a(rpl-dag.o)
                0x000000000000dcf0                rpl_select_parent
 .text.rpl_select_dag
                0x000000000000dd56      0x17e contiki-sky.a(rpl-dag.o)
                0x000000000000dd56                rpl_select_dag
 .text.rpl_nullify_parent
                0x000000000000ded4       0x60 contiki-sky.a(rpl-dag.o)
                0x000000000000ded4                rpl_nullify_parent
 .text.rpl_remove_parent
                0x000000000000df34       0x16 contiki-sky.a(rpl-dag.o)
                0x000000000000df34                rpl_remove_parent
 .text.nbr_callback
                0x000000000000df4a        0x6 contiki-sky.a(rpl-dag.o)
 .text.remove_parents.constprop.3
                0x000000000000df50       0x30 contiki-sky.a(rpl-dag.o)
 .text.rpl_free_dag
                0x000000000000df80       0x44 contiki-sky.a(rpl-dag.o)
                0x000000000000df80                rpl_free_dag
 .text.rpl_move_parent
                0x000000000000dfc4       0x68 contiki-sky.a(rpl-dag.o)
                0x000000000000dfc4                rpl_move_parent
 .text.rpl_get_any_dag
                0x000000000000e02c       0x18 contiki-sky.a(rpl-dag.o)
                0x000000000000e02c                rpl_get_any_dag
 .text.rpl_get_instance
                0x000000000000e044       0x1a contiki-sky.a(rpl-dag.o)
                0x000000000000e044                rpl_get_instance
 .text.rpl_alloc_dag
                0x000000000000e05e       0x60 contiki-sky.a(rpl-dag.o)
                0x000000000000e05e                rpl_alloc_dag
 .text.rpl_repair_root
                0x000000000000e0be       0x50 contiki-sky.a(rpl-dag.o)
                0x000000000000e0be                rpl_repair_root
 .text.rpl_find_of
                0x000000000000e10e       0x10 contiki-sky.a(rpl-dag.o)
                0x000000000000e10e                rpl_find_of
 .text.rpl_join_instance
                0x000000000000e11e      0x158 contiki-sky.a(rpl-dag.o)
                0x000000000000e11e                rpl_join_instance
 .text.rpl_local_repair
                0x000000000000e276       0x9a contiki-sky.a(rpl-dag.o)
                0x000000000000e276                rpl_local_repair
 .text.rpl_process_parent_event
                0x000000000000e310       0x8e contiki-sky.a(rpl-dag.o)
                0x000000000000e310                rpl_process_parent_event
 .text.rpl_recalculate_ranks
                0x000000000000e39e       0x46 contiki-sky.a(rpl-dag.o)
                0x000000000000e39e                rpl_recalculate_ranks
 .text.rpl_add_dag
                0x000000000000e3e4      0x114 contiki-sky.a(rpl-dag.o)
                0x000000000000e3e4                rpl_add_dag
 .text.rpl_process_dio
                0x000000000000e4f8      0x332 contiki-sky.a(rpl-dag.o)
                0x000000000000e4f8                rpl_process_dio
 .text.parse    0x000000000000e82a       0xa6 contiki-sky.a(framer-802154.o)
 .text.create_frame.isra.0
                0x000000000000e8d0      0x118 contiki-sky.a(framer-802154.o)
 .text.create   0x000000000000e9e8        0x8 contiki-sky.a(framer-802154.o)
 .text.hdr_length
                0x000000000000e9f0        0x8 contiki-sky.a(framer-802154.o)
 .text.input_packet
                0x000000000000e9f8        0x6 contiki-sky.a(csma.o)
 .text.on       0x000000000000e9fe        0x6 contiki-sky.a(csma.o)
 .text.off      0x000000000000ea04        0x6 contiki-sky.a(csma.o)
 .text.channel_check_interval
                0x000000000000ea0a       0x10 contiki-sky.a(csma.o)
 .text.transmit_packet_list
                0x000000000000ea1a       0x24 contiki-sky.a(csma.o)
 .text.schedule_transmission
                0x000000000000ea3e       0x96 contiki-sky.a(csma.o)
 .text.send_packet
                0x000000000000ead4      0x164 contiki-sky.a(csma.o)
 .text.init     0x000000000000ec38       0x1a contiki-sky.a(csma.o)
 .text.tx_done  0x000000000000ec52       0x9a contiki-sky.a(csma.o)
 .text.packet_sent
                0x000000000000ecec       0xd2 contiki-sky.a(csma.o)
 .text.frame802154_get_pan_id
                0x000000000000edbe        0x6 contiki-sky.a(frame802154.o)
                0x000000000000edbe                frame802154_get_pan_id
 .text.frame802154_has_panid
                0x000000000000edc4       0xdc contiki-sky.a(frame802154.o)
                0x000000000000edc4                frame802154_has_panid
 .text.field_len
                0x000000000000eea0       0xb2 contiki-sky.a(frame802154.o)
 .text.frame802154_is_broadcast_addr
                0x000000000000ef52       0x24 contiki-sky.a(frame802154.o)
                0x000000000000ef52                frame802154_is_broadcast_addr
 .text.frame802154_hdrlen
                0x000000000000ef76       0x32 contiki-sky.a(frame802154.o)
                0x000000000000ef76                frame802154_hdrlen
 .text.frame802154_create
                0x000000000000efa8      0x16a contiki-sky.a(frame802154.o)
                0x000000000000efa8                frame802154_create
 .text.frame802154_parse
                0x000000000000f112      0x226 contiki-sky.a(frame802154.o)
                0x000000000000f112                frame802154_parse
 .text.mac_call_sent_callback
                0x000000000000f338       0x14 contiki-sky.a(mac.o)
                0x000000000000f338                mac_call_sent_callback
 .text.queuebuf_init
                0x000000000000f34c       0x12 contiki-sky.a(queuebuf.o)
                0x000000000000f34c                queuebuf_init
 .text.queuebuf_numfree
                0x000000000000f35e        0xa contiki-sky.a(queuebuf.o)
                0x000000000000f35e                queuebuf_numfree
 .text.queuebuf_new_from_packetbuf
                0x000000000000f368       0x52 contiki-sky.a(queuebuf.o)
                0x000000000000f368                queuebuf_new_from_packetbuf
 .text.queuebuf_update_attr_from_packetbuf
                0x000000000000f3ba       0x12 contiki-sky.a(queuebuf.o)
                0x000000000000f3ba                queuebuf_update_attr_from_packetbuf
 .text.queuebuf_update_from_packetbuf
                0x000000000000f3cc       0x22 contiki-sky.a(queuebuf.o)
                0x000000000000f3cc                queuebuf_update_from_packetbuf
 .text.queuebuf_free
                0x000000000000f3ee       0x2a contiki-sky.a(queuebuf.o)
                0x000000000000f3ee                queuebuf_free
 .text.queuebuf_to_packetbuf
                0x000000000000f418       0x32 contiki-sky.a(queuebuf.o)
                0x000000000000f418                queuebuf_to_packetbuf
 .text.queuebuf_attr
                0x000000000000f44a        0xe contiki-sky.a(queuebuf.o)
                0x000000000000f44a                queuebuf_attr
 .text.index_from_key
                0x000000000000f458       0x48 contiki-sky.a(nbr-table.o)
 .text.item_from_key
                0x000000000000f4a0       0x34 contiki-sky.a(nbr-table.o)
 .text.nbr_set_bit
                0x000000000000f4d4       0x8e contiki-sky.a(nbr-table.o)
 .text.index_from_lladdr
                0x000000000000f562       0x42 contiki-sky.a(nbr-table.o)
 .text.nbr_get_bit.constprop.0
                0x000000000000f5a4       0x62 contiki-sky.a(nbr-table.o)
 .text.remove_key
                0x000000000000f606       0x60 contiki-sky.a(nbr-table.o)
 .text.nbr_table_register
                0x000000000000f666       0x28 contiki-sky.a(nbr-table.o)
                0x000000000000f666                nbr_table_register
 .text.nbr_table_next
                0x000000000000f68e       0x90 contiki-sky.a(nbr-table.o)
                0x000000000000f68e                nbr_table_next
 .text.nbr_table_head
                0x000000000000f71e       0x36 contiki-sky.a(nbr-table.o)
                0x000000000000f71e                nbr_table_head
 .text.nbr_table_add_lladdr
                0x000000000000f754      0x136 contiki-sky.a(nbr-table.o)
                0x000000000000f754                nbr_table_add_lladdr
 .text.nbr_table_get_from_lladdr
                0x000000000000f88a       0x48 contiki-sky.a(nbr-table.o)
                0x000000000000f88a                nbr_table_get_from_lladdr
 .text.nbr_table_remove
                0x000000000000f8d2       0x32 contiki-sky.a(nbr-table.o)
                0x000000000000f8d2                nbr_table_remove
 .text.nbr_table_lock
                0x000000000000f904       0x10 contiki-sky.a(nbr-table.o)
                0x000000000000f904                nbr_table_lock
 .text.nbr_table_unlock
                0x000000000000f914       0x10 contiki-sky.a(nbr-table.o)
                0x000000000000f914                nbr_table_unlock
 .text.nbr_table_get_lladdr
                0x000000000000f924       0x5a contiki-sky.a(nbr-table.o)
                0x000000000000f924                nbr_table_get_lladdr
 .text.nbr_table_update_lladdr
                0x000000000000f97e       0x68 contiki-sky.a(nbr-table.o)
                0x000000000000f97e                nbr_table_update_lladdr
 .text.packetbuf_hdrreduce
                0x000000000000f9e6       0x1a contiki-sky.a(packetbuf.o)
                0x000000000000f9e6                packetbuf_hdrreduce
 .text.packetbuf_set_datalen
                0x000000000000fa00        0x6 contiki-sky.a(packetbuf.o)
                0x000000000000fa00                packetbuf_set_datalen
 .text.packetbuf_hdrptr
                0x000000000000fa06        0x6 contiki-sky.a(packetbuf.o)
                0x000000000000fa06                packetbuf_hdrptr
 .text.packetbuf_datalen
                0x000000000000fa0c        0x6 contiki-sky.a(packetbuf.o)
                0x000000000000fa0c                packetbuf_datalen
 .text.packetbuf_hdrlen
                0x000000000000fa12        0xa contiki-sky.a(packetbuf.o)
                0x000000000000fa12                packetbuf_hdrlen
 .text.packetbuf_dataptr
                0x000000000000fa1c        0xc contiki-sky.a(packetbuf.o)
                0x000000000000fa1c                packetbuf_dataptr
 .text.packetbuf_copyto
                0x000000000000fa28       0x46 contiki-sky.a(packetbuf.o)
                0x000000000000fa28                packetbuf_copyto
 .text.packetbuf_totlen
                0x000000000000fa6e        0xc contiki-sky.a(packetbuf.o)
                0x000000000000fa6e                packetbuf_totlen
 .text.packetbuf_hdralloc
                0x000000000000fa7a       0x3a contiki-sky.a(packetbuf.o)
                0x000000000000fa7a                packetbuf_hdralloc
 .text.packetbuf_attr_clear
                0x000000000000fab4       0x28 contiki-sky.a(packetbuf.o)
                0x000000000000fab4                packetbuf_attr_clear
 .text.packetbuf_clear
                0x000000000000fadc       0x12 contiki-sky.a(packetbuf.o)
                0x000000000000fadc                packetbuf_clear
 .text.packetbuf_copyfrom
                0x000000000000faee       0x2e contiki-sky.a(packetbuf.o)
                0x000000000000faee                packetbuf_copyfrom
 .text.packetbuf_attr_copyto
                0x000000000000fb1c       0x22 contiki-sky.a(packetbuf.o)
                0x000000000000fb1c                packetbuf_attr_copyto
 .text.packetbuf_attr_copyfrom
                0x000000000000fb3e       0x24 contiki-sky.a(packetbuf.o)
                0x000000000000fb3e                packetbuf_attr_copyfrom
 .text.packetbuf_holds_broadcast
                0x000000000000fb62        0xe contiki-sky.a(packetbuf.o)
                0x000000000000fb62                packetbuf_holds_broadcast
 .text.linkaddr_copy
                0x000000000000fb70        0x8 contiki-sky.a(linkaddr.o)
                0x000000000000fb70                linkaddr_copy
 .text.linkaddr_cmp
                0x000000000000fb78       0x12 contiki-sky.a(linkaddr.o)
                0x000000000000fb78                linkaddr_cmp
 .text.linkaddr_set_node_addr
                0x000000000000fb8a        0xc contiki-sky.a(linkaddr.o)
                0x000000000000fb8a                linkaddr_set_node_addr
 .text.periodic
                0x000000000000fb96       0x28 contiki-sky.a(link-stats.o)
 .text.link_stats_from_lladdr
                0x000000000000fbbe        0xc contiki-sky.a(link-stats.o)
                0x000000000000fbbe                link_stats_from_lladdr
 .text.link_stats_is_fresh
                0x000000000000fbca       0x30 contiki-sky.a(link-stats.o)
                0x000000000000fbca                link_stats_is_fresh
 .text.link_stats_packet_sent
                0x000000000000fbfa       0xda contiki-sky.a(link-stats.o)
                0x000000000000fbfa                link_stats_packet_sent
 .text.link_stats_input_callback
                0x000000000000fcd4       0xbc contiki-sky.a(link-stats.o)
                0x000000000000fcd4                link_stats_input_callback
 .text.link_stats_init
                0x000000000000fd90       0x22 contiki-sky.a(link-stats.o)
                0x000000000000fd90                link_stats_init
 .text.duty_cycle
                0x000000000000fdb2        0x6 contiki-sky.a(contikimac.o)
 .text.init     0x000000000000fdb8       0x2a contiki-sky.a(contikimac.o)
 .text.on       0x000000000000fde2       0x1a contiki-sky.a(contikimac.o)
 .text.off      0x000000000000fdfc       0x22 contiki-sky.a(contikimac.o)
 .text.recv_burst_off
                0x000000000000fe1e        0xa contiki-sky.a(contikimac.o)
 .text.turn_off
                0x000000000000fe28       0x20 contiki-sky.a(contikimac.o)
 .text.turn_on  0x000000000000fe48       0x30 contiki-sky.a(contikimac.o)
 .text.schedule_powercycle_fixed.part.4
                0x000000000000fe78       0x32 contiki-sky.a(contikimac.o)
 .text.powercycle_turn_radio_off
                0x000000000000feaa       0x30 contiki-sky.a(contikimac.o)
 .text.powercycle_wrapper
                0x000000000000feda      0x1c2 contiki-sky.a(contikimac.o)
 .text.input_packet
                0x000000000001009c       0xb2 contiki-sky.a(contikimac.o)
 .text.send_packet.isra.8
                0x000000000001014e      0x1ec contiki-sky.a(contikimac.o)
 .text.qsend_list
                0x000000000001033a       0xd2 contiki-sky.a(contikimac.o)
 .text.qsend_packet
                0x000000000001040c       0x28 contiki-sky.a(contikimac.o)
 .text.init     0x0000000000010434        0x2 contiki-sky.a(nullsec.o)
 .text.send     0x0000000000010436        0xa contiki-sky.a(nullsec.o)
 .text.input    0x0000000000010440        0x6 contiki-sky.a(nullsec.o)
 .text.spi_init
                0x0000000000010446       0x32 contiki-sky.a(spi.o)
                0x0000000000010446                spi_init
 .text.stimer_set
                0x0000000000010478       0x1c contiki-sky.a(stimer.o)
                0x0000000000010478                stimer_set
 .text.stimer_expired
                0x0000000000010494       0x30 contiki-sky.a(stimer.o)
                0x0000000000010494                stimer_expired
 .text.compower_accumulate
                0x00000000000104c4       0x72 contiki-sky.a(compower.o)
                0x00000000000104c4                compower_accumulate
 .text.compower_clear
                0x0000000000010536       0x12 contiki-sky.a(compower.o)
                0x0000000000010536                compower_clear
 .text.compower_attrconv
                0x0000000000010548       0x10 contiki-sky.a(compower.o)
                0x0000000000010548                compower_attrconv
 .text.memb_init
                0x0000000000010558       0x36 contiki-sky.a(memb.o)
                0x0000000000010558                memb_init
 .text.memb_alloc
                0x000000000001058e       0x3e contiki-sky.a(memb.o)
                0x000000000001058e                memb_alloc
 .text.memb_free
                0x00000000000105cc       0x3a contiki-sky.a(memb.o)
                0x00000000000105cc                memb_free
 .text.memb_inmemb
                0x0000000000010606       0x2e contiki-sky.a(memb.o)
                0x0000000000010606                memb_inmemb
 .text.memb_numfree
                0x0000000000010634       0x26 contiki-sky.a(memb.o)
                0x0000000000010634                memb_numfree
 .text.update_nbr
                0x000000000001065a       0xea contiki-sky.a(rpl-nbr-policy.)
 .text.handle_periodic_timer
                0x0000000000010744        0xe contiki-sky.a(rpl-nbr-policy.)
 .text.find_removable_dis
                0x0000000000010752       0x16 contiki-sky.a(rpl-nbr-policy.)
                0x0000000000010752                find_removable_dis
 .text.find_removable_dio
                0x0000000000010768       0x3e contiki-sky.a(rpl-nbr-policy.)
                0x0000000000010768                find_removable_dio
 .text.find_removable_dao
                0x00000000000107a6       0x34 contiki-sky.a(rpl-nbr-policy.)
                0x00000000000107a6                find_removable_dao
 .text.rpl_nbr_policy_find_removable
                0x00000000000107da       0x30 contiki-sky.a(rpl-nbr-policy.)
                0x00000000000107da                rpl_nbr_policy_find_removable
 .text.handle_unicast_dio_timer
                0x000000000001080a       0x1c contiki-sky.a(rpl-timers.o)
 .text.new_dio_interval
                0x0000000000010826       0x92 contiki-sky.a(rpl-timers.o)
 .text.handle_periodic_timer
                0x00000000000108b8       0x50 contiki-sky.a(rpl-timers.o)
 .text.set_dao_lifetime_timer.part.0
                0x0000000000010908       0x66 contiki-sky.a(rpl-timers.o)
 .text.schedule_dao
                0x000000000001096e       0x90 contiki-sky.a(rpl-timers.o)
 .text.handle_dio_timer
                0x00000000000109fe       0x88 contiki-sky.a(rpl-timers.o)
 .text.handle_dao_timer
                0x0000000000010a86       0x72 contiki-sky.a(rpl-timers.o)
 .text.rpl_reset_periodic_timer
                0x0000000000010af8       0x60 contiki-sky.a(rpl-timers.o)
                0x0000000000010af8                rpl_reset_periodic_timer
 .text.rpl_reset_dio_timer
                0x0000000000010b58       0x18 contiki-sky.a(rpl-timers.o)
                0x0000000000010b58                rpl_reset_dio_timer
 .text.rpl_schedule_dao
                0x0000000000010b70        0xc contiki-sky.a(rpl-timers.o)
                0x0000000000010b70                rpl_schedule_dao
 .text.rpl_schedule_unicast_dio_immediately
                0x0000000000010b7c       0x16 contiki-sky.a(rpl-timers.o)
                0x0000000000010b7c                rpl_schedule_unicast_dio_immediately
 .text.get_probing_delay
                0x0000000000010b92       0x40 contiki-sky.a(rpl-timers.o)
                0x0000000000010b92                get_probing_delay
 .text.get_probing_target
                0x0000000000010bd2       0xf6 contiki-sky.a(rpl-timers.o)
                0x0000000000010bd2                get_probing_target
 .text.rpl_schedule_probing
                0x0000000000010cc8       0x26 contiki-sky.a(rpl-timers.o)
                0x0000000000010cc8                rpl_schedule_probing
 .text.handle_probing_timer
                0x0000000000010cee       0x3c contiki-sky.a(rpl-timers.o)
 .text.reset    0x0000000000010d2a        0x2 contiki-sky.a(rpl-mrhof.o)
 .text.update_metric_container
                0x0000000000010d2c        0x6 contiki-sky.a(rpl-mrhof.o)
 .text.parent_link_metric
                0x0000000000010d32       0x10 contiki-sky.a(rpl-mrhof.o)
 .text.parent_has_usable_link
                0x0000000000010d42       0x14 contiki-sky.a(rpl-mrhof.o)
 .text.best_dag
                0x0000000000010d56       0x34 contiki-sky.a(rpl-mrhof.o)
 .text.parent_path_cost
                0x0000000000010d8a       0x44 contiki-sky.a(rpl-mrhof.o)
 .text.parent_is_acceptable
                0x0000000000010dce       0x2a contiki-sky.a(rpl-mrhof.o)
 .text.best_parent
                0x0000000000010df8       0x88 contiki-sky.a(rpl-mrhof.o)
 .text.rank_via_parent
                0x0000000000010e80       0x56 contiki-sky.a(rpl-mrhof.o)
 .text.mac_sequence_is_duplicate
                0x0000000000010ed6       0x6e contiki-sky.a(mac-sequence.o)
                0x0000000000010ed6                mac_sequence_is_duplicate
 .text.mac_sequence_register_seqno
                0x0000000000010f44       0x88 contiki-sky.a(mac-sequence.o)
                0x0000000000010f44                mac_sequence_register_seqno
 .text.libgcc   0x0000000000010fcc       0x2c /usr/lib/gcc/msp430/4.6.3/mmpy-16/libgcc.a(_mulsi3.o)
                0x0000000000010fcc                __mulsi3
 .text.libgcc   0x0000000000010ff8       0x22 /usr/lib/gcc/msp430/4.6.3/mmpy-16/libgcc.a(_udivmod16.o)
                0x0000000000010ff8                __udivhi3
                0x0000000000010ff8                __ext_udivmod16
                0x0000000000011012                __umodhi3
 .text.libgcc   0x000000000001101a       0x3a /usr/lib/gcc/msp430/4.6.3/mmpy-16/libgcc.a(_divmod16.o)
                0x000000000001101a                __ext_divmod16
                0x000000000001101a                __divhi3
                0x000000000001104c                __modhi3
 .text.libgcc   0x0000000000011054       0x40 /usr/lib/gcc/msp430/4.6.3/mmpy-16/libgcc.a(_udivmod32.o)
                0x0000000000011054                __udivsi3
                0x0000000000011054                __ext_udivmod32
                0x000000000001108a                __umodsi3
 .text.libgcc   0x0000000000011094       0x4c /usr/lib/gcc/msp430/4.6.3/mmpy-16/libgcc.a(_divmod32.o)
                0x0000000000011094                __ext_divmod32
                0x0000000000011094                __divsi3
                0x00000000000110d6                __modsi3
 .text          0x00000000000110e0       0x28 /usr/lib/gcc/msp430/4.6.3/../../../../msp430/lib/mmpy-16/libc.a(strncmp.o)
                0x00000000000110e0                strncmp
 .text          0x0000000000011108       0x20 /usr/lib/gcc/msp430/4.6.3/../../../../msp430/lib/mmpy-16/libc.a(memcmp.o)
                0x0000000000011108                memcmp
 .text          0x0000000000011128       0xfa /usr/lib/gcc/msp430/4.6.3/../../../../msp430/lib/mmpy-16/libc.a(memcpy.o)
                0x0000000000011128                memcpy
 .text          0x0000000000011222       0xfa /usr/lib/gcc/msp430/4.6.3/../../../../msp430/lib/mmpy-16/libc.a(memmove.o)
                0x0000000000011222                memmove
 .text          0x000000000001131c       0x6a /usr/lib/gcc/msp430/4.6.3/../../../../msp430/lib/mmpy-16/libc.a(memset.o)
                0x000000000001131c                memset
 .text          0x0000000000011386       0x86 /usr/lib/gcc/msp430/4.6.3/../../../../msp430/lib/mmpy-16/libc.a(strncasecmp.o)
                0x0000000000011386                strncasecmp
 .text          0x000000000001140c       0x1e /usr/lib/gcc/msp430/4.6.3/../../../../msp430/lib/mmpy-16/libc.a(printf.o)
                0x000000000001140c                printf
                0x000000000001141c                vprintf
 .text          0x000000000001142a       0xbc /usr/lib/gcc/msp430/4.6.3/../../../../msp430/lib/mmpy-16/libc.a(sprintf.o)
                0x0000000000011488                sprintf
                0x00000000000114a4                snprintf
                0x00000000000114be                vsprintf
                0x00000000000114d4                vsnprintf
 .text          0x00000000000114e6      0x836 /usr/lib/gcc/msp430/4.6.3/../../../../msp430/lib/mmpy-16/libc.a(vuprintf.o)
                0x000000000001167e                vuprintf
 .text          0x0000000000011d1c       0x2c /usr/lib/gcc/msp430/4.6.3/../../../../msp430/lib/mmpy-16/libc.a(puts.o)
                0x0000000000011d1c                puts
 .text          0x0000000000011d48       0x54 /usr/lib/gcc/msp430/4.6.3/../../../../msp430/lib/mmpy-16/libc.a(rand.o)
                0x0000000000011d48                rand_r
                0x0000000000011d6c                rand
                0x0000000000011d92                srand
 .text.libgcc   0x0000000000011d9c       0xf0 /usr/lib/gcc/msp430/4.6.3/mmpy-16/libgcc.a(_udivmod64.o)
                0x0000000000011d9c                __xabi_udivmod64
                0x0000000000011dfa                __udivdi3
                0x0000000000011e20                __umoddi3
                0x0000000000011e4e                __udivmoddi4
 .text.crt0     0x0000000000011e8c        0x2 /usr/lib/gcc/msp430/4.6.3/mmpy-16/libcrt0.a(_unexpected_.o)
                0x0000000000011e8c                _unexpected_
                0x0000000000011e8e                . = ALIGN (0x2)

.rodata         0x0000000000011e8e      0x4fc
                0x0000000000011e8e                . = ALIGN (0x2)
 *(.rodata .rodata.* .gnu.linkonce.r.*)
 .rodata        0x0000000000011e8e      0x232 mqtt-demo.co
                0x00000000000120bc                autostart_processes
 .rodata        0x00000000000120c0      0x12e obj_sky/contiki-sky-main.o
 .rodata        0x00000000000121ee       0x14 contiki-sky.a(mqtt.o)
 .rodata        0x0000000000012202       0x10 contiki-sky.a(button-sensor.o)
                0x000000000001220a                button_sensor
 .rodata        0x0000000000012212        0x8 contiki-sky.a(sensors.o)
 .rodata        0x000000000001221a       0x70 contiki-sky.a(cc2420.o)
                0x000000000001224c                cc2420_aes_128_driver
                0x0000000000012250                cc2420_driver
 .rodata        0x000000000001228a        0xc contiki-sky.a(etimer.o)
 .rodata        0x0000000000012296        0xf contiki-sky.a(ctimer.o)
 *fill*         0x00000000000122a5        0x1 00
 .rodata        0x00000000000122a6       0x20 contiki-sky.a(uip6.o)
 .rodata        0x00000000000122c6       0x24 contiki-sky.a(sicslowpan.o)
                0x00000000000122d2                sicslowpan_driver
                0x00000000000122d8                llprefix
                0x00000000000122da                unc_mxconf
                0x00000000000122de                unc_ctxconf
                0x00000000000122e2                unc_llconf
 .rodata        0x00000000000122ea       0x28 contiki-sky.a(uip-debug.o)
 .rodata        0x0000000000012312       0x13 contiki-sky.a(tcp-socket.o)
 .rodata        0x0000000000012325        0xd contiki-sky.a(tcpip.o)
 .rodata        0x0000000000012332        0x6 contiki-sky.a(framer-802154.o)
                0x0000000000012332                framer_802154
 .rodata        0x0000000000012338       0x14 contiki-sky.a(csma.o)
                0x000000000001233e                csma_driver
 .rodata        0x000000000001234c        0x2 contiki-sky.a(frame802154.o)
 .rodata        0x000000000001234e        0x8 contiki-sky.a(linkaddr.o)
                0x000000000001234e                linkaddr_null
 .rodata        0x0000000000012356       0x1c contiki-sky.a(contikimac.o)
                0x0000000000012362                contikimac_driver
 .rodata        0x0000000000012372       0x10 contiki-sky.a(nullsec.o)
                0x000000000001237a                nullsec_driver
 .rodata        0x0000000000012382        0x7 /usr/lib/gcc/msp430/4.6.3/../../../../msp430/lib/mmpy-16/libc.a(vuprintf.o)
                0x000000000001238a                . = ALIGN (0x2)
 *fill*         0x0000000000012389        0x1 00
                0x000000000001238a                _etext = .

.data           0x0000000000001100      0x10a load address 0x000000000001238a
                0x0000000000001100                . = ALIGN (0x2)
                0x0000000000001100                PROVIDE (__data_start, .)
 *(.data .data.* .gnu.linkonce.d.*)
 .data          0x0000000000001100        0xa mqtt-demo.co
                0x0000000000001100                mqtt_demo_process
 .data          0x000000000000110a        0xa contiki-sky.a(mqtt.o)
                0x000000000000110a                mqtt_process
 .data          0x0000000000001114        0x4 contiki-sky.a(contiki-sky-pla)
                0x0000000000001114                sensors
 .data          0x0000000000001118        0xa contiki-sky.a(sensors.o)
                0x0000000000001118                sensors_process
 .data          0x0000000000001122        0xc contiki-sky.a(cc2420.o)
                0x0000000000001122                cc2420_process
 .data          0x000000000000112e        0x2 contiki-sky.a(msp430.o)
 .data          0x0000000000001130        0xa contiki-sky.a(etimer.o)
                0x0000000000001130                etimer_process
 .data          0x000000000000113a        0xa contiki-sky.a(ctimer.o)
                0x000000000000113a                ctimer_process
 .data          0x0000000000001144        0xc contiki-sky.a(uip-icmp6.o)
 .data          0x0000000000001150       0x22 contiki-sky.a(uip-ds6-route.o)
                0x0000000000001150                nbr_routes
 .data          0x0000000000001172        0xa contiki-sky.a(uip-ds6-nbr.o)
                0x0000000000001172                ds6_neighbors
 .data          0x000000000000117c        0x6 contiki-sky.a(uip-nd6.o)
 .data          0x0000000000001182        0xa contiki-sky.a(tcp-socket.o)
                0x0000000000001182                tcp_socket_process
 .data          0x000000000000118c        0xa contiki-sky.a(tcpip.o)
                0x000000000000118c                tcpip_process
 .data          0x0000000000001196       0x1a contiki-sky.a(rpl-icmp6.o)
 .data          0x00000000000011b0        0xa contiki-sky.a(rpl-dag.o)
                0x00000000000011b0                rpl_parents
 .data          0x00000000000011ba       0x18 contiki-sky.a(csma.o)
 .data          0x00000000000011d2        0x2 contiki-sky.a(frame802154.o)
 .data          0x00000000000011d4       0x10 contiki-sky.a(queuebuf.o)
 .data          0x00000000000011e4        0x8 contiki-sky.a(nbr-table.o)
 .data          0x00000000000011ec        0x8 contiki-sky.a(link-stats.o)
 .data          0x00000000000011f4       0x12 contiki-sky.a(rpl-mrhof.o)
                0x00000000000011f4                rpl_mrhof
 .data          0x0000000000001206        0x4 /usr/lib/gcc/msp430/4.6.3/../../../../msp430/lib/mmpy-16/libc.a(rand.o)
                0x000000000000120a                . = ALIGN (0x2)
                0x000000000000120a                _edata = .
                0x000000000001238a                PROVIDE (__data_load_start, LOADADDR (.data))
                0x000000000000010a                PROVIDE (__data_size, SIZEOF (.data))

.bss            0x000000000000120a     0x262a load address 0x0000000000012494
                0x000000000000120a                PROVIDE (__bss_start, .)
 *(.bss .bss.*)
 .bss           0x000000000000120a      0x95c mqtt-demo.co
 .bss           0x0000000000001b66        0xc obj_sky/contiki-sky-main.o
 .bss           0x0000000000001b72       0x10 contiki-sky.a(mqtt.o)
 .bss           0x0000000000001b82        0x8 contiki-sky.a(button-sensor.o)
 .bss           0x0000000000001b8a        0x2 contiki-sky.a(node-id.o)
                0x0000000000001b8a                node_id
 .bss           0x0000000000001b8c        0x6 contiki-sky.a(sensors.o)
 .bss           0x0000000000001b92        0xa contiki-sky.a(cc2420.o)
 .bss           0x0000000000001b9c       0x9a contiki-sky.a(uart1.o)
 .bss           0x0000000000001c36        0xa contiki-sky.a(clock.o)
 .bss           0x0000000000001c40        0x1 contiki-sky.a(leds.o)
 *fill*         0x0000000000001c41        0x1 00
 .bss           0x0000000000001c42        0x2 contiki-sky.a(watchdog.o)
 .bss           0x0000000000001c44        0x6 contiki-sky.a(etimer.o)
 .bss           0x0000000000001c4a        0x4 contiki-sky.a(ctimer.o)
 .bss           0x0000000000001c4e       0x38 contiki-sky.a(process.o)
                0x0000000000001c4e                process_current
                0x0000000000001c50                process_list
 .bss           0x0000000000001c86        0x2 contiki-sky.a(rtimer.o)
 .bss           0x0000000000001c88       0x14 contiki-sky.a(uip-icmp6.o)
 .bss           0x0000000000001c9c       0x18 contiki-sky.a(uip-ds6.o)
 .bss           0x0000000000001cb4      0x2e2 contiki-sky.a(uip-ds6-route.o)
 .bss           0x0000000000001f96        0xc contiki-sky.a(uip6.o)
                0x0000000000001f96                uip_ext_opt_offset
                0x0000000000001f98                uip_ext_len
                0x0000000000001f9a                uip_ext_bitmap
 .bss           0x0000000000001fa2      0x120 contiki-sky.a(uip-ds6-nbr.o)
 .bss           0x00000000000020c2        0x8 contiki-sky.a(uip-nd6.o)
 .bss           0x00000000000020ca      0x6e6 contiki-sky.a(sicslowpan.o)
 .bss           0x00000000000027b0        0x4 contiki-sky.a(tcp-socket.o)
 .bss           0x00000000000027b4       0x30 contiki-sky.a(tcpip.o)
 .bss           0x00000000000027e4        0x2 contiki-sky.a(rpl.o)
 .bss           0x00000000000027e6       0x60 contiki-sky.a(rpl-dag.o)
 .bss           0x0000000000002846        0x2 contiki-sky.a(framer-802154.o)
 .bss           0x0000000000002848       0xc0 contiki-sky.a(csma.o)
 .bss           0x0000000000002908      0x5a0 contiki-sky.a(queuebuf.o)
 .bss           0x0000000000002ea8       0xe4 contiki-sky.a(nbr-table.o)
 .bss           0x0000000000002f8c       0x86 contiki-sky.a(packetbuf.o)
 .bss           0x0000000000003012       0xa0 contiki-sky.a(link-stats.o)
 .bss           0x00000000000030b2       0x32 contiki-sky.a(contikimac.o)
 .bss           0x00000000000030e4        0x8 contiki-sky.a(compower.o)
 .bss           0x00000000000030ec       0x20 contiki-sky.a(rpl-nbr-policy.)
 .bss           0x000000000000310c       0x18 contiki-sky.a(rpl-timers.o)
 .bss           0x0000000000003124       0xe0 contiki-sky.a(mac-sequence.o)
 .bss           0x0000000000003204        0x4 /usr/lib/gcc/msp430/4.6.3/../../../../msp430/lib/mmpy-16/libc.a(sprintf.o)
 *(COMMON)
 COMMON         0x0000000000003208        0x1 contiki-sky.a(mqtt.o)
                0x0000000000003208                mqtt_update_event
 *fill*         0x0000000000003209        0x1 00
 COMMON         0x000000000000320a        0x2 contiki-sky.a(contiki-sky-pla)
                0x000000000000320a                sensors_flags
 COMMON         0x000000000000320c        0x8 contiki-sky.a(ds2411.o)
                0x000000000000320c                ds2411_id
 COMMON         0x0000000000003214        0x1 contiki-sky.a(sensors.o)
                0x0000000000003214                sensors_event
 *fill*         0x0000000000003215        0x1 00
 COMMON         0x0000000000003216       0x10 contiki-sky.a(cc2420.o)